I chip[BLE]: local and remote recv window sizes = 5
I chip[BLE]: selected BTP version 4
I chip[BLE]: using BTP fragment sizes rx 244 / tx 244.
I chip[DL]: Write request/command received for CHIPoBLE TX CCCD characteristic (con 0 ) indicate = 1
I chip[DL]: CHIPoBLE subscribe received
I chip[DL]: Confirm received for CHIPoBLE TX characteristic indication (con 0) status= 14 
I chip[EM]: >>> [E:26368r S:0 M:180363916] (U) Msg RX from 0:2AF9C8E0DE4A3497 [0000] to 0000000000000000 --- Type 0000:20 (SecureChannel:PBKDFParamRequest) (B:98)
I chip[EM]: <<< [E:26368r S:0 M:156409543] (U) Msg TX from 0000000000000000 to 0:2AF9C8E0DE4A3497 [0000] [BLE] --- Type 0000:21 (SecureChannel:PBKDFParamResponse) (B:154)
I chip[SVR]: Commissioning session establishment step started
I chip[DL]: Confirm received for CHIPoBLE TX characteristic indication (con 0) status= 14 
I chip[EM]: >>> [E:26368r S:0 M:180363917] (U) Msg RX from 0:2AF9C8E0DE4A3497 [0000] to 0000000000000000 --- Type 0000:22 (SecureChannel:PASE_Pake1) (B:92)
I chip[EM]: <<< [E:26368r S:0 M:156409544] (U) Msg TX from 0000000000000000 to 0:2AF9C8E0DE4A3497 [0000] [BLE] --- Type 0000:23 (SecureChannel:PASE_Pake2) (B:127)
I chip[DL]: Confirm received for CHIPoBLE TX characteristic indication (con 0) status= 14 
I chip[EM]: >>> [E:26368r S:0 M:180363918] (U) Msg RX from 0:2AF9C8E0DE4A3497 [0000] to 0000000000000000 --- Type 0000:24 (SecureChannel:PASE_Pake3) (B:59)
I chip[EM]: <<< [E:26368r S:0 M:156409545] (U) Msg TX from 0000000000000000 to 0:2AF9C8E0DE4A3497 [0000] [BLE] --- Type 0000:40 (SecureChannel:StatusReport) (B:30)
I chip[SC]: SecureSession[0x40822e98, LSID:23772]: State change 'kEstablishing' --> 'kActive'
I chip[SVR]: Commissioning completed session establishment step
I chip[DIS]: Updating services using commissioning mode 0
E chip[DIS]: Failed to remove advertised services: 3
I chip[DIS]: Advertise commission parameter vendorID=65521 productID=32768 discriminator=3840/15 cm=0 cp=0
E chip[DIS]: Failed to advertise extended commissionable node: 3
E chip[DIS]: Failed to finalize service update: 3
I chip[SVR]: Device completed Rendezvous process
I (512708) esp_clock: Matter commissioning session started
I chip[DL]: Confirm received for CHIPoBLE TX characteristic indication (con 0) status= 14 
I chip[EM]: >>> [E:26369r S:23772 M:75669745] (S) Msg RX from 0:FFFFFFFB00000000 [0000] to 0000000000000000 --- Type 0001:02 (IM:ReadRequest) (B:136)
E chip[DMG]: Fail to retrieve data, roll back and encode status on clusterId: 0x0000_0030, attributeId: 0x0000_000Cerr = 586
I chip[EM]: <<< [E:26369r S:23772 M:115012677] (S) Msg TX from 0000000000000000 to 0:FFFFFFFB00000000 [0000] [BLE] --- Type 0001:05 (IM:ReportData) (B:253)
I chip[DL]: Confirm received for CHIPoBLE TX characteristic indication (con 0) status= 14 
I chip[DL]: Confirm received for CHIPoBLE TX characteristic indication (con 0) status= 14 
I chip[EM]: >>> [E:26370r S:23772 M:75669746] (S) Msg RX from 0:FFFFFFFB00000000 [0000] to 0000000000000000 --- Type 0001:02 (IM:ReadRequest) (B:128)
E chip[DMG]: Read request on unknown cluster - no data version available
E chip[DMG]: Fail to retrieve data, roll back and encode status on clusterId: 0x0000_0046, attributeId: 0x0000_0002err = 5c3
E chip[DMG]: Read request on unknown cluster - no data version available
E chip[DMG]: Fail to retrieve data, roll back and encode status on clusterId: 0x0000_0046, attributeId: 0x0000_0001err = 5c3
E chip[DMG]: Read request on unknown cluster - no data version available
E chip[DMG]: Fail to retrieve data, roll back and encode status on clusterId: 0x0000_0046, attributeId: 0x0000_0000err = 5c3
E chip[DMG]: Read request on unknown cluster - no data version available
E chip[DMG]: Fail to retrieve data, roll back and encode status on clusterId: 0x0000_0046, attributeId: 0x0000_0007err = 5c3
E chip[DMG]: Read request on unknown cluster - no data version available
E chip[DMG]: Fail to retrieve data, roll back and encode status on clusterId: 0x0000_0046, attributeId: 0x0000_0006err = 5c3
I chip[EM]: <<< [E:26370r S:23772 M:115012678] (S) Msg TX from 0000000000000000 to 0:FFFFFFFB00000000 [0000] [BLE] --- Type 0001:05 (IM:ReportData) (B:456)
I chip[DL]: Confirm received for CHIPoBLE TX characteristic indication (con 0) status= 14 
I chip[DL]: Confirm received for CHIPoBLE TX characteristic indication (con 0) status= 14 
I chip[EM]: >>> [E:26371r S:23772 M:75669747] (S) Msg RX from 0:FFFFFFFB00000000 [0000] to 0000000000000000 --- Type 0001:02 (IM:ReadRequest) (B:73)
E chip[DMG]: Read request on unknown cluster - no data version available
E chip[DMG]: Fail to retrieve data, roll back and encode status on clusterId: 0x1349_FC00, attributeId: 0x0000_0001err = 5c3
I chip[EM]: <<< [E:26371r S:23772 M:115012679] (S) Msg TX from 0000000000000000 to 0:FFFFFFFB00000000 [0000] [BLE] --- Type 0001:05 (IM:ReportData) (B:161)
I chip[DL]: Confirm received for CHIPoBLE TX characteristic indication (con 0) status= 14 
I chip[EM]: >>> [E:26372r S:23772 M:75669748] (S) Msg RX from 0:FFFFFFFB00000000 [0000] to 0000000000000000 --- Type 0001:08 (IM:InvokeCommandRequest) (B:65)
I chip[FS]: GeneralCommissioning: Received ArmFailSafe (60s)
I chip[EM]: <<< [E:26372r S:23772 M:115012680] (S) Msg TX from 0000000000000000 to 0:FFFFFFFB00000000 [0000] [BLE] --- Type 0001:09 (IM:InvokeCommandResponse) (B:66)
I chip[DL]: Confirm received for CHIPoBLE TX characteristic indication (con 0) status= 14 
I chip[EM]: >>> [E:26373r S:23772 M:75669749] (S) Msg RX from 0:FFFFFFFB00000000 [0000] to 0000000000000000 --- Type 0001:08 (IM:InvokeCommandRequest) (B:70)
I chip[DL]: NVS set: chip-config/reg-location = 0 (0x0)
I chip[DL]: NVS set: chip-config/country-code = "US"
I chip[EM]: <<< [E:26373r S:23772 M:115012681] (S) Msg TX from 0000000000000000 to 0:FFFFFFFB00000000 [0000] [BLE] --- Type 0001:09 (IM:InvokeCommandResponse) (B:66)
I chip[DL]: Confirm received for CHIPoBLE TX characteristic indication (con 0) status= 14 
I chip[EM]: >>> [E:26374r S:23772 M:75669750] (S) Msg RX from 0:FFFFFFFB00000000 [0000] to 0000000000000000 --- Type 0001:08 (IM:InvokeCommandRequest) (B:62)
I chip[ZCL]: OpCreds: Certificate Chain request received for PAI
I chip[EM]: <<< [E:26374r S:23772 M:115012682] (S) Msg TX from 0000000000000000 to 0:FFFFFFFB00000000 [0000] [BLE] --- Type 0001:09 (IM:InvokeCommandResponse) (B:527)
I chip[DL]: Confirm received for CHIPoBLE TX characteristic indication (con 0) status= 14 
I chip[DL]: Confirm received for CHIPoBLE TX characteristic indication (con 0) status= 14 
I chip[DL]: Confirm received for CHIPoBLE TX characteristic indication (con 0) status= 14 
I chip[EM]: >>> [E:26375r S:23772 M:75669751] (S) Msg RX from 0:FFFFFFFB00000000 [0000] to 0000000000000000 --- Type 0001:08 (IM:InvokeCommandRequest) (B:62)
I chip[ZCL]: OpCreds: Certificate Chain request received for DAC
I chip[EM]: <<< [E:26375r S:23772 M:115012683] (S) Msg TX from 0000000000000000 to 0:FFFFFFFB00000000 [0000] [BLE] --- Type 0001:09 (IM:InvokeCommandResponse) (B:557)
I chip[DL]: Confirm received for CHIPoBLE TX characteristic indication (con 0) status= 14 
I chip[DL]: Confirm received for CHIPoBLE TX characteristic indication (con 0) status= 14 
I chip[DL]: Confirm received for CHIPoBLE TX characteristic indication (con 0) status= 14 
I chip[EM]: >>> [E:26376r S:23772 M:75669752] (S) Msg RX from 0:FFFFFFFB00000000 [0000] to 0000000000000000 --- Type 0001:08 (IM:InvokeCommandRequest) (B:94)
I chip[ZCL]: OpCreds: Received an AttestationRequest command
I chip[ZCL]: OpCreds: AttestationRequest successful.
I chip[EM]: <<< [E:26376r S:23772 M:115012684] (S) Msg TX from 0000000000000000 to 0:FFFFFFFB00000000 [0000] [BLE] --- Type 0001:09 (IM:InvokeCommandResponse) (B:714)
I chip[DL]: Confirm received for CHIPoBLE TX characteristic indication (con 0) status= 14 
I chip[DL]: Confirm received for CHIPoBLE TX characteristic indication (con 0) status= 14 
I chip[DL]: Confirm received for CHIPoBLE TX characteristic indication (con 0) status= 14 
I chip[EM]: >>> [E:26377r S:23772 M:75669753] (S) Msg RX from 0:FFFFFFFB00000000 [0000] to 0000000000000000 --- Type 0001:08 (IM:InvokeCommandRequest) (B:65)
I chip[FS]: GeneralCommissioning: Received ArmFailSafe (60s)
I chip[EM]: <<< [E:26377r S:23772 M:115012685] (S) Msg TX from 0000000000000000 to 0:FFFFFFFB00000000 [0000] [BLE] --- Type 0001:09 (IM:InvokeCommandResponse) (B:66)
I chip[DL]: Confirm received for CHIPoBLE TX characteristic indication (con 0) status= 14 
I chip[EM]: >>> [E:26378r S:23772 M:75669754] (S) Msg RX from 0:FFFFFFFB00000000 [0000] to 0000000000000000 --- Type 0001:08 (IM:InvokeCommandRequest) (B:94)
I chip[ZCL]: OpCreds: Received a CSRRequest command
I chip[ZCL]: OpCreds: AllocatePendingOperationalKey succeeded
I chip[ZCL]: OpCreds: CSRRequest successful.
I chip[EM]: <<< [E:26378r S:23772 M:115012686] (S) Msg TX from 0000000000000000 to 0:FFFFFFFB00000000 [0000] [BLE] --- Type 0001:09 (IM:InvokeCommandResponse) (B:372)
I chip[DL]: Confirm received for CHIPoBLE TX characteristic indication (con 0) status= 14 
I chip[DL]: Confirm received for CHIPoBLE TX characteristic indication (con 0) status= 14 
I chip[EM]: >>> [E:26379r S:23772 M:75669755] (S) Msg RX from 0:FFFFFFFB00000000 [0000] to 0000000000000000 --- Type 0001:08 (IM:InvokeCommandRequest) (B:308)
I chip[ZCL]: OpCreds: Received an AddTrustedRootCertificate command
I chip[ZCL]: OpCreds: AddTrustedRootCertificate successful.
I chip[EM]: <<< [E:26379r S:23772 M:115012687] (S) Msg TX from 0000000000000000 to 0:FFFFFFFB00000000 [0000] [BLE] --- Type 0001:09 (IM:InvokeCommandResponse) (B:63)
I chip[DL]: Confirm received for CHIPoBLE TX characteristic indication (con 0) status= 14 
I chip[EM]: >>> [E:26380r S:23772 M:75669756] (S) Msg RX from 0:FFFFFFFB00000000 [0000] to 0000000000000000 --- Type 0001:08 (IM:InvokeCommandRequest) (B:347)
I chip[ZCL]: OpCreds: Received an AddNOC command
I chip[FP]: Validating NOC chain
I chip[FP]: NOC chain validation successful
I chip[FP]: Added new fabric at index: 0x1
I chip[FP]: Assigned compressed fabric ID: 0x11166AD2C3262286, node ID: 0x00000000EA5DF6B8
I chip[TS]: Last Known Good Time: 2026-01-25T02:07:39
I chip[TS]: New proposed Last Known Good Time: 2026-01-25T03:44:22
I chip[TS]: Updating pending Last Known Good Time to 2026-01-25T03:44:22
I chip[ZCL]: OpCreds: ACL entry created for Fabric index 0x1 CASE Admin Subject 0x00000000DB4609DC
I chip[DIS]: Advertise operational node 11166AD2C3262286-00000000EA5DF6B8
E chip[SVR]: Operational advertising failed: 3
I chip[ZCL]: OpCreds: successfully created fabric index 0x1 via AddNOC
I chip[EM]: <<< [E:26380r S:23772 M:115012688] (S) Msg TX from 0000000000000000 to 1:FFFFFFFB00000000 [2286] [BLE] --- Type 0001:09 (IM:InvokeCommandResponse) (B:66)
I chip[DL]: Confirm received for CHIPoBLE TX characteristic indication (con 0) status= 14 
I chip[EM]: >>> [E:26381r S:23772 M:75669757] (S) Msg RX from 1:FFFFFFFB00000000 [2286] to 0000000000000000 --- Type 0001:08 (IM:InvokeCommandRequest) (B:172)
I chip[EM]: <<< [E:26381r S:23772 M:115012689] (S) Msg TX from 0000000000000000 to 1:FFFFFFFB00000000 [2286] [BLE] --- Type 0001:09 (IM:InvokeCommandResponse) (B:66)
I chip[DL]: Confirm received for CHIPoBLE TX characteristic indication (con 0) status= 14 
I chip[EM]: >>> [E:26382r S:23772 M:75669758] (S) Msg RX from 1:FFFFFFFB00000000 [2286] to 0000000000000000 --- Type 0001:08 (IM:InvokeCommandRequest) (B:65)
I chip[FS]: GeneralCommissioning: Received ArmFailSafe (77s)
I chip[EM]: <<< [E:26382r S:23772 M:115012690] (S) Msg TX from 0000000000000000 to 1:FFFFFFFB00000000 [2286] [BLE] --- Type 0001:09 (IM:InvokeCommandResponse) (B:66)
I chip[DL]: Confirm received for CHIPoBLE TX characteristic indication (con 0) status= 14 
I chip[EM]: >>> [E:26383r S:23772 M:75669759] (S) Msg RX from 1:FFFFFFFB00000000 [2286] to 0000000000000000 --- Type 0001:08 (IM:InvokeCommandRequest) (B:73)
I chip[DL]: Posting ESPSystemEvent: IP Event with eventId : 3
I chip[DL]: Posting ESPSystemEvent: IP Event with eventId : 3
I chip[DL]: Posting ESPSystemEvent: IP Event with eventId : 3
I chip[DL]: Posting ESPSystemEvent: IP Event with eventId : 3
I chip[DL]: Updating advertising data
I (516640) esp_clock: RTC 19:44 (PM) | Display 07:44 | Temp 67.4 F | RH 53.2%
I chip[DL]: Confirm received for CHIPoBLE TX characteristic indication (con 0) status= 14 
I (521654) esp_clock: RTC 19:44 (PM) | Display 07:44 | Temp 67.4 F | RH 53.3%
I chip[DL]: Confirm received for CHIPoBLE TX characteristic indication (con 0) status= 14 
E (526662) esp_matter_attribute: Error updating Endpoint 0x0003's Cluster 0x0000005B's Attribute 0x00000000 to matter: 0x1
I (526664) esp_clock: RTC 19:44 (PM) | Display 07:44 | Temp 67.4 F | RH 53.4%
I chip[DL]: Confirm received for CHIPoBLE TX characteristic indication (con 0) status= 14 
I chip[DL]: SRP Client was started, detected server: fd7f:4975:d3c5:0000:0000:00ff:fe00:fc11
I chip[DL]: Posting ESPSystemEvent: IP Event with eventId : 3
I chip[DL]: Posting ESPSystemEvent: IP Event with eventId : 3
I chip[EM]: <<< [E:26383r S:23772 M:115012691] (S) Msg TX from 0000000000000000 to 1:FFFFFFFB00000000 [2286] [BLE] --- Type 0001:09 (IM:InvokeCommandResponse) (B:65)
I chip[DIS]: Advertise operational node 11166AD2C3262286-00000000EA5DF6B8
E chip[SVR]: Operational advertising failed: 3
I chip[DL]: Confirm received for CHIPoBLE TX characteristic indication (con 0) status= 14 
I chip[SVR]: Server initialization complete
I chip[DIS]: Updating services using commissioning mode 0
I chip[DIS]: Advertise operational node 11166AD2C3262286-00000000EA5DF6B8
I chip[DL]: advertising srp service: 11166AD2C3262286-00000000EA5DF6B8._matter._tcp
I chip[DIS]: Advertise commission parameter vendorID=65521 productID=32768 discriminator=3840/15 cm=0 cp=0
I chip[DL]: advertising srp service: F3A7444078BD26BF._matterc._udp
I chip[IM]: No subscriptions to resume
I chip[EM]: >>> [E:26384r S:0 M:180363919] (U) Msg RX from 0:13548F6325150501 [0000] to 0000000000000000 --- Type 0000:30 (SecureChannel:CASE_Sigma1) (B:196)
I chip[IN]: CASE Server received Sigma1 message . Starting handshake. EC 0x408248c8
I chip[EM]: <<< [E:26384r S:0 M:156409546 (Ack:180363919)] (U) Msg TX from 0000000000000000 to 0:13548F6325150501 [0000] [UDP:[FD7F:4975:D3C5:4F0A:412:E6FF:A34D:FF0F]:55804] --- Type 0000:10 (SecureChannel:StandaloneAck) (B:26)
I chip[SC]: Received Sigma1 msg
I chip[SC]: CASE matched destination ID: fabricIndex 1, NodeID 0x00000000EA5DF6B8
I chip[EM]: <<< [E:26384r S:0 M:156409547 (Ack:180363919)] (U) Msg TX from 0000000000000000 to 0:13548F6325150501 [0000] [UDP:[FD7F:4975:D3C5:4F0A:412:E6FF:A34D:FF0F]:55804] --- Type 0000:31 (SecureChannel:CASE_Sigma2) (B:529)
I chip[EM]: ??1 [E:26384r S:0 M:156409547] (U) Msg Retransmission to 0:0000000000000000 scheduled for 870ms from now [State:Active II:500 AI:300 AT:4000]
I chip[SC]: Sent Sigma2 msg
I chip[EM]: <<1 [E:26384r S:0 M:156409547] (U) Msg Retransmission to 0:0000000000000000
I chip[EM]: ??2 [E:26384r S:0 M:156409547] (U) Msg Retransmission to 0:0000000000000000 scheduled for 845ms from now [State:Active II:500 AI:300 AT:4000]
I chip[EM]: >>> [E:26384r S:0 M:180363919] (U) Msg RX from 0:13548F6325150501 [0000] to 0000000000000000 --- Type 0000:30 (SecureChannel:CASE_Sigma1) (B:196)
I chip[EM]: <<< [E:26384r S:0 M:156409548 (Ack:180363919)] (U) Msg TX from 0000000000000000 to 0:13548F6325150501 [0000] [UDP:[FD7F:4975:D3C5:4F0A:412:E6FF:A34D:FF0F]:55804] --- Type 0000:10 (SecureChannel:StandaloneAck) (B:26)
I (531678) esp_clock: RTC 19:44 (PM) | Display 07:44 | Temp 67.4 F | RH 53.5%
I chip[EM]: <<2 [E:26384r S:0 M:156409547] (U) Msg Retransmission to 0:0000000000000000
I chip[EM]: ??3 [E:26384r S:0 M:156409547] (U) Msg Retransmission to 0:0000000000000000 scheduled for 1039ms from now [State:Active II:500 AI:300 AT:4000]
I chip[EM]: >>> [E:26384r S:0 M:180363919] (U) Msg RX from 0:13548F6325150501 [0000] to 0000000000000000 --- Type 0000:30 (SecureChannel:CASE_Sigma1) (B:196)
I chip[EM]: <<< [E:26384r S:0 M:156409549 (Ack:180363919)] (U) Msg TX from 0000000000000000 to 0:13548F6325150501 [0000] [UDP:[FD7F:4975:D3C5:4F0A:412:E6FF:A34D:FF0F]:55804] --- Type 0000:10 (SecureChannel:StandaloneAck) (B:26)
I chip[EM]: <<3 [E:26384r S:0 M:156409547] (U) Msg Retransmission to 0:0000000000000000
I chip[EM]: ??4 [E:26384r S:0 M:156409547] (U) Msg Retransmission to 0:0000000000000000 scheduled for 1344ms from now [State:Active II:500 AI:300 AT:4000]
I chip[DL]: Confirm received for CHIPoBLE TX characteristic indication (con 0) status= 14 
I chip[EM]: >>> [E:26384r S:0 M:180363919] (U) Msg RX from 0:13548F6325150501 [0000] to 0000000000000000 --- Type 0000:30 (SecureChannel:CASE_Sigma1) (B:196)
I chip[EM]: <<< [E:26384r S:0 M:156409550 (Ack:180363919)] (U) Msg TX from 0000000000000000 to 0:13548F6325150501 [0000] [UDP:[FD7F:4975:D3C5:4F0A:412:E6FF:A34D:FF0F]:55804] --- Type 0000:10 (SecureChannel:StandaloneAck) (B:26)
I chip[EM]: <<4 [E:26384r S:0 M:156409547] (U) Msg Retransmission to 0:0000000000000000
I chip[EM]: ??5 [E:26384r S:0 M:156409547] (U) Msg Retransmission to 0:0000000000000000 scheduled for 2043ms from now [State:Active II:500 AI:300 AT:4000]
E chip[EM]: <<5 [E:26384r S:0 M:156409547] (U) Msg Retransmission to 0:0000000000000000 failure (max retries:4)
I chip[EM]: >>> [E:26384r S:0 M:180363919] (U) Msg RX from 0:13548F6325150501 [0000] to 0000000000000000 --- Type 0000:30 (SecureChannel:CASE_Sigma1) (B:196)
I chip[EM]: <<< [E:26384r S:0 M:156409551 (Ack:180363919)] (U) Msg TX from 0000000000000000 to 0:13548F6325150501 [0000] [UDP:[FD7F:4975:D3C5:4F0A:412:E6FF:A34D:FF0F]:55804] --- Type 0000:10 (SecureChannel:StandaloneAck) (B:26)
I (536693) esp_clock: RTC 19:44 (PM) | Display 07:44 | Temp 67.3 F | RH 53.5%
I chip[DL]: Confirm received for CHIPoBLE TX characteristic indication (con 0) status= 14 
E (541703) esp_matter_attribute: Error updating Endpoint 0x0003's Cluster 0x0000005B's Attribute 0x00000000 to matter: 0x1
I (541705) esp_clock: RTC 19:44 (PM) | Display 07:44 | Temp 67.4 F | RH 53.6%
I chip[DL]: Confirm received for CHIPoBLE TX characteristic indication (con 0) status= 14 
I (546718) esp_clock: RTC 19:44 (PM) | Display 07:44 | Temp 67.4 F | RH 53.6%
I chip[EM]: >>> [E:26385r S:23772 M:75669760] (S) Msg RX from 1:FFFFFFFB00000000 [2286] to 0000000000000000 --- Type 0001:08 (IM:InvokeCommandRequest) (B:65)
I chip[FS]: GeneralCommissioning: Received ArmFailSafe (75s)
I chip[EM]: <<< [E:26385r S:23772 M:115012692] (S) Msg TX from 0000000000000000 to 1:FFFFFFFB00000000 [2286] [BLE] --- Type 0001:09 (IM:InvokeCommandResponse) (B:66)
I chip[DL]: Confirm received for CHIPoBLE TX characteristic indication (con 0) status= 14 
I chip[EM]: >>> [E:26386r S:0 M:180363920] (U) Msg RX from 0:042A1F26BA7F28A9 [0000] to 0000000000000000 --- Type 0000:30 (SecureChannel:CASE_Sigma1) (B:196)
I chip[IN]: Already in the middle of CASE handshake, sending busy status report
I chip[IN]: Sending status report, exchange 26386r
I chip[EM]: <<< [E:26386r S:0 M:156409552 (Ack:180363920)] (U) Msg TX from 0000000000000000 to 0:042A1F26BA7F28A9 [0000] [UDP:[FD7F:4975:D3C5:4F0A:412:E6FF:A34D:FF0F]:55804] --- Type 0000:40 (SecureChannel:StatusReport) (B:36)
I chip[EM]: ??1 [E:26386r S:0 M:156409552] (U) Msg Retransmission to 0:0000000000000000 scheduled for 830ms from now [State:Active II:500 AI:300 AT:4000]
I chip[EM]: <<1 [E:26386r S:0 M:156409552] (U) Msg Retransmission to 0:0000000000000000
I chip[EM]: ??2 [E:26386r S:0 M:156409552] (U) Msg Retransmission to 0:0000000000000000 scheduled for 876ms from now [State:Active II:500 AI:300 AT:4000]
I chip[EM]: >>> [E:26386r S:0 M:180363920] (U) Msg RX from 0:042A1F26BA7F28A9 [0000] to 0000000000000000 --- Type 0000:30 (SecureChannel:CASE_Sigma1) (B:196)
I chip[EM]: <<< [E:26386r S:0 M:156409553 (Ack:180363920)] (U) Msg TX from 0000000000000000 to 0:042A1F26BA7F28A9 [0000] [UDP:[FD7F:4975:D3C5:4F0A:412:E6FF:A34D:FF0F]:55804] --- Type 0000:10 (SecureChannel:StandaloneAck) (B:26)
I chip[EM]: <<2 [E:26386r S:0 M:156409552] (U) Msg Retransmission to 0:0000000000000000
I chip[EM]: ??3 [E:26386r S:0 M:156409552] (U) Msg Retransmission to 0:0000000000000000 scheduled for 1095ms from now [State:Active II:500 AI:300 AT:4000]
I chip[EM]: >>> [E:26386r S:0 M:180363920] (U) Msg RX from 0:042A1F26BA7F28A9 [0000] to 0000000000000000 --- Type 0000:30 (SecureChannel:CASE_Sigma1) (B:196)
I chip[EM]: <<< [E:26386r S:0 M:156409554 (Ack:180363920)] (U) Msg TX from 0000000000000000 to 0:042A1F26BA7F28A9 [0000] [UDP:[FD7F:4975:D3C5:4F0A:412:E6FF:A34D:FF0F]:55804] --- Type 0000:10 (SecureChannel:StandaloneAck) (B:26)
I chip[EM]: <<3 [E:26386r S:0 M:156409552] (U) Msg Retransmission to 0:0000000000000000
I chip[EM]: ??4 [E:26386r S:0 M:156409552] (U) Msg Retransmission to 0:0000000000000000 scheduled for 1499ms from now [State:Active II:500 AI:300 AT:4000]
I (551733) esp_clock: RTC 19:44 (PM) | Display 07:44 | Temp 67.4 F | RH 53.7%
I chip[EM]: >>> [E:26386r S:0 M:180363920] (U) Msg RX from 0:042A1F26BA7F28A9 [0000] to 0000000000000000 --- Type 0000:30 (SecureChannel:CASE_Sigma1) (B:196)
I chip[EM]: <<< [E:26386r S:0 M:156409555 (Ack:180363920)] (U) Msg TX from 0000000000000000 to 0:042A1F26BA7F28A9 [0000] [UDP:[FD7F:4975:D3C5:4F0A:412:E6FF:A34D:FF0F]:55804] --- Type 0000:10 (SecureChannel:StandaloneAck) (B:26)
I chip[DL]: Confirm received for CHIPoBLE TX characteristic indication (con 0) status= 14 
I chip[EM]: <<4 [E:26386r S:0 M:156409552] (U) Msg Retransmission to 0:0000000000000000
I chip[EM]: ??5 [E:26386r S:0 M:156409552] (U) Msg Retransmission to 0:0000000000000000 scheduled for 1968ms from now [State:Active II:500 AI:300 AT:4000]
E chip[EM]: <<5 [E:26386r S:0 M:156409552] (U) Msg Retransmission to 0:0000000000000000 failure (max retries:4)
I chip[EM]: >>> [E:26386r S:0 M:180363920] (U) Msg RX from 0:042A1F26BA7F28A9 [0000] to 0000000000000000 --- Type 0000:30 (SecureChannel:CASE_Sigma1) (B:196)
I chip[EM]: <<< [E:26386r S:0 M:156409556 (Ack:180363920)] (U) Msg TX from 0000000000000000 to 0:042A1F26BA7F28A9 [0000] [UDP:[FD7F:4975:D3C5:4F0A:412:E6FF:A34D:FF0F]:55804] --- Type 0000:10 (SecureChannel:StandaloneAck) (B:26)
E (556744) esp_matter_attribute: Error updating Endpoint 0x0003's Cluster 0x0000005B's Attribute 0x00000000 to matter: 0x1
I (556746) esp_clock: RTC 19:44 (PM) | Display 07:44 | Temp 67.4 F | RH 53.8%
I chip[DL]: Confirm received for CHIPoBLE TX characteristic indication (con 0) status= 14 
I (561760) esp_clock: RTC 19:44 (PM) | Display 07:44 | Temp 67.4 F | RH 53.8%
I chip[DL]: Confirm received for CHIPoBLE TX characteristic indication (con 0) status= 14 
I chip[EM]: >>> [E:26387r S:23772 M:75669761] (S) Msg RX from 1:FFFFFFFB00000000 [2286] to 0000000000000000 --- Type 0001:08 (IM:InvokeCommandRequest) (B:65)
I chip[FS]: GeneralCommissioning: Received ArmFailSafe (114s)
I chip[EM]: <<< [E:26387r S:23772 M:115012693] (S) Msg TX from 0000000000000000 to 1:FFFFFFFB00000000 [2286] [BLE] --- Type 0001:09 (IM:InvokeCommandResponse) (B:66)
I chip[DL]: Confirm received for CHIPoBLE TX characteristic indication (con 0) status= 14 
I (566775) esp_clock: RTC 19:45 (PM) | Display 07:45 | Temp 67.4 F | RH 53.9%
I chip[DL]: Confirm received for CHIPoBLE TX characteristic indication (con 0) status= 14 
E (571783) esp_matter_attribute: Error updating Endpoint 0x0003's Cluster 0x0000005B's Attribute 0x00000000 to matter: 0x1
I (571785) esp_clock: RTC 19:45 (PM) | Display 07:45 | Temp 67.4 F | RH 53.9%
I chip[DL]: Confirm received for CHIPoBLE TX characteristic indication (con 0) status= 14 
I (576798) esp_clock: RTC 19:45 (PM) | Display 07:45 | Temp 67.4 F | RH 53.9%
E chip[SC]: CASESession timed out while waiting for a response from peer <0000000000000000, 1>. Current state was 2
E chip[IN]: CASE Session establishment failed: 32
I chip[DL]: Confirm received for CHIPoBLE TX characteristic indication (con 0) status= 14 
I (581813) esp_clock: RTC 19:45 (PM) | Display 07:45 | Temp 67.4 F | RH 53.9%
I chip[DL]: Confirm received for CHIPoBLE TX characteristic indication (con 0) status= 14 
E (586823) esp_matter_attribute: Error updating Endpoint 0x0003's Cluster 0x0000005B's Attribute 0x00000000 to matter: 0x1
I (586825) esp_clock: RTC 19:45 (PM) | Display 07:45 | Temp 67.4 F | RH 53.9%
I chip[DL]: Confirm received for CHIPoBLE TX characteristic indication (con 0) status= 14 
I (591838) esp_clock: RTC 19:45 (PM) | Display 07:45 | Temp 67.4 F | RH 54.0%
I chip[DL]: Confirm received for CHIPoBLE TX characteristic indication (con 0) status= 14 
I (596853) esp_clock: RTC 19:45 (PM) | Display 07:45 | Temp 67.4 F | RH 54.0%
I chip[DL]: Confirm received for CHIPoBLE TX characteristic indication (con 0) status= 14 
E (601868) esp_matter_attribute: Error updating Endpoint 0x0003's Cluster 0x0000005B's Attribute 0x00000000 to matter: 0x1
I (601870) esp_clock: RTC 19:45 (PM) | Display 07:45 | Temp 67.4 F | RH 54.1%
I chip[DL]: Confirm received for CHIPoBLE TX characteristic indication (con 0) status= 14 
I (606885) esp_clock: RTC 19:45 (PM) | Display 07:45 | Temp 67.4 F | RH 54.1%
I chip[EM]: >>> [E:26388r S:0 M:180363921] (U) Msg RX from 0:5648D7A852DC66D9 [0000] to 0000000000000000 --- Type 0000:30 (SecureChannel:CASE_Sigma1) (B:196)
I chip[IN]: CASE Server received Sigma1 message . Starting handshake. EC 0x408248c8
I chip[EM]: <<< [E:26388r S:0 M:156409557 (Ack:180363921)] (U) Msg TX from 0000000000000000 to 0:5648D7A852DC66D9 [0000] [UDP:[FD7F:4975:D3C5:4F0A:412:E6FF:A34D:FF0F]:55804] --- Type 0000:10 (SecureChannel:StandaloneAck) (B:26)
I chip[SC]: Received Sigma1 msg
I chip[SC]: CASE matched destination ID: fabricIndex 1, NodeID 0x00000000EA5DF6B8
I chip[EM]: <<< [E:26388r S:0 M:156409558 (Ack:180363921)] (U) Msg TX from 0000000000000000 to 0:5648D7A852DC66D9 [0000] [UDP:[FD7F:4975:D3C5:4F0A:412:E6FF:A34D:FF0F]:55804] --- Type 0000:31 (SecureChannel:CASE_Sigma2) (B:529)
I chip[EM]: ??1 [E:26388r S:0 M:156409558] (U) Msg Retransmission to 0:0000000000000000 scheduled for 902ms from now [State:Active II:500 AI:300 AT:4000]
I chip[SC]: Sent Sigma2 msg
I chip[EM]: >>> [E:26388r S:0 M:180363921] (U) Msg RX from 0:5648D7A852DC66D9 [0000] to 0000000000000000 --- Type 0000:30 (SecureChannel:CASE_Sigma1) (B:196)
I chip[EM]: <<< [E:26388r S:0 M:156409559 (Ack:180363921)] (U) Msg TX from 0000000000000000 to 0:5648D7A852DC66D9 [0000] [UDP:[FD7F:4975:D3C5:4F0A:412:E6FF:A34D:FF0F]:55804] --- Type 0000:10 (SecureChannel:StandaloneAck) (B:26)
I chip[EM]: <<1 [E:26388r S:0 M:156409558] (U) Msg Retransmission to 0:0000000000000000
I chip[EM]: ??2 [E:26388r S:0 M:156409558] (U) Msg Retransmission to 0:0000000000000000 scheduled for 888ms from now [State:Active II:500 AI:300 AT:4000]
I chip[EM]: <<2 [E:26388r S:0 M:156409558] (U) Msg Retransmission to 0:0000000000000000
I chip[EM]: ??3 [E:26388r S:0 M:156409558] (U) Msg Retransmission to 0:0000000000000000 scheduled for 1097ms from now [State:Active II:500 AI:300 AT:4000]
I chip[EM]: >>> [E:26388r S:0 M:180363921] (U) Msg RX from 0:5648D7A852DC66D9 [0000] to 0000000000000000 --- Type 0000:30 (SecureChannel:CASE_Sigma1) (B:196)
I chip[EM]: <<< [E:26388r S:0 M:156409560 (Ack:180363921)] (U) Msg TX from 0000000000000000 to 0:5648D7A852DC66D9 [0000] [UDP:[FD7F:4975:D3C5:4F0A:412:E6FF:A34D:FF0F]:55804] --- Type 0000:10 (SecureChannel:StandaloneAck) (B:26)
I chip[EM]: <<3 [E:26388r S:0 M:156409558] (U) Msg Retransmission to 0:0000000000000000
I chip[EM]: ??4 [E:26388r S:0 M:156409558] (U) Msg Retransmission to 0:0000000000000000 scheduled for 1525ms from now [State:Active II:500 AI:300 AT:4000]
I chip[EM]: >>> [E:26388r S:0 M:180363921] (U) Msg RX from 0:5648D7A852DC66D9 [0000] to 0000000000000000 --- Type 0000:30 (SecureChannel:CASE_Sigma1) (B:196)
I chip[EM]: <<< [E:26388r S:0 M:156409561 (Ack:180363921)] (U) Msg TX from 0000000000000000 to 0:5648D7A852DC66D9 [0000] [UDP:[FD7F:4975:D3C5:4F0A:412:E6FF:A34D:FF0F]:55804] --- Type 0000:10 (SecureChannel:StandaloneAck) (B:26)
I chip[EM]: <<4 [E:26388r S:0 M:156409558] (U) Msg Retransmission to 0:0000000000000000
I chip[EM]: ??5 [E:26388r S:0 M:156409558] (U) Msg Retransmission to 0:0000000000000000 scheduled for 2005ms from now [State:Active II:500 AI:300 AT:4000]
I chip[DL]: Confirm received for CHIPoBLE TX characteristic indication (con 0) status= 14 
I (611905) esp_clock: RTC 19:45 (PM) | Display 07:45 | Temp 67.4 F | RH 54.1%
I chip[EM]: >>> [E:26388r S:0 M:180363921] (U) Msg RX from 0:5648D7A852DC66D9 [0000] to 0000000000000000 --- Type 0000:30 (SecureChannel:CASE_Sigma1) (B:196)
I chip[EM]: <<< [E:26388r S:0 M:156409562 (Ack:180363921)] (U) Msg TX from 0000000000000000 to 0:5648D7A852DC66D9 [0000] [UDP:[FD7F:4975:D3C5:4F0A:412:E6FF:A34D:FF0F]:55804] --- Type 0000:10 (SecureChannel:StandaloneAck) (B:26)
E chip[EM]: <<5 [E:26388r S:0 M:156409558] (U) Msg Retransmission to 0:0000000000000000 failure (max retries:4)
I chip[DL]: Confirm received for CHIPoBLE TX characteristic indication (con 0) status= 14 
E (616915) esp_matter_attribute: Error updating Endpoint 0x0003's Cluster 0x0000005B's Attribute 0x00000000 to matter: 0x1
I (616917) esp_clock: RTC 19:45 (PM) | Display 07:45 | Temp 67.4 F | RH 54.2%
I chip[DL]: Confirm received for CHIPoBLE TX characteristic indication (con 0) status= 14 
I (621932) esp_clock: RTC 19:45 (PM) | Display 07:45 | Temp 67.4 F | RH 54.1%
I chip[DL]: Confirm received for CHIPoBLE TX characteristic indication (con 0) status= 14 
I (626947) esp_clock: RTC 19:46 (PM) | Display 07:46 | Temp 67.4 F | RH 54.1%
I chip[DL]: Confirm received for CHIPoBLE TX characteristic indication (con 0) status= 14 
E (631955) esp_matter_attribute: Error updating Endpoint 0x0003's Cluster 0x0000005B's Attribute 0x00000000 to matter: 0x1
I (631957) esp_clock: RTC 19:46 (PM) | Display 07:46 | Temp 67.4 F | RH 54.1%
I chip[DL]: Confirm received for CHIPoBLE TX characteristic indication (con 0) status= 14 
I (636972) esp_clock: RTC 19:46 (PM) | Display 07:46 | Temp 67.4 F | RH 54.1%

