I (23) boot: ESP-IDF v5.5.2-227-g913c2b4f10 2nd stage bootloader
I (23) boot: compile time Jan 24 2026 20:01:12
I (24) boot: chip revision: v0.1
I (24) boot: efuse block revision: v0.3
I (24) qio_mode: Enabling default flash chip QIO
I (24) boot.esp32c6: SPI Speed      : 80MHz
I (25) boot.esp32c6: SPI Mode       : QIO
I (25) boot.esp32c6: SPI Flash Size : 4MB
I (25) boot: Enabling RNG early entropy source...
I (26) boot: Partition Table:
I (26) boot: ## Label            Usage          Type ST Offset   Length
I (26) boot:  0 esp_secure_cert  unknown          3f 06 0000d000 00002000
I (27) boot:  1 nvs              WiFi data        01 02 00010000 0000c000
I (27) boot:  2 nvs_keys         NVS keys         01 04 0001c000 00001000
I (28) boot:  3 phy_init         RF data          01 01 0001d000 00001000
I (28) boot:  4 factory          factory app      00 00 00020000 003d0000
I (29) boot:  5 ot               WiFi data        01 02 003f0000 00006000
I (29) boot: End of partition table
I (30) esp_image: segment 0: paddr=00020020 vaddr=42190020 size=3bcbch (244924) map
I (74) esp_image: segment 1: paddr=0005bce4 vaddr=40800000 size=04334h ( 17204) load
I (79) esp_image: segment 2: paddr=00060020 vaddr=42000020 size=183128h (1585448) map
I (363) esp_image: segment 3: paddr=001e3150 vaddr=40804334 size=1a0a0h (106656) load
I (391) boot: Loaded app from partition at offset 0x20000
I (392) boot: Disabling RNG early entropy source...
I (393) cpu_start: Unicore app
I (401) cpu_start: Pro cpu start user code
I (401) cpu_start: cpu freq: 160000000 Hz
I (402) app_init: Application information:
I (402) app_init: Project name:     esp_clock
I (402) app_init: App version:      890f927-dirty
I (402) app_init: Compile time:     Jan 24 2026 19:58:21
I (402) app_init: ELF file SHA256:  c55effc61...
I (403) app_init: ESP-IDF:          v5.5.2-227-g913c2b4f10
I (403) efuse_init: Min chip rev:     v0.0
I (403) efuse_init: Max chip rev:     v0.99 
I (403) efuse_init: Chip rev:         v0.1
I (404) heap_init: Initializing. RAM available for dynamic allocation:
I (404) heap_init: At 40836F00 len 00045710 (277 KiB): RAM
I (404) heap_init: At 4087C610 len 00002F54 (11 KiB): RAM
I (404) heap_init: At 50000000 len 00003FE8 (15 KiB): RTCRAM
I (405) spi_flash: detected chip: generic
I (405) spi_flash: flash io: qio
I (407) sleep_gpio: Configure to isolate all GPIO pins in sleep state
I (408) sleep_gpio: Enable automatic switching of GPIO sleep configuration
I (408) main_task: Started on CPU0
I (408) main_task: Calling app_main()
esp_clock: printf path OK
I (419) esp_clock: esp_clock log path OK
I (425) esp_clock: OT NVS partition ready
I (426) esp_clock: OpenThread platform config set
E (426) OPENTHREAD: otPlatSettingsGet(158): OT NVS handle is invalid.
W (426) esp_clock: Thread dataset not commissioned; erased persistent info (0)
E (426) OPENTHREAD: otPlatSettingsGet(158): OT NVS handle is invalid.
I (427) esp_clock: Thread state (boot): role=disabled commissioned=no rloc16=0x0000
I (427) esp_clock: Thread addr (boot): link-local=0:0:0:0:0:0:0:0
I (427) esp_clock: Thread addr (boot): mesh-local=0:0:0:0:0:0:0:0
I (427) esp_clock: Thread addr (boot): rloc=0:0:0:0:0:0:0:0
I (442) esp_clock: RTC status OK (OSF=0)
I chip[DL]: NVS set: chip-counters/reboot-count = 1 (0x1)
I chip[DL]: NVS set: chip-config/unique-id = "C8F9E369AA746E1C"
I chip[DL]: Real time clock set to 946684800 (1999-12-31 16:00:00 UTC)
I (459) BLE_INIT: Using main XTAL as clock source, chip ver: 1
I (459) BLE_INIT: ble controller commit:[b6027ae]
I (460) OPENTHREAD: Host connection mode none
I (460) phy_init: phy_version 343,b513b46,Nov 14 2025,16:34:12
W (460) phy_init: failed to load RF calibration data (0x1102), falling back to full calibration
I (469) BLE_INIT: Bluetooth MAC: e4:b3:23:ad:89:d6
I (535) phy_init: Saving new calibration data due to checksum failure or outdated calibration data, mode(2)
I (545) phy: libbtbb version: c493933, Nov 14 2025, 16:34:25
I (550) NimBLE: GAP procedure initiated: stop advertising.

I (551) CHIP[DL]: BLE host-controller synced
I (558) OPENTHREAD: OpenThread attached to netif
I chip[DL]: OpenThread started: OK
I chip[DL]: Setting OpenThread device type to ROUTER
I chip[SVR]: Initializing subscription resumption storage...
I chip[SVR]: Server initializing...
I chip[TS]: Last Known Good Time: [unknown]
I chip[TS]: Setting Last Known Good Time to firmware build time 2026-01-25T04:33:35
I chip[DMG]: AccessControl: initializing
I chip[DMG]: Examples::AccessControlDelegate::Init
I chip[DMG]: AccessControl: setting
I chip[DMG]: DefaultAclStorage: initializing
I chip[DMG]: DefaultAclStorage: 0 entries loaded
I chip[SVR]: WARNING: mTestEventTriggerDelegate is null
I chip[ZCL]: Using ZAP configuration...
I (1063) esp_matter_cluster: Cluster plugin init common callback
I chip[DMG]: AccessControlCluster: initializing
I chip[ZCL]: WRITE ERR: ep 0 clus 0x0000_0030 attr 0x0000_0000 not supported
I chip[DIS]: Updating services using commissioning mode 1
E chip[DIS]: Failed to remove advertised services: 3
I chip[DIS]: Advertise commission parameter vendorID=65521 productID=32768 discriminator=3840/15 cm=1 cp=0
E chip[DIS]: Failed to advertise commissionable node: 3
E chip[DIS]: Failed to finalize service update: 3
I chip[IN]: CASE Server enabling CASE session setups
I chip[SVR]: Joining Multicast groups
I chip[SVR]: Server Listening...
I (1068) esp_matter_attribute: ********** R : Endpoint 0x0000's Cluster 0x0000003C's Attribute 0x0000FFFC is 0 **********
I (1069) data_model: Dynamic endpoint 0 added
I (1069) esp_matter_attribute: ********** R : Endpoint 0x0001's Cluster 0x00000003's Attribute 0x00000001 is 2 **********
I (1070) data_model: Dynamic endpoint 1 added
I (1070) esp_matter_attribute: ********** R : Endpoint 0x0002's Cluster 0x00000003's Attribute 0x00000001 is 2 **********
I (1071) data_model: Dynamic endpoint 2 added
I (1071) esp_matter_attribute: ********** R : Endpoint 0x0003's Cluster 0x00000003's Attribute 0x00000001 is 2 **********
I (1071) data_model: Dynamic endpoint 3 added
I (1073) data_model: Cannot find minimum unused endpoint_id, try to find in the previous namespace
I (1073) data_model: Failed to open node namespace
I chip[DL]: Configuring CHIPoBLE advertising (interval 25 ms, connectable)
I (1074) NimBLE: GAP procedure initiated: advertise; 
I (1074) NimBLE: disc_mode=2
I (1074) NimBLE:  adv_channel_map=0 own_addr_type=1 adv_filter_policy=0 adv_itvl_min=40 adv_itvl_max=40
I (1074) NimBLE: 

I (1075) esp_clock: Matter started (temp=1 hum=2 air=3)
I chip[DL]: CHIPoBLE advertising started
I (1077) esp_clock: display host=SPI2 MOSI=18 SCK=19 LATCH=20 CA1=0 CA2=1 CA3=2 CA4=21
I (1078) esp_clock: display page period = 2500 us (frame 100.0 Hz)
I (1079) main_task: Returned from app_main()
I (5542) esp_clock: RTC 20:41 (PM) | Display 08:41 | Temp 67.2 F | RH 56.3%
I (10555) esp_clock: RTC 20:41 (PM) | Display 08:41 | Temp 68.2 F | RH 53.6%
I (15562) esp_matter_attribute: ********** R : Endpoint 0x0001's Cluster 0x00000402's Attribute 0x00000000 is null **********
I (15562) esp_matter_attribute: ********** W : Endpoint 0x0001's Cluster 0x00000402's Attribute 0x00000000 is 2023 **********
I (15563) esp_matter_attribute: ********** R : Endpoint 0x0002's Cluster 0x00000405's Attribute 0x00000000 is null **********
I (15563) esp_matter_attribute: ********** W : Endpoint 0x0002's Cluster 0x00000405's Attribute 0x00000000 is 5272 **********
I (15564) esp_matter_attribute: ********** R : Endpoint 0x0003's Cluster 0x0000040D's Attribute 0x00000000 is null **********
I (15564) esp_matter_attribute: ********** W : Endpoint 0x0003's Cluster 0x0000040D's Attribute 0x00000000 is 500.000000 **********
I (15566) esp_clock: RTC 20:41 (PM) | Display 08:41 | Temp 68.4 F | RH 52.7%
I (20578) esp_clock: RTC 20:41 (PM) | Display 08:41 | Temp 68.5 F | RH 52.0%
I (25591) esp_clock: RTC 20:41 (PM) | Display 08:41 | Temp 68.7 F | RH 51.7%
I chip[DL]: BLE GAP connection established (con 0)
I chip[DL]: CHIPoBLE advertising stopped
I (27430) CHIP[DL]: Write request received for CHIPoBLE RX characteristic con 0 16
I chip[BLE]: local and remote recv window sizes = 5
I chip[BLE]: selected BTP version 4
I chip[BLE]: using BTP fragment sizes rx 244 / tx 244.
I chip[DL]: Write request/command received for CHIPoBLE TX CCCD characteristic (con 0 ) indicate = 1
I chip[DL]: CHIPoBLE subscribe received
I (27611) NimBLE: GATT procedure initiated: indicate; 
I (27612) NimBLE: att_handle=18

I chip[DL]: Confirm received for CHIPoBLE TX characteristic indication (con 0) status= 14 
I (27672) CHIP[DL]: Write request received for CHIPoBLE RX characteristic con 0 16
I chip[EM]: >>> [E:26432r S:0 M:180363934] (U) Msg RX from 0:F6BF1693DCE8C6E3 [0000] to 0000000000000000 --- Type 0000:20 (SecureChannel:PBKDFParamRequest) (B:98)
I chip[EM]: <<< [E:26432r S:0 M:189253509] (U) Msg TX from 0000000000000000 to 0:F6BF1693DCE8C6E3 [0000] [BLE] --- Type 0000:21 (SecureChannel:PBKDFParamResponse) (B:154)
I (27677) NimBLE: GATT procedure initiated: indicate; 
I (27677) NimBLE: att_handle=18

I chip[SVR]: Commissioning session establishment step started
I chip[DL]: Confirm received for CHIPoBLE TX characteristic indication (con 0) status= 14 
I (27732) CHIP[DL]: Write request received for CHIPoBLE RX characteristic con 0 16
I chip[EM]: >>> [E:26432r S:0 M:180363935] (U) Msg RX from 0:F6BF1693DCE8C6E3 [0000] to 0000000000000000 --- Type 0000:22 (SecureChannel:PASE_Pake1) (B:92)
I chip[EM]: <<< [E:26432r S:0 M:189253510] (U) Msg TX from 0000000000000000 to 0:F6BF1693DCE8C6E3 [0000] [BLE] --- Type 0000:23 (SecureChannel:PASE_Pake2) (B:127)
I (27811) NimBLE: GATT procedure initiated: indicate; 
I (27811) NimBLE: att_handle=18

I chip[DL]: Confirm received for CHIPoBLE TX characteristic indication (con 0) status= 14 
I (27851) CHIP[DL]: Write request received for CHIPoBLE RX characteristic con 0 16
I chip[EM]: >>> [E:26432r S:0 M:180363936] (U) Msg RX from 0:F6BF1693DCE8C6E3 [0000] to 0000000000000000 --- Type 0000:24 (SecureChannel:PASE_Pake3) (B:59)
I chip[EM]: <<< [E:26432r S:0 M:189253511] (U) Msg TX from 0000000000000000 to 0:F6BF1693DCE8C6E3 [0000] [BLE] --- Type 0000:40 (SecureChannel:StatusReport) (B:30)
I (27855) NimBLE: GATT procedure initiated: indicate; 
I (27856) NimBLE: att_handle=18

I chip[SC]: SecureSession[0x40822e98, LSID:7809]: State change 'kEstablishing' --> 'kActive'
I chip[SVR]: Commissioning completed session establishment step
I chip[DIS]: Updating services using commissioning mode 0
E chip[DIS]: Failed to remove advertised services: 3
I chip[DIS]: Advertise commission parameter vendorID=65521 productID=32768 discriminator=3840/15 cm=0 cp=0
E chip[DIS]: Failed to advertise extended commissionable node: 3
E chip[DIS]: Failed to finalize service update: 3
I chip[SVR]: Device completed Rendezvous process
I (27860) esp_clock: Matter commissioning session started
I (27861) esp_clock: Thread state (commissioning-start): role=disabled commissioned=no rloc16=0xfffe
I (27861) esp_clock: Thread addr (commissioning-start): link-local=fe80:0:0:0:6499:6994:6c7b:934e
I (27861) esp_clock: Thread addr (commissioning-start): mesh-local=fdde:ad00:beef:0:7c99:bc0e:5067:d18a
I (27862) esp_clock: Thread addr (commissioning-start): rloc=fdde:ad00:beef:0:0:ff:fe00:0
I chip[DL]: Confirm received for CHIPoBLE TX characteristic indication (con 0) status= 14 
I (27912) CHIP[DL]: Write request received for CHIPoBLE RX characteristic con 0 16
I chip[EM]: >>> [E:26433r S:7809 M:109694502] (S) Msg RX from 0:FFFFFFFB00000000 [0000] to 0000000000000000 --- Type 0001:02 (IM:ReadRequest) (B:136)
E chip[DMG]: Fail to retrieve data, roll back and encode status on clusterId: 0x0000_0030, attributeId: 0x0000_000Cerr = 586
I chip[DL]: NVS set: chip-config/reg-location = 0 (0x0)
I (27926) esp_matter_attribute: ********** R : Endpoint 0x0000's Cluster 0x00000030's Attribute 0x00000000 is 0 **********
I chip[EM]: <<< [E:26433r S:7809 M:223327051] (S) Msg TX from 0000000000000000 to 0:FFFFFFFB00000000 [0000] [BLE] --- Type 0001:05 (IM:ReportData) (B:253)
I (27931) NimBLE: GATT procedure initiated: indicate; 
I (27931) NimBLE: att_handle=18

I chip[DL]: Confirm received for CHIPoBLE TX characteristic indication (con 0) status= 14 
I (27971) NimBLE: GATT procedure initiated: indicate; 
I (27971) NimBLE: att_handle=18

I chip[DL]: Confirm received for CHIPoBLE TX characteristic indication (con 0) status= 14 
I (28062) CHIP[DL]: Write request received for CHIPoBLE RX characteristic con 0 16
I chip[EM]: >>> [E:26434r S:7809 M:109694503] (S) Msg RX from 0:FFFFFFFB00000000 [0000] to 0000000000000000 --- Type 0001:02 (IM:ReadRequest) (B:128)
E chip[DMG]: Read request on unknown cluster - no data version available
E chip[DMG]: Fail to retrieve data, roll back and encode status on clusterId: 0x0000_0046, attributeId: 0x0000_0002err = 5c3
E chip[DMG]: Read request on unknown cluster - no data version available
E chip[DMG]: Fail to retrieve data, roll back and encode status on clusterId: 0x0000_0046, attributeId: 0x0000_0001err = 5c3
E chip[DMG]: Read request on unknown cluster - no data version available
E chip[DMG]: Fail to retrieve data, roll back and encode status on clusterId: 0x0000_0046, attributeId: 0x0000_0000err = 5c3
E chip[DMG]: Read request on unknown cluster - no data version available
E chip[DMG]: Fail to retrieve data, roll back and encode status on clusterId: 0x0000_0046, attributeId: 0x0000_0007err = 5c3
E chip[DMG]: Read request on unknown cluster - no data version available
E chip[DMG]: Fail to retrieve data, roll back and encode status on clusterId: 0x0000_0046, attributeId: 0x0000_0006err = 5c3
I chip[EM]: <<< [E:26434r S:7809 M:223327052] (S) Msg TX from 0000000000000000 to 0:FFFFFFFB00000000 [0000] [BLE] --- Type 0001:05 (IM:ReportData) (B:456)
I (28083) NimBLE: GATT procedure initiated: indicate; 
I (28083) NimBLE: att_handle=18

I chip[DL]: Confirm received for CHIPoBLE TX characteristic indication (con 0) status= 14 
I (28121) NimBLE: GATT procedure initiated: indicate; 
I (28121) NimBLE: att_handle=18

I chip[DL]: Confirm received for CHIPoBLE TX characteristic indication (con 0) status= 14 
I (28182) CHIP[DL]: Write request received for CHIPoBLE RX characteristic con 0 16
I chip[EM]: >>> [E:26435r S:7809 M:109694504] (S) Msg RX from 0:FFFFFFFB00000000 [0000] to 0000000000000000 --- Type 0001:02 (IM:ReadRequest) (B:73)
E chip[DMG]: Read request on unknown cluster - no data version available
E chip[DMG]: Fail to retrieve data, roll back and encode status on clusterId: 0x1349_FC00, attributeId: 0x0000_0001err = 5c3
I chip[EM]: <<< [E:26435r S:7809 M:223327053] (S) Msg TX from 0000000000000000 to 0:FFFFFFFB00000000 [0000] [BLE] --- Type 0001:05 (IM:ReportData) (B:161)
I (28192) NimBLE: GATT procedure initiated: indicate; 
I (28192) NimBLE: att_handle=18

I chip[DL]: Confirm received for CHIPoBLE TX characteristic indication (con 0) status= 14 
I (28242) CHIP[DL]: Write request received for CHIPoBLE RX characteristic con 0 16
I chip[EM]: >>> [E:26436r S:7809 M:109694505] (S) Msg RX from 0:FFFFFFFB00000000 [0000] to 0000000000000000 --- Type 0001:08 (IM:InvokeCommandRequest) (B:65)
I chip[FS]: GeneralCommissioning: Received ArmFailSafe (60s)
I (28246) esp_matter_attribute: ********** R : Endpoint 0x0000's Cluster 0x00000030's Attribute 0x00000000 is 0 **********
I (28247) esp_matter_attribute: ********** W : Endpoint 0x0000's Cluster 0x00000030's Attribute 0x00000000 is 3 **********
I chip[EM]: <<< [E:26436r S:7809 M:223327054] (S) Msg TX from 0000000000000000 to 0:FFFFFFFB00000000 [0000] [BLE] --- Type 0001:09 (IM:InvokeCommandResponse) (B:66)
I (28250) NimBLE: GATT procedure initiated: indicate; 
I (28250) NimBLE: att_handle=18

I chip[DL]: Confirm received for CHIPoBLE TX characteristic indication (con 0) status= 14 
I (28303) CHIP[DL]: Write request received for CHIPoBLE RX characteristic con 0 16
I chip[EM]: >>> [E:26437r S:7809 M:109694506] (S) Msg RX from 0:FFFFFFFB00000000 [0000] to 0000000000000000 --- Type 0001:08 (IM:InvokeCommandRequest) (B:70)
I chip[DL]: NVS set: chip-config/reg-location = 0 (0x0)
I chip[DL]: NVS set: chip-config/country-code = "US"
I (28309) esp_matter_attribute: ********** R : Endpoint 0x0000's Cluster 0x00000030's Attribute 0x00000000 is 3 **********
I (28310) esp_matter_attribute: ********** W : Endpoint 0x0000's Cluster 0x00000030's Attribute 0x00000000 is 4 **********
I chip[EM]: <<< [E:26437r S:7809 M:223327055] (S) Msg TX from 0000000000000000 to 0:FFFFFFFB00000000 [0000] [BLE] --- Type 0001:09 (IM:InvokeCommandResponse) (B:66)
I (28313) NimBLE: GATT procedure initiated: indicate; 
I (28313) NimBLE: att_handle=18

I chip[DL]: Confirm received for CHIPoBLE TX characteristic indication (con 0) status= 14 
I (28362) CHIP[DL]: Write request received for CHIPoBLE RX characteristic con 0 16
I chip[EM]: >>> [E:26438r S:7809 M:109694507] (S) Msg RX from 0:FFFFFFFB00000000 [0000] to 0000000000000000 --- Type 0001:08 (IM:InvokeCommandRequest) (B:62)
I (28366) esp_matter_command: Received command 0x00000002 for endpoint 0x0000's cluster 0x0000003E
I chip[ZCL]: OpCreds: Certificate Chain request received for PAI
I chip[EM]: <<< [E:26438r S:7809 M:223327056] (S) Msg TX from 0000000000000000 to 0:FFFFFFFB00000000 [0000] [BLE] --- Type 0001:09 (IM:InvokeCommandResponse) (B:527)
I (28371) NimBLE: GATT procedure initiated: indicate; 
I (28371) NimBLE: att_handle=18

I chip[DL]: Confirm received for CHIPoBLE TX characteristic indication (con 0) status= 14 
I (28421) NimBLE: GATT procedure initiated: indicate; 
I (28421) NimBLE: att_handle=18

I chip[DL]: Confirm received for CHIPoBLE TX characteristic indication (con 0) status= 14 
I (28481) NimBLE: GATT procedure initiated: indicate; 
I (28481) NimBLE: att_handle=18

I chip[DL]: Confirm received for CHIPoBLE TX characteristic indication (con 0) status= 14 
I (28541) CHIP[DL]: Write request received for CHIPoBLE RX characteristic con 0 16
I chip[EM]: >>> [E:26439r S:7809 M:109694508] (S) Msg RX from 0:FFFFFFFB00000000 [0000] to 0000000000000000 --- Type 0001:08 (IM:InvokeCommandRequest) (B:62)
I (28546) esp_matter_command: Received command 0x00000002 for endpoint 0x0000's cluster 0x0000003E
I chip[ZCL]: OpCreds: Certificate Chain request received for DAC
I chip[EM]: <<< [E:26439r S:7809 M:223327057] (S) Msg TX from 0000000000000000 to 0:FFFFFFFB00000000 [0000] [BLE] --- Type 0001:09 (IM:InvokeCommandResponse) (B:557)
I (28551) NimBLE: GATT procedure initiated: indicate; 
I (28551) NimBLE: att_handle=18

I chip[DL]: Confirm received for CHIPoBLE TX characteristic indication (con 0) status= 14 
I (28631) NimBLE: GATT procedure initiated: indicate; 
I (28631) NimBLE: att_handle=18

I chip[DL]: Confirm received for CHIPoBLE TX characteristic indication (con 0) status= 14 
I (28691) NimBLE: GATT procedure initiated: indicate; 
I (28692) NimBLE: att_handle=18

I chip[DL]: Confirm received for CHIPoBLE TX characteristic indication (con 0) status= 14 
I (28782) CHIP[DL]: Write request received for CHIPoBLE RX characteristic con 0 16
I chip[EM]: >>> [E:26440r S:7809 M:109694509] (S) Msg RX from 0:FFFFFFFB00000000 [0000] to 0000000000000000 --- Type 0001:08 (IM:InvokeCommandRequest) (B:94)
I (28786) esp_matter_command: Received command 0x00000000 for endpoint 0x0000's cluster 0x0000003E
I chip[ZCL]: OpCreds: Received an AttestationRequest command
I chip[ZCL]: OpCreds: AttestationRequest successful.
I chip[EM]: <<< [E:26440r S:7809 M:223327058] (S) Msg TX from 0000000000000000 to 0:FFFFFFFB00000000 [0000] [BLE] --- Type 0001:09 (IM:InvokeCommandResponse) (B:714)
I (28819) NimBLE: GATT procedure initiated: indicate; 
I (28819) NimBLE: att_handle=18

I chip[DL]: Confirm received for CHIPoBLE TX characteristic indication (con 0) status= 14 
I (28871) NimBLE: GATT procedure initiated: indicate; 
I (28871) NimBLE: att_handle=18

I chip[DL]: Confirm received for CHIPoBLE TX characteristic indication (con 0) status= 14 
I (28931) NimBLE: GATT procedure initiated: indicate; 
I (28931) NimBLE: att_handle=18

I chip[DL]: Confirm received for CHIPoBLE TX characteristic indication (con 0) status= 14 
I (28991) CHIP[DL]: Write request received for CHIPoBLE RX characteristic con 0 16
I chip[EM]: >>> [E:26441r S:7809 M:109694510] (S) Msg RX from 0:FFFFFFFB00000000 [0000] to 0000000000000000 --- Type 0001:08 (IM:InvokeCommandRequest) (B:65)
I chip[FS]: GeneralCommissioning: Received ArmFailSafe (60s)
I (28996) esp_matter_attribute: ********** R : Endpoint 0x0000's Cluster 0x00000030's Attribute 0x00000000 is 4 **********
I (28997) esp_matter_attribute: ********** W : Endpoint 0x0000's Cluster 0x00000030's Attribute 0x00000000 is 13 **********
I chip[EM]: <<< [E:26441r S:7809 M:223327059] (S) Msg TX from 0000000000000000 to 0:FFFFFFFB00000000 [0000] [BLE] --- Type 0001:09 (IM:InvokeCommandResponse) (B:66)
I (28999) NimBLE: GATT procedure initiated: indicate; 
I (29000) NimBLE: att_handle=18

I chip[DL]: Confirm received for CHIPoBLE TX characteristic indication (con 0) status= 14 
I (30011) CHIP[DL]: Write request received for CHIPoBLE RX characteristic con 0 16
I chip[EM]: >>> [E:26442r S:7809 M:109694511] (S) Msg RX from 0:FFFFFFFB00000000 [0000] to 0000000000000000 --- Type 0001:08 (IM:InvokeCommandRequest) (B:94)
I (30016) esp_matter_command: Received command 0x00000004 for endpoint 0x0000's cluster 0x0000003E
I chip[ZCL]: OpCreds: Received a CSRRequest command
I chip[ZCL]: OpCreds: AllocatePendingOperationalKey succeeded
I chip[ZCL]: OpCreds: CSRRequest successful.
I chip[EM]: <<< [E:26442r S:7809 M:223327060] (S) Msg TX from 0000000000000000 to 0:FFFFFFFB00000000 [0000] [BLE] --- Type 0001:09 (IM:InvokeCommandResponse) (B:372)
I (30079) NimBLE: GATT procedure initiated: indicate; 
I (30079) NimBLE: att_handle=18

I chip[DL]: Confirm received for CHIPoBLE TX characteristic indication (con 0) status= 14 
I (30131) NimBLE: GATT procedure initiated: indicate; 
I (30131) NimBLE: att_handle=18

I chip[DL]: Confirm received for CHIPoBLE TX characteristic indication (con 0) status= 14 
I (30223) CHIP[DL]: Write request received for CHIPoBLE RX characteristic con 0 16
I (30281) CHIP[DL]: Write request received for CHIPoBLE RX characteristic con 0 16
I chip[EM]: >>> [E:26443r S:7809 M:109694512] (S) Msg RX from 0:FFFFFFFB00000000 [0000] to 0000000000000000 --- Type 0001:08 (IM:InvokeCommandRequest) (B:308)
I (30286) esp_matter_command: Received command 0x0000000B for endpoint 0x0000's cluster 0x0000003E
I chip[ZCL]: OpCreds: Received an AddTrustedRootCertificate command
I chip[ZCL]: OpCreds: AddTrustedRootCertificate successful.
I chip[EM]: <<< [E:26443r S:7809 M:223327061] (S) Msg TX from 0000000000000000 to 0:FFFFFFFB00000000 [0000] [BLE] --- Type 0001:09 (IM:InvokeCommandResponse) (B:63)
I (30337) NimBLE: GATT procedure initiated: indicate; 
I (30337) NimBLE: att_handle=18

I chip[DL]: Confirm received for CHIPoBLE TX characteristic indication (con 0) status= 14 
I (30373) CHIP[DL]: Write request received for CHIPoBLE RX characteristic con 0 16
I (30461) CHIP[DL]: Write request received for CHIPoBLE RX characteristic con 0 16
I chip[EM]: >>> [E:26444r S:7809 M:109694513] (S) Msg RX from 0:FFFFFFFB00000000 [0000] to 0000000000000000 --- Type 0001:08 (IM:InvokeCommandRequest) (B:347)
I (30467) esp_matter_command: Received command 0x00000006 for endpoint 0x0000's cluster 0x0000003E
I chip[ZCL]: OpCreds: Received an AddNOC command
I chip[FP]: Validating NOC chain
I chip[FP]: NOC chain validation successful
I chip[FP]: Added new fabric at index: 0x1
I chip[FP]: Assigned compressed fabric ID: 0x11166AD2C3262286, node ID: 0x00000000AC48C067
I chip[TS]: Last Known Good Time: 2026-01-25T04:33:35
I chip[TS]: New proposed Last Known Good Time: 2026-01-25T04:42:05
I chip[TS]: Updating pending Last Known Good Time to 2026-01-25T04:42:05
I chip[ZCL]: OpCreds: ACL entry created for Fabric index 0x1 CASE Admin Subject 0x00000000DB4609DC
I chip[DIS]: Advertise operational node 11166AD2C3262286-00000000AC48C067
E chip[SVR]: Operational advertising failed: 3
I chip[ZCL]: OpCreds: successfully created fabric index 0x1 via AddNOC
I chip[EM]: <<< [E:26444r S:7809 M:223327062] (S) Msg TX from 0000000000000000 to 1:FFFFFFFB00000000 [2286] [BLE] --- Type 0001:09 (IM:InvokeCommandResponse) (B:66)
I (30531) NimBLE: GATT procedure initiated: indicate; 
I (30531) NimBLE: att_handle=18

I (30602) esp_matter_attribute: ********** R : Endpoint 0x0001's Cluster 0x00000402's Attribute 0x00000000 is 2023 **********
I (30602) esp_matter_attribute: ********** W : Endpoint 0x0001's Cluster 0x00000402's Attribute 0x00000000 is 2012 **********
I (30603) esp_matter_attribute: ********** R : Endpoint 0x0002's Cluster 0x00000405's Attribute 0x00000000 is 5272 **********
I (30603) esp_matter_attribute: ********** W : Endpoint 0x0002's Cluster 0x00000405's Attribute 0x00000000 is 5267 **********
I (30604) esp_matter_attribute: ********** R : Endpoint 0x0003's Cluster 0x0000040D's Attribute 0x00000000 is 500.000000 **********
I (30606) esp_clock: RTC 20:41 (PM) | Display 08:41 | Temp 68.2 F | RH 52.7%
I chip[DL]: Confirm received for CHIPoBLE TX characteristic indication (con 0) status= 14 
I (30613) CHIP[DL]: Write request received for CHIPoBLE RX characteristic con 0 16
I chip[EM]: >>> [E:26445r S:7809 M:109694514] (S) Msg RX from 1:FFFFFFFB00000000 [2286] to 0000000000000000 --- Type 0001:08 (IM:InvokeCommandRequest) (B:172)
I (30619) esp_matter_attribute: ********** R : Endpoint 0x0000's Cluster 0x00000030's Attribute 0x00000000 is 13 **********
I (30620) esp_matter_attribute: ********** W : Endpoint 0x0000's Cluster 0x00000030's Attribute 0x00000000 is 24 **********
I chip[EM]: <<< [E:26445r S:7809 M:223327063] (S) Msg TX from 0000000000000000 to 1:FFFFFFFB00000000 [2286] [BLE] --- Type 0001:09 (IM:InvokeCommandResponse) (B:66)
I (30623) NimBLE: GATT procedure initiated: indicate; 
I (30623) NimBLE: att_handle=18

I chip[DL]: Confirm received for CHIPoBLE TX characteristic indication (con 0) status= 14 
I (30702) CHIP[DL]: Write request received for CHIPoBLE RX characteristic con 0 16
I chip[EM]: >>> [E:26446r S:7809 M:109694515] (S) Msg RX from 1:FFFFFFFB00000000 [2286] to 0000000000000000 --- Type 0001:08 (IM:InvokeCommandRequest) (B:65)
I chip[FS]: GeneralCommissioning: Received ArmFailSafe (77s)
I (30706) esp_matter_attribute: ********** R : Endpoint 0x0000's Cluster 0x00000030's Attribute 0x00000000 is 24 **********
I (30707) esp_matter_attribute: ********** W : Endpoint 0x0000's Cluster 0x00000030's Attribute 0x00000000 is 26 **********
I chip[EM]: <<< [E:26446r S:7809 M:223327064] (S) Msg TX from 0000000000000000 to 1:FFFFFFFB00000000 [2286] [BLE] --- Type 0001:09 (IM:InvokeCommandResponse) (B:66)
I (30710) NimBLE: GATT procedure initiated: indicate; 
I (30710) NimBLE: att_handle=18

I chip[DL]: Confirm received for CHIPoBLE TX characteristic indication (con 0) status= 14 
I (30762) CHIP[DL]: Write request received for CHIPoBLE RX characteristic con 0 16
I chip[EM]: >>> [E:26447r S:7809 M:109694516] (S) Msg RX from 1:FFFFFFFB00000000 [2286] to 0000000000000000 --- Type 0001:08 (IM:InvokeCommandRequest) (B:73)
I(30771) OPENTHREAD:[N] Mle-----------: Role disabled -> detached
I chip[DL]: Posting ESPSystemEvent: IP Event with eventId : 3
I chip[DL]: Posting ESPSystemEvent: IP Event with eventId : 3
I chip[DL]: Posting ESPSystemEvent: IP Event with eventId : 3
I chip[DL]: Posting ESPSystemEvent: IP Event with eventId : 3
I (30777) esp_clock: Thread role change: disabled -> detached
I (30778) esp_clock: Thread state (role-change): role=detached commissioned=yes rloc16=0xfffe
I (30778) esp_clock: Thread addr (role-change): link-local=fe80:0:0:0:6499:6994:6c7b:934e
I (30778) esp_clock: Thread addr (role-change): mesh-local=fd7f:4975:d3c5:0:7c99:bc0e:5067:d18a
I (30779) esp_clock: Thread addr (role-change): rloc=fd7f:4975:d3c5:0:0:ff:fe00:0
I (30779) esp_clock: Thread addr (role-change): unicast=fd7f:4975:d3c5:0:7c99:bc0e:5067:d18a
I (30779) OT_STATE: netif up
I (30781) esp_clock: Thread dataset changed: active
I (30781) esp_clock: Thread dataset (dataset-change): name=MyHome1795122923 channel=25 panid=0x75cf
I (30781) esp_clock: Thread dataset (dataset-change): extpanid=7f4975d3c5974f0a
I (30782) esp_clock: Thread dataset (dataset-change): mesh-local=fd7f:4975:d3c5:0:0:0:0:cf
I chip[DL]: Updating advertising data
I(31403) OPENTHREAD:[N] Mle-----------: Attach attempt 1, AnyPartition reattaching with Active Dataset
I(32219) OPENTHREAD:[N] Mle-----------: RLOC16 fffe -> bc6d
I(32219) OPENTHREAD:[N] Mle-----------: Role detached -> child
I chip[DL]: SRP Client was started, detected server: fd7f:4975:d3c5:0000:0000:00ff:fe00:fc11
I (32233) esp_clock: Thread role change: detached -> child
I (32233) esp_clock: Thread state (role-change): role=child commissioned=yes rloc16=0xbc6d
I (32234) esp_clock: Thread addr (role-change): link-local=fe80:0:0:0:6499:6994:6c7b:934e
I (32234) esp_clock: Thread addr (role-change): mesh-local=fd7f:4975:d3c5:0:7c99:bc0e:5067:d18a
I (32234) esp_clock: Thread addr (role-change): rloc=fd7f:4975:d3c5:0:0:ff:fe00:bc6d
I (32235) esp_clock: Thread addr (role-change): unicast=fd8a:5307:d825:0:45be:a61b:657:282e
I (32235) esp_clock: Thread addr (role-change): unicast=fd7f:4975:d3c5:0:0:ff:fe00:bc6d
I (32236) esp_clock: Thread addr (role-change): unicast=fd7f:4975:d3c5:0:7c99:bc0e:5067:d18a
I (32236) esp_clock: Thread event: attached
I (32236) esp_clock: Thread dataset (attached): name=MyHome1795122923 channel=25 panid=0x75cf
I (32236) esp_clock: Thread dataset (attached): extpanid=7f4975d3c5974f0a
I (32237) esp_clock: Thread dataset (attached): mesh-local=fd7f:4975:d3c5:0:0:0:0:cf
I (32238) esp_clock: Thread state (attached): role=child commissioned=yes rloc16=0xbc6d
I (32238) esp_clock: Thread addr (attached): link-local=fe80:0:0:0:6499:6994:6c7b:934e
I (32238) esp_clock: Thread addr (attached): mesh-local=fd7f:4975:d3c5:0:7c99:bc0e:5067:d18a
I (32239) esp_clock: Thread addr (attached): rloc=fd7f:4975:d3c5:0:0:ff:fe00:bc6d
I (32239) esp_clock: Thread addr (attached): unicast=fd8a:5307:d825:0:45be:a61b:657:282e
I (32239) esp_clock: Thread addr (attached): unicast=fd7f:4975:d3c5:0:0:ff:fe00:bc6d
I (32240) esp_clock: Thread addr (attached): unicast=fd7f:4975:d3c5:0:7c99:bc0e:5067:d18a
I (32240) esp_clock: Thread dataset changed: pending
I (32240) esp_clock: Thread dataset (dataset-change): name=(unset) channel=0 panid=0x0000
I chip[DL]: Posting ESPSystemEvent: IP Event with eventId : 3
I chip[DL]: Posting ESPSystemEvent: IP Event with eventId : 3
I (32246) esp_matter_attribute: ********** R : Endpoint 0x0000's Cluster 0x00000030's Attribute 0x00000000 is 26 **********
I (32247) esp_matter_attribute: ********** W : Endpoint 0x0000's Cluster 0x00000030's Attribute 0x00000000 is 28 **********
I chip[EM]: <<< [E:26447r S:7809 M:223327065] (S) Msg TX from 0000000000000000 to 1:FFFFFFFB00000000 [2286] [BLE] --- Type 0001:09 (IM:InvokeCommandResponse) (B:65)
I (32249) NimBLE: GATT procedure initiated: indicate; 
I (32249) NimBLE: att_handle=18

I chip[DIS]: Advertise operational node 11166AD2C3262286-00000000AC48C067
E chip[SVR]: Operational advertising failed: 3
I chip[DL]: Confirm received for CHIPoBLE TX characteristic indication (con 0) status= 14 
W(32303) OPENTHREAD:[W] Mle-----------: Failed to process UDP: Duplicated
W(32308) OPENTHREAD:[W] Mle-----------: Failed to process UDP: Duplicated
I chip[SVR]: Server initialization complete
I chip[DIS]: Updating services using commissioning mode 0
I chip[DIS]: Advertise operational node 11166AD2C3262286-00000000AC48C067
I chip[DL]: advertising srp service: 11166AD2C3262286-00000000AC48C067._matter._tcp
I chip[DIS]: Advertise commission parameter vendorID=65521 productID=32768 discriminator=3840/15 cm=0 cp=0
I chip[DL]: advertising srp service: E2EEF0D61731ABEC._matterc._udp
I chip[IM]: No subscriptions to resume
I chip[EM]: >>> [E:26448r S:0 M:180363937] (U) Msg RX from 0:366ABE5277F7FC34 [0000] to 0000000000000000 --- Type 0000:30 (SecureChannel:CASE_Sigma1) (B:196)
I chip[IN]: CASE Server received Sigma1 message . Starting handshake. EC 0x408248c8
I chip[EM]: <<< [E:26448r S:0 M:189253512 (Ack:180363937)] (U) Msg TX from 0000000000000000 to 0:366ABE5277F7FC34 [0000] [UDP:[FD7F:4975:D3C5:4F0A:412:E6FF:A34D:FF0F]:55804] --- Type 0000:10 (SecureChannel:StandaloneAck) (B:26)
I chip[SC]: Received Sigma1 msg
I chip[SC]: CASE matched destination ID: fabricIndex 1, NodeID 0x00000000AC48C067
I chip[EM]: <<< [E:26448r S:0 M:189253513 (Ack:180363937)] (U) Msg TX from 0000000000000000 to 0:366ABE5277F7FC34 [0000] [UDP:[FD7F:4975:D3C5:4F0A:412:E6FF:A34D:FF0F]:55804] --- Type 0000:31 (SecureChannel:CASE_Sigma2) (B:529)
I chip[EM]: ??1 [E:26448r S:0 M:189253513] (U) Msg Retransmission to 0:0000000000000000 scheduled for 860ms from now [State:Active II:500 AI:300 AT:4000]
I chip[SC]: Sent Sigma2 msg
I (34781) CHIP[DL]: Write request received for CHIPoBLE RX characteristic con 0 16
I chip[EM]: <<1 [E:26448r S:0 M:189253513] (U) Msg Retransmission to 0:0000000000000000
I chip[EM]: ??2 [E:26448r S:0 M:189253513] (U) Msg Retransmission to 0:0000000000000000 scheduled for 860ms from now [State:Active II:500 AI:300 AT:4000]
I chip[EM]: >>> [E:26448r S:0 M:180363937] (U) Msg RX from 0:366ABE5277F7FC34 [0000] to 0000000000000000 --- Type 0000:30 (SecureChannel:CASE_Sigma1) (B:196)
I chip[EM]: <<< [E:26448r S:0 M:189253514 (Ack:180363937)] (U) Msg TX from 0000000000000000 to 0:366ABE5277F7FC34 [0000] [UDP:[FD7F:4975:D3C5:4F0A:412:E6FF:A34D:FF0F]:55804] --- Type 0000:10 (SecureChannel:StandaloneAck) (B:26)
I (35624) esp_clock: RTC 20:41 (PM) | Display 08:41 | Temp 67.9 F | RH 53.8%
I chip[EM]: <<2 [E:26448r S:0 M:189253513] (U) Msg Retransmission to 0:0000000000000000
I chip[EM]: ??3 [E:26448r S:0 M:189253513] (U) Msg Retransmission to 0:0000000000000000 scheduled for 1139ms from now [State:Active II:500 AI:300 AT:4000]
I chip[EM]: >>> [E:26448r S:0 M:180363937] (U) Msg RX from 0:366ABE5277F7FC34 [0000] to 0000000000000000 --- Type 0000:30 (SecureChannel:CASE_Sigma1) (B:196)
I chip[EM]: <<< [E:26448r S:0 M:189253515 (Ack:180363937)] (U) Msg TX from 0000000000000000 to 0:366ABE5277F7FC34 [0000] [UDP:[FD7F:4975:D3C5:4F0A:412:E6FF:A34D:FF0F]:55804] --- Type 0000:10 (SecureChannel:StandaloneAck) (B:26)
I (37282) NimBLE: GATT procedure initiated: indicate; 
I (37282) NimBLE: att_handle=18

I chip[DL]: Confirm received for CHIPoBLE TX characteristic indication (con 0) status= 14 
I chip[EM]: <<3 [E:26448r S:0 M:189253513] (U) Msg Retransmission to 0:0000000000000000
I chip[EM]: ??4 [E:26448r S:0 M:189253513] (U) Msg Retransmission to 0:0000000000000000 scheduled for 1430ms from now [State:Active II:500 AI:300 AT:4000]
I chip[EM]: >>> [E:26448r S:0 M:180363937] (U) Msg RX from 0:366ABE5277F7FC34 [0000] to 0000000000000000 --- Type 0000:30 (SecureChannel:CASE_Sigma1) (B:196)
I chip[EM]: <<< [E:26448r S:0 M:189253516 (Ack:180363937)] (U) Msg TX from 0000000000000000 to 0:366ABE5277F7FC34 [0000] [UDP:[FD7F:4975:D3C5:4F0A:412:E6FF:A34D:FF0F]:55804] --- Type 0000:10 (SecureChannel:StandaloneAck) (B:26)
I chip[EM]: <<4 [E:26448r S:0 M:189253513] (U) Msg Retransmission to 0:0000000000000000
I chip[EM]: ??5 [E:26448r S:0 M:189253513] (U) Msg Retransmission to 0:0000000000000000 scheduled for 2105ms from now [State:Active II:500 AI:300 AT:4000]
I (39851) CHIP[DL]: Write request received for CHIPoBLE RX characteristic con 0 16
I (40639) esp_clock: RTC 20:42 (PM) | Display 08:42 | Temp 67.8 F | RH 54.3%
I chip[EM]: >>> [E:26448r S:0 M:180363937] (U) Msg RX from 0:366ABE5277F7FC34 [0000] to 0000000000000000 --- Type 0000:30 (SecureChannel:CASE_Sigma1) (B:196)
I chip[EM]: <<< [E:26448r S:0 M:189253517 (Ack:180363937)] (U) Msg TX from 0000000000000000 to 0:366ABE5277F7FC34 [0000] [UDP:[FD7F:4975:D3C5:4F0A:412:E6FF:A34D:FF0F]:55804] --- Type 0000:10 (SecureChannel:StandaloneAck) (B:26)
E chip[EM]: <<5 [E:26448r S:0 M:189253513] (U) Msg Retransmission to 0:0000000000000000 failure (max retries:4)
I (42352) NimBLE: GATT procedure initiated: indicate; 
I (42352) NimBLE: att_handle=18

I chip[DL]: Confirm received for CHIPoBLE TX characteristic indication (con 0) status= 14 
W(43309) OPENTHREAD:[W] Mle-----------: Failed to process UDP: Duplicated
W(43315) OPENTHREAD:[W] Mle-----------: Failed to process UDP: Duplicated
I (44891) CHIP[DL]: Write request received for CHIPoBLE RX characteristic con 0 16
I (45648) esp_matter_attribute: ********** R : Endpoint 0x0001's Cluster 0x00000402's Attribute 0x00000000 is 2012 **********
I (45648) esp_matter_attribute: ********** W : Endpoint 0x0001's Cluster 0x00000402's Attribute 0x00000000 is 1986 **********
I (45649) esp_matter_attribute: ********** R : Endpoint 0x0002's Cluster 0x00000405's Attribute 0x00000000 is 5267 **********
I (45649) esp_matter_attribute: ********** W : Endpoint 0x0002's Cluster 0x00000405's Attribute 0x00000000 is 5449 **********
I (45649) esp_matter_attribute: ********** R : Endpoint 0x0003's Cluster 0x0000040D's Attribute 0x00000000 is 500.000000 **********
I (45651) esp_clock: RTC 20:42 (PM) | Display 08:42 | Temp 67.7 F | RH 54.5%
W(46206) OPENTHREAD:[W] Mle-----------: Failed to process UDP: Duplicated
I (47392) NimBLE: GATT procedure initiated: indicate; 
I (47392) NimBLE: att_handle=18

I chip[DL]: Confirm received for CHIPoBLE TX characteristic indication (con 0) status= 14 
I (49931) CHIP[DL]: Write request received for CHIPoBLE RX characteristic con 0 16
I (50666) esp_clock: RTC 20:42 (PM) | Display 08:42 | Temp 67.7 F | RH 54.7%
I (51821) CHIP[DL]: Write request received for CHIPoBLE RX characteristic con 0 16
I chip[EM]: >>> [E:26449r S:7809 M:109694517] (S) Msg RX from 1:FFFFFFFB00000000 [2286] to 0000000000000000 --- Type 0001:08 (IM:InvokeCommandRequest) (B:65)
I chip[FS]: GeneralCommissioning: Received ArmFailSafe (75s)
I (51826) esp_matter_attribute: ********** R : Endpoint 0x0000's Cluster 0x00000030's Attribute 0x00000000 is 28 **********
I (51826) esp_matter_attribute: ********** W : Endpoint 0x0000's Cluster 0x00000030's Attribute 0x00000000 is 30 **********
I chip[EM]: <<< [E:26449r S:7809 M:223327066] (S) Msg TX from 0000000000000000 to 1:FFFFFFFB00000000 [2286] [BLE] --- Type 0001:09 (IM:InvokeCommandResponse) (B:66)
I (51829) NimBLE: GATT procedure initiated: indicate; 
I (51829) NimBLE: att_handle=18

I chip[DL]: Confirm received for CHIPoBLE TX characteristic indication (con 0) status= 14 
I chip[EM]: >>> [E:26450r S:0 M:180363938] (U) Msg RX from 0:9BCDCD57482C8136 [0000] to 0000000000000000 --- Type 0000:30 (SecureChannel:CASE_Sigma1) (B:196)
I chip[IN]: Already in the middle of CASE handshake, sending busy status report
I chip[IN]: Sending status report, exchange 26450r
I chip[EM]: <<< [E:26450r S:0 M:189253518 (Ack:180363938)] (U) Msg TX from 0000000000000000 to 0:9BCDCD57482C8136 [0000] [UDP:[FD7F:4975:D3C5:4F0A:412:E6FF:A34D:FF0F]:55804] --- Type 0000:40 (SecureChannel:StatusReport) (B:36)
I chip[EM]: ??1 [E:26450r S:0 M:189253518] (U) Msg Retransmission to 0:0000000000000000 scheduled for 907ms from now [State:Active II:500 AI:300 AT:4000]
I chip[EM]: <<1 [E:26450r S:0 M:189253518] (U) Msg Retransmission to 0:0000000000000000
I chip[EM]: ??2 [E:26450r S:0 M:189253518] (U) Msg Retransmission to 0:0000000000000000 scheduled for 882ms from now [State:Active II:500 AI:300 AT:4000]
I chip[EM]: >>> [E:26450r S:0 M:180363938] (U) Msg RX from 0:9BCDCD57482C8136 [0000] to 0000000000000000 --- Type 0000:30 (SecureChannel:CASE_Sigma1) (B:196)
I chip[EM]: <<< [E:26450r S:0 M:189253519 (Ack:180363938)] (U) Msg TX from 0000000000000000 to 0:9BCDCD57482C8136 [0000] [UDP:[FD7F:4975:D3C5:4F0A:412:E6FF:A34D:FF0F]:55804] --- Type 0000:10 (SecureChannel:StandaloneAck) (B:26)
I (54371) CHIP[DL]: Write request received for CHIPoBLE RX characteristic con 0 16
I chip[EM]: <<2 [E:26450r S:0 M:189253518] (U) Msg Retransmission to 0:0000000000000000
I chip[EM]: ??3 [E:26450r S:0 M:189253518] (U) Msg Retransmission to 0:0000000000000000 scheduled for 1113ms from now [State:Active II:500 AI:300 AT:4000]
I chip[EM]: >>> [E:26450r S:0 M:180363938] (U) Msg RX from 0:9BCDCD57482C8136 [0000] to 0000000000000000 --- Type 0000:30 (SecureChannel:CASE_Sigma1) (B:196)
I chip[EM]: <<< [E:26450r S:0 M:189253520 (Ack:180363938)] (U) Msg TX from 0000000000000000 to 0:9BCDCD57482C8136 [0000] [UDP:[FD7F:4975:D3C5:4F0A:412:E6FF:A34D:FF0F]:55804] --- Type 0000:10 (SecureChannel:StandaloneAck) (B:26)
I (55682) esp_clock: RTC 20:42 (PM) | Display 08:42 | Temp 67.6 F | RH 54.8%
W(55858) OPENTHREAD:[W] Mle-----------: Failed to process UDP: Duplicated
W(55863) OPENTHREAD:[W] Mle-----------: Failed to process UDP: Duplicated
I chip[EM]: <<3 [E:26450r S:0 M:189253518] (U) Msg Retransmission to 0:0000000000000000
I chip[EM]: ??4 [E:26450r S:0 M:189253518] (U) Msg Retransmission to 0:0000000000000000 scheduled for 1484ms from now [State:Active II:500 AI:300 AT:4000]
I chip[EM]: >>> [E:26450r S:0 M:180363938] (U) Msg RX from 0:9BCDCD57482C8136 [0000] to 0000000000000000 --- Type 0000:30 (SecureChannel:CASE_Sigma1) (B:196)
I chip[EM]: <<< [E:26450r S:0 M:189253521 (Ack:180363938)] (U) Msg TX from 0000000000000000 to 0:9BCDCD57482C8136 [0000] [UDP:[FD7F:4975:D3C5:4F0A:412:E6FF:A34D:FF0F]:55804] --- Type 0000:10 (SecureChannel:StandaloneAck) (B:26)
I (56872) NimBLE: GATT procedure initiated: indicate; 
I (56872) NimBLE: att_handle=18

I chip[DL]: Confirm received for CHIPoBLE TX characteristic indication (con 0) status= 14 
I chip[EM]: <<4 [E:26450r S:0 M:189253518] (U) Msg Retransmission to 0:0000000000000000
I chip[EM]: ??5 [E:26450r S:0 M:189253518] (U) Msg Retransmission to 0:0000000000000000 scheduled for 1913ms from now [State:Active II:500 AI:300 AT:4000]
I(57749) OPENTHREAD:[N] Mle-----------: RLOC16 bc6d -> 4000
I(57750) OPENTHREAD:[N] Mle-----------: Role child -> router
I(57750) OPENTHREAD:[N] Mle-----------: Partition ID 0x305dc21f
I (57756) esp_clock: Thread role change: child -> router
I (57756) esp_clock: Thread state (role-change): role=router commissioned=yes rloc16=0x4000
I (57757) esp_clock: Thread addr (role-change): link-local=fe80:0:0:0:6499:6994:6c7b:934e
I (57757) esp_clock: Thread addr (role-change): mesh-local=fd7f:4975:d3c5:0:7c99:bc0e:5067:d18a
I (57758) esp_clock: Thread addr (role-change): rloc=fd7f:4975:d3c5:0:0:ff:fe00:4000
I (57758) esp_clock: Thread addr (role-change): unicast=fd7f:4975:d3c5:0:0:ff:fe00:4000
I (57758) esp_clock: Thread addr (role-change): unicast=fd8a:5307:d825:0:45be:a61b:657:282e
I (57759) esp_clock: Thread addr (role-change): unicast=fd7f:4975:d3c5:0:7c99:bc0e:5067:d18a
W(58734) OPENTHREAD:[W] Mle-----------: Failed to process UDP: Duplicated
W(58741) OPENTHREAD:[W] Mle-----------: Failed to process UDP: Duplicated
I (59411) CHIP[DL]: Write request received for CHIPoBLE RX characteristic con 0 16
E chip[EM]: <<5 [E:26450r S:0 M:189253518] (U) Msg Retransmission to 0:0000000000000000 failure (max retries:4)
W(60476) OPENTHREAD:[W] Mle-----------: Failed to process UDP: Duplicated
W(60483) OPENTHREAD:[W] Mle-----------: Failed to process UDP: Duplicated
I (60694) esp_matter_attribute: ********** R : Endpoint 0x0001's Cluster 0x00000402's Attribute 0x00000000 is 1986 **********
I (60694) esp_matter_attribute: ********** W : Endpoint 0x0001's Cluster 0x00000402's Attribute 0x00000000 is 1978 **********
I (60695) esp_matter_attribute: ********** R : Endpoint 0x0002's Cluster 0x00000405's Attribute 0x00000000 is 5449 **********
I (60695) esp_matter_attribute: ********** W : Endpoint 0x0002's Cluster 0x00000405's Attribute 0x00000000 is 5484 **********
I (60696) esp_matter_attribute: ********** R : Endpoint 0x0003's Cluster 0x0000040D's Attribute 0x00000000 is 500.000000 **********
I (60697) esp_clock: RTC 20:42 (PM) | Display 08:42 | Temp 67.6 F | RH 54.8%
W(61397) OPENTHREAD:[W] Mle-----------: Failed to process UDP: Duplicated
I (61912) NimBLE: GATT procedure initiated: indicate; 
I (61912) NimBLE: att_handle=18

I chip[DL]: Confirm received for CHIPoBLE TX characteristic indication (con 0) status= 14 
W(64114) OPENTHREAD:[W] Mle-----------: Failed to process UDP: Duplicated
W(64118) OPENTHREAD:[W] Mle-----------: Failed to process UDP: Duplicated
I (64451) CHIP[DL]: Write request received for CHIPoBLE RX characteristic con 0 16
W(65367) OPENTHREAD:[W] Mle-----------: Failed to process UDP: Duplicated
W(65373) OPENTHREAD:[W] Mle-----------: Failed to process UDP: Duplicated
I (65711) esp_clock: RTC 20:42 (PM) | Display 08:42 | Temp 67.6 F | RH 54.9%
I (66952) NimBLE: GATT procedure initiated: indicate; 
I (66952) NimBLE: att_handle=18

I chip[DL]: Confirm received for CHIPoBLE TX characteristic indication (con 0) status= 14 
W(69355) OPENTHREAD:[W] Mle-----------: Failed to process UDP: Duplicated
I (69491) CHIP[DL]: Write request received for CHIPoBLE RX characteristic con 0 16
I (70511) CHIP[DL]: Write request received for CHIPoBLE RX characteristic con 0 16
I chip[EM]: >>> [E:26451r S:7809 M:109694518] (S) Msg RX from 1:FFFFFFFB00000000 [2286] to 0000000000000000 --- Type 0001:08 (IM:InvokeCommandRequest) (B:65)
I chip[FS]: GeneralCommissioning: Received ArmFailSafe (114s)
I (70516) esp_matter_attribute: ********** R : Endpoint 0x0000's Cluster 0x00000030's Attribute 0x00000000 is 30 **********
I chip[EM]: <<< [E:26451r S:7809 M:223327067] (S) Msg TX from 0000000000000000 to 1:FFFFFFFB00000000 [2286] [BLE] --- Type 0001:09 (IM:InvokeCommandResponse) (B:66)
I (70519) NimBLE: GATT procedure initiated: indicate; 
I (70519) NimBLE: att_handle=18

I chip[DL]: Confirm received for CHIPoBLE TX characteristic indication (con 0) status= 14 
I (70729) esp_clock: RTC 20:42 (PM) | Display 08:42 | Temp 67.5 F | RH 54.9%
W(72006) OPENTHREAD:[W] Mle-----------: Failed to process UDP: Duplicated
I (73061) CHIP[DL]: Write request received for CHIPoBLE RX characteristic con 0 16
I (75562) NimBLE: GATT procedure initiated: indicate; 
I (75562) NimBLE: att_handle=18

I chip[DL]: Confirm received for CHIPoBLE TX characteristic indication (con 0) status= 14 
I (75739) esp_matter_attribute: ********** R : Endpoint 0x0001's Cluster 0x00000402's Attribute 0x00000000 is 1978 **********
I (75739) esp_matter_attribute: ********** W : Endpoint 0x0001's Cluster 0x00000402's Attribute 0x00000000 is 1974 **********
I (75740) esp_matter_attribute: ********** R : Endpoint 0x0002's Cluster 0x00000405's Attribute 0x00000000 is 5484 **********
I (75741) esp_matter_attribute: ********** W : Endpoint 0x0002's Cluster 0x00000405's Attribute 0x00000000 is 5492 **********
I (75741) esp_matter_attribute: ********** R : Endpoint 0x0003's Cluster 0x0000040D's Attribute 0x00000000 is 500.000000 **********
I (75743) esp_clock: RTC 20:42 (PM) | Display 08:42 | Temp 67.5 F | RH 54.9%
I (78101) CHIP[DL]: Write request received for CHIPoBLE RX characteristic con 0 16
I (80602) NimBLE: GATT procedure initiated: indicate; 
I (80602) NimBLE: att_handle=18

I chip[DL]: Confirm received for CHIPoBLE TX characteristic indication (con 0) status= 14 
I (80759) esp_clock: RTC 20:42 (PM) | Display 08:42 | Temp 67.5 F | RH 54.9%
W(81532) OPENTHREAD:[W] Mle-----------: Failed to process UDP: Duplicated
W(81539) OPENTHREAD:[W] Mle-----------: Failed to process UDP: Duplicated
W(82756) OPENTHREAD:[W] Mle-----------: Failed to process UDP: Duplicated
W(82762) OPENTHREAD:[W] Mle-----------: Failed to process UDP: Duplicated
I (83141) CHIP[DL]: Write request received for CHIPoBLE RX characteristic con 0 16