I (23) boot: ESP-IDF v5.5.2-227-g913c2b4f10 2nd stage bootloader
I (23) boot: compile time Jan 24 2026 21:06:28
I (24) boot: chip revision: v0.1
I (24) boot: efuse block revision: v0.3
I (24) qio_mode: Enabling default flash chip QIO
I (24) boot.esp32c6: SPI Speed      : 80MHz
I (25) boot.esp32c6: SPI Mode       : QIO
I (25) boot.esp32c6: SPI Flash Size : 4MB
I (25) boot: Enabling RNG early entropy source...
I (26) boot: Partition Table:
I (26) boot: ## Label            Usage          Type ST Offset   Length
I (26) boot:  0 esp_secure_cert  unknown          3f 06 0000d000 00002000
I (27) boot:  1 nvs              WiFi data        01 02 00010000 0000c000
I (27) boot:  2 nvs_keys         NVS keys         01 04 0001c000 00001000
I (28) boot:  3 phy_init         RF data          01 01 0001d000 00001000
I (28) boot:  4 factory          factory app      00 00 00020000 003d0000
I (29) boot:  5 ot               WiFi data        01 02 003f0000 00006000
I (29) boot: End of partition table
I (30) esp_image: segment 0: paddr=00020020 vaddr=42190020 size=3ba7ch (244348) map
I (74) esp_image: segment 1: paddr=0005baa4 vaddr=40800000 size=04574h ( 17780) load
I (79) esp_image: segment 2: paddr=00060020 vaddr=42000020 size=182dc4h (1584580) map
I (363) esp_image: segment 3: paddr=001e2dec vaddr=40804574 size=19e60h (106080) load
I (391) boot: Loaded app from partition at offset 0x20000
I (391) boot: Disabling RNG early entropy source...
I (393) cpu_start: Unicore app
I (401) cpu_start: Pro cpu start user code
I (401) cpu_start: cpu freq: 160000000 Hz
I (401) app_init: Application information:
I (401) app_init: Project name:     esp_clock
I (402) app_init: App version:      c6e47ed-dirty
I (402) app_init: Compile time:     Jan 24 2026 21:03:32
I (402) app_init: ELF file SHA256:  d354cd3bc...
I (402) app_init: ESP-IDF:          v5.5.2-227-g913c2b4f10
I (403) efuse_init: Min chip rev:     v0.0
I (403) efuse_init: Max chip rev:     v0.99 
I (403) efuse_init: Chip rev:         v0.1
I (403) heap_init: Initializing. RAM available for dynamic allocation:
I (404) heap_init: At 40836F00 len 00045710 (277 KiB): RAM
I (404) heap_init: At 4087C610 len 00002F54 (11 KiB): RAM
I (404) heap_init: At 50000000 len 00003FE8 (15 KiB): RTCRAM
I (405) spi_flash: detected chip: generic
I (405) spi_flash: flash io: qio
I (407) sleep_gpio: Configure to isolate all GPIO pins in sleep state
I (407) sleep_gpio: Enable automatic switching of GPIO sleep configuration
I (408) main_task: Started on CPU0
I (408) main_task: Calling app_main()
esp_clock: printf path OK
I (419) esp_clock: esp_clock log path OK
I (425) esp_clock: OT NVS partition ready
I (426) esp_clock: OpenThread platform config set
E (426) OPENTHREAD: otPlatSettingsGet(158): OT NVS handle is invalid.
I (426) esp_clock: Thread state (boot): role=disabled commissioned=no rloc16=0x0000
I (426) esp_clock: Thread addr (boot): link-local=0:0:0:0:0:0:0:0
I (427) esp_clock: Thread addr (boot): mesh-local=0:0:0:0:0:0:0:0
I (427) esp_clock: Thread addr (boot): rloc=0:0:0:0:0:0:0:0
I (441) esp_clock: RTC status OK (OSF=0)
I chip[DL]: NVS set: chip-counters/reboot-count = 1 (0x1)
I chip[DL]: NVS set: chip-config/unique-id = "E2CC013E8A813A6E"
I chip[DL]: Real time clock set to 946684800 (1999-12-31 16:00:00 UTC)
I (459) OPENTHREAD: Host connection mode none
I (459) phy_init: phy_version 343,b513b46,Nov 14 2025,16:34:12
W (459) phy_init: failed to load RF calibration data (0x1102), falling back to full calibration
I (460) BLE_INIT: Using main XTAL as clock source, chip ver: 1
I (460) BLE_INIT: ble controller commit:[b6027ae]
I (470) BLE_INIT: Bluetooth MAC: e4:b3:23:ad:89:d6
I (539) phy_init: Saving new calibration data due to checksum failure or outdated calibration data, mode(2)
I (549) phy: libbtbb version: c493933, Nov 14 2025, 16:34:25
I (554) NimBLE: GAP procedure initiated: stop advertising.

I (555) CHIP[DL]: BLE host-controller synced
I (562) OPENTHREAD: OpenThread attached to netif
I chip[DL]: OpenThread started: OK
I chip[DL]: Setting OpenThread device type to ROUTER
I chip[SVR]: Initializing subscription resumption storage...
I chip[SVR]: Server initializing...
I chip[TS]: Last Known Good Time: [unknown]
I chip[TS]: Setting Last Known Good Time to firmware build time 2026-01-25T05:03:03
I chip[DMG]: AccessControl: initializing
I chip[DMG]: Examples::AccessControlDelegate::Init
I chip[DMG]: AccessControl: setting
I chip[DMG]: DefaultAclStorage: initializing
I chip[DMG]: DefaultAclStorage: 0 entries loaded
I chip[SVR]: WARNING: mTestEventTriggerDelegate is null
I chip[ZCL]: Using ZAP configuration...
I (1067) esp_matter_cluster: Cluster plugin init common callback
I chip[DMG]: AccessControlCluster: initializing
I chip[ZCL]: WRITE ERR: ep 0 clus 0x0000_0030 attr 0x0000_0000 not supported
I chip[DIS]: Updating services using commissioning mode 1
E chip[DIS]: Failed to remove advertised services: 3
I chip[DIS]: Advertise commission parameter vendorID=65521 productID=32768 discriminator=3840/15 cm=1 cp=0
E chip[DIS]: Failed to advertise commissionable node: 3
E chip[DIS]: Failed to finalize service update: 3
I chip[IN]: CASE Server enabling CASE session setups
I chip[SVR]: Joining Multicast groups
I chip[SVR]: Server Listening...
I (1072) esp_matter_attribute: ********** R : Endpoint 0x0000's Cluster 0x0000003C's Attribute 0x0000FFFC is 0 **********
I (1073) data_model: Dynamic endpoint 0 added
I (1073) esp_matter_attribute: ********** R : Endpoint 0x0001's Cluster 0x00000003's Attribute 0x00000001 is 2 **********
I (1074) data_model: Dynamic endpoint 1 added
I (1074) esp_matter_attribute: ********** R : Endpoint 0x0002's Cluster 0x00000003's Attribute 0x00000001 is 2 **********
I (1074) data_model: Dynamic endpoint 2 added
I (1075) esp_matter_attribute: ********** R : Endpoint 0x0003's Cluster 0x00000003's Attribute 0x00000001 is 2 **********
I (1075) data_model: Dynamic endpoint 3 added
I (1077) data_model: Cannot find minimum unused endpoint_id, try to find in the previous namespace
I (1077) data_model: Failed to open node namespace
I chip[DL]: Configuring CHIPoBLE advertising (interval 25 ms, connectable)
I (1078) NimBLE: GAP procedure initiated: advertise; 
I (1078) NimBLE: disc_mode=2
I (1078) NimBLE:  adv_channel_map=0 own_addr_type=1 adv_filter_policy=0 adv_itvl_min=40 adv_itvl_max=40
I (1078) NimBLE: 

I (1079) esp_clock: Matter started (temp=1 hum=2 air=3)
I chip[DL]: CHIPoBLE advertising started
I (1081) esp_clock: display host=SPI2 MOSI=18 SCK=19 LATCH=20 CA1=0 CA2=1 CA3=2 CA4=21
I (1082) esp_clock: display page period = 2500 us (frame 100.0 Hz)
I (1083) main_task: Returned from app_main()
I (5546) esp_clock: RTC 21:17 (PM) | Display 09:17 | Temp 67.2 F | RH 55.1%
I chip[DL]: BLE GAP connection established (con 0)
I chip[DL]: CHIPoBLE advertising stopped
I (7523) CHIP[DL]: Write request received for CHIPoBLE RX characteristic con 0 16
I chip[BLE]: local and remote recv window sizes = 5
I chip[BLE]: selected BTP version 4
I chip[BLE]: using BTP fragment sizes rx 244 / tx 244.
I chip[DL]: Write request/command received for CHIPoBLE TX CCCD characteristic (con 0 ) indicate = 1
I chip[DL]: CHIPoBLE subscribe received
I (7704) NimBLE: GATT procedure initiated: indicate; 
I (7705) NimBLE: att_handle=18

I chip[DL]: Confirm received for CHIPoBLE TX characteristic indication (con 0) status= 14 
I (7765) CHIP[DL]: Write request received for CHIPoBLE RX characteristic con 0 16
I chip[EM]: >>> [E:26470r S:0 M:180363943] (U) Msg RX from 0:48456AF76B3F329F [0000] to 0000000000000000 --- Type 0000:20 (SecureChannel:PBKDFParamRequest) (B:98)
I chip[EM]: <<< [E:26470r S:0 M:214078156] (U) Msg TX from 0000000000000000 to 0:48456AF76B3F329F [0000] [BLE] --- Type 0000:21 (SecureChannel:PBKDFParamResponse) (B:154)
I (7770) NimBLE: GATT procedure initiated: indicate; 
I (7770) NimBLE: att_handle=18

I chip[SVR]: Commissioning session establishment step started
I chip[DL]: Confirm received for CHIPoBLE TX characteristic indication (con 0) status= 14 
I (7825) CHIP[DL]: Write request received for CHIPoBLE RX characteristic con 0 16
I chip[EM]: >>> [E:26470r S:0 M:180363944] (U) Msg RX from 0:48456AF76B3F329F [0000] to 0000000000000000 --- Type 0000:22 (SecureChannel:PASE_Pake1) (B:92)
I chip[EM]: <<< [E:26470r S:0 M:214078157] (U) Msg TX from 0000000000000000 to 0:48456AF76B3F329F [0000] [BLE] --- Type 0000:23 (SecureChannel:PASE_Pake2) (B:127)
I (7903) NimBLE: GATT procedure initiated: indicate; 
I (7903) NimBLE: att_handle=18

I chip[DL]: Confirm received for CHIPoBLE TX characteristic indication (con 0) status= 14 
I (7945) CHIP[DL]: Write request received for CHIPoBLE RX characteristic con 0 16
I chip[EM]: >>> [E:26470r S:0 M:180363945] (U) Msg RX from 0:48456AF76B3F329F [0000] to 0000000000000000 --- Type 0000:24 (SecureChannel:PASE_Pake3) (B:59)
I chip[EM]: <<< [E:26470r S:0 M:214078158] (U) Msg TX from 0000000000000000 to 0:48456AF76B3F329F [0000] [BLE] --- Type 0000:40 (SecureChannel:StatusReport) (B:30)
I (7948) NimBLE: GATT procedure initiated: indicate; 
I (7948) NimBLE: att_handle=18

I chip[SC]: SecureSession[0x40822e98, LSID:7407]: State change 'kEstablishing' --> 'kActive'
I chip[SVR]: Commissioning completed session establishment step
I chip[DIS]: Updating services using commissioning mode 0
E chip[DIS]: Failed to remove advertised services: 3
I chip[DIS]: Advertise commission parameter vendorID=65521 productID=32768 discriminator=3840/15 cm=0 cp=0
E chip[DIS]: Failed to advertise extended commissionable node: 3
E chip[DIS]: Failed to finalize service update: 3
I chip[SVR]: Device completed Rendezvous process
I (7954) esp_clock: Matter commissioning session started
I (7954) esp_clock: Thread state (commissioning-start): role=disabled commissioned=no rloc16=0xfffe
I (7955) esp_clock: Thread addr (commissioning-start): link-local=fe80:0:0:0:987e:e0f3:3031:1f3e
I (7955) esp_clock: Thread addr (commissioning-start): mesh-local=fdde:ad00:beef:0:757a:b773:681b:2832
I (7955) esp_clock: Thread addr (commissioning-start): rloc=fdde:ad00:beef:0:0:ff:fe00:0
I chip[DL]: Confirm received for CHIPoBLE TX characteristic indication (con 0) status= 14 
I (8005) CHIP[DL]: Write request received for CHIPoBLE RX characteristic con 0 16
I chip[EM]: >>> [E:26471r S:7407 M:191622412] (S) Msg RX from 0:FFFFFFFB00000000 [0000] to 0000000000000000 --- Type 0001:02 (IM:ReadRequest) (B:136)
E chip[DMG]: Fail to retrieve data, roll back and encode status on clusterId: 0x0000_0030, attributeId: 0x0000_000Cerr = 586
I chip[DL]: NVS set: chip-config/reg-location = 0 (0x0)
I (8019) esp_matter_attribute: ********** R : Endpoint 0x0000's Cluster 0x00000030's Attribute 0x00000000 is 0 **********
I chip[EM]: <<< [E:26471r S:7407 M:146952713] (S) Msg TX from 0000000000000000 to 0:FFFFFFFB00000000 [0000] [BLE] --- Type 0001:05 (IM:ReportData) (B:253)
I (8023) NimBLE: GATT procedure initiated: indicate; 
I (8024) NimBLE: att_handle=18

I chip[DL]: Confirm received for CHIPoBLE TX characteristic indication (con 0) status= 14 
I (8094) NimBLE: GATT procedure initiated: indicate; 
I (8094) NimBLE: att_handle=18

I chip[DL]: Confirm received for CHIPoBLE TX characteristic indication (con 0) status= 14 
I (8155) CHIP[DL]: Write request received for CHIPoBLE RX characteristic con 0 16
I chip[EM]: >>> [E:26472r S:7407 M:191622413] (S) Msg RX from 0:FFFFFFFB00000000 [0000] to 0000000000000000 --- Type 0001:02 (IM:ReadRequest) (B:128)
E chip[DMG]: Read request on unknown cluster - no data version available
E chip[DMG]: Fail to retrieve data, roll back and encode status on clusterId: 0x0000_0046, attributeId: 0x0000_0002err = 5c3
E chip[DMG]: Read request on unknown cluster - no data version available
E chip[DMG]: Fail to retrieve data, roll back and encode status on clusterId: 0x0000_0046, attributeId: 0x0000_0001err = 5c3
E chip[DMG]: Read request on unknown cluster - no data version available
E chip[DMG]: Fail to retrieve data, roll back and encode status on clusterId: 0x0000_0046, attributeId: 0x0000_0000err = 5c3
E chip[DMG]: Read request on unknown cluster - no data version available
E chip[DMG]: Fail to retrieve data, roll back and encode status on clusterId: 0x0000_0046, attributeId: 0x0000_0007err = 5c3
E chip[DMG]: Read request on unknown cluster - no data version available
E chip[DMG]: Fail to retrieve data, roll back and encode status on clusterId: 0x0000_0046, attributeId: 0x0000_0006err = 5c3
I chip[EM]: <<< [E:26472r S:7407 M:146952714] (S) Msg TX from 0000000000000000 to 0:FFFFFFFB00000000 [0000] [BLE] --- Type 0001:05 (IM:ReportData) (B:456)
I (8176) NimBLE: GATT procedure initiated: indicate; 
I (8176) NimBLE: att_handle=18

I chip[DL]: Confirm received for CHIPoBLE TX characteristic indication (con 0) status= 14 
I (8214) NimBLE: GATT procedure initiated: indicate; 
I (8214) NimBLE: att_handle=18

I chip[DL]: Confirm received for CHIPoBLE TX characteristic indication (con 0) status= 14 
I (8275) CHIP[DL]: Write request received for CHIPoBLE RX characteristic con 0 16
I chip[EM]: >>> [E:26473r S:7407 M:191622414] (S) Msg RX from 0:FFFFFFFB00000000 [0000] to 0000000000000000 --- Type 0001:02 (IM:ReadRequest) (B:73)
E chip[DMG]: Read request on unknown cluster - no data version available
E chip[DMG]: Fail to retrieve data, roll back and encode status on clusterId: 0x1349_FC00, attributeId: 0x0000_0001err = 5c3
I chip[EM]: <<< [E:26473r S:7407 M:146952715] (S) Msg TX from 0000000000000000 to 0:FFFFFFFB00000000 [0000] [BLE] --- Type 0001:05 (IM:ReportData) (B:161)
I (8285) NimBLE: GATT procedure initiated: indicate; 
I (8285) NimBLE: att_handle=18

I chip[DL]: Confirm received for CHIPoBLE TX characteristic indication (con 0) status= 14 
I (8395) CHIP[DL]: Write request received for CHIPoBLE RX characteristic con 0 16
I chip[EM]: >>> [E:26474r S:7407 M:191622415] (S) Msg RX from 0:FFFFFFFB00000000 [0000] to 0000000000000000 --- Type 0001:08 (IM:InvokeCommandRequest) (B:65)
I chip[FS]: GeneralCommissioning: Received ArmFailSafe (60s)
I (8400) esp_matter_attribute: ********** R : Endpoint 0x0000's Cluster 0x00000030's Attribute 0x00000000 is 0 **********
I (8400) esp_matter_attribute: ********** W : Endpoint 0x0000's Cluster 0x00000030's Attribute 0x00000000 is 3 **********
I chip[EM]: <<< [E:26474r S:7407 M:146952716] (S) Msg TX from 0000000000000000 to 0:FFFFFFFB00000000 [0000] [BLE] --- Type 0001:09 (IM:InvokeCommandResponse) (B:66)
I (8403) NimBLE: GATT procedure initiated: indicate; 
I (8403) NimBLE: att_handle=18

I chip[DL]: Confirm received for CHIPoBLE TX characteristic indication (con 0) status= 14 
I (8485) CHIP[DL]: Write request received for CHIPoBLE RX characteristic con 0 16
I chip[EM]: >>> [E:26475r S:7407 M:191622416] (S) Msg RX from 0:FFFFFFFB00000000 [0000] to 0000000000000000 --- Type 0001:08 (IM:InvokeCommandRequest) (B:70)
I chip[DL]: NVS set: chip-config/reg-location = 0 (0x0)
I chip[DL]: NVS set: chip-config/country-code = "US"
I (8492) esp_matter_attribute: ********** R : Endpoint 0x0000's Cluster 0x00000030's Attribute 0x00000000 is 3 **********
I (8492) esp_matter_attribute: ********** W : Endpoint 0x0000's Cluster 0x00000030's Attribute 0x00000000 is 4 **********
I chip[EM]: <<< [E:26475r S:7407 M:146952717] (S) Msg TX from 0000000000000000 to 0:FFFFFFFB00000000 [0000] [BLE] --- Type 0001:09 (IM:InvokeCommandResponse) (B:66)
I (8495) NimBLE: GATT procedure initiated: indicate; 
I (8495) NimBLE: att_handle=18

I chip[DL]: Confirm received for CHIPoBLE TX characteristic indication (con 0) status= 14 
I (8545) CHIP[DL]: Write request received for CHIPoBLE RX characteristic con 0 16
I chip[EM]: >>> [E:26476r S:7407 M:191622417] (S) Msg RX from 0:FFFFFFFB00000000 [0000] to 0000000000000000 --- Type 0001:08 (IM:InvokeCommandRequest) (B:62)
I (8550) esp_matter_command: Received command 0x00000002 for endpoint 0x0000's cluster 0x0000003E
I chip[ZCL]: OpCreds: Certificate Chain request received for PAI
I chip[EM]: <<< [E:26476r S:7407 M:146952718] (S) Msg TX from 0000000000000000 to 0:FFFFFFFB00000000 [0000] [BLE] --- Type 0001:09 (IM:InvokeCommandResponse) (B:527)
I (8555) NimBLE: GATT procedure initiated: indicate; 
I (8556) NimBLE: att_handle=18

I chip[DL]: Confirm received for CHIPoBLE TX characteristic indication (con 0) status= 14 
I (8604) NimBLE: GATT procedure initiated: indicate; 
I (8604) NimBLE: att_handle=18

I chip[DL]: Confirm received for CHIPoBLE TX characteristic indication (con 0) status= 14 
I (8664) NimBLE: GATT procedure initiated: indicate; 
I (8665) NimBLE: att_handle=18

I chip[DL]: Confirm received for CHIPoBLE TX characteristic indication (con 0) status= 14 
I (8725) CHIP[DL]: Write request received for CHIPoBLE RX characteristic con 0 16
I chip[EM]: >>> [E:26477r S:7407 M:191622418] (S) Msg RX from 0:FFFFFFFB00000000 [0000] to 0000000000000000 --- Type 0001:08 (IM:InvokeCommandRequest) (B:62)
I (8729) esp_matter_command: Received command 0x00000002 for endpoint 0x0000's cluster 0x0000003E
I chip[ZCL]: OpCreds: Certificate Chain request received for DAC
I chip[EM]: <<< [E:26477r S:7407 M:146952719] (S) Msg TX from 0000000000000000 to 0:FFFFFFFB00000000 [0000] [BLE] --- Type 0001:09 (IM:InvokeCommandResponse) (B:557)
I (8734) NimBLE: GATT procedure initiated: indicate; 
I (8735) NimBLE: att_handle=18

I chip[DL]: Confirm received for CHIPoBLE TX characteristic indication (con 0) status= 14 
I (8784) NimBLE: GATT procedure initiated: indicate; 
I (8784) NimBLE: att_handle=18

I chip[DL]: Confirm received for CHIPoBLE TX characteristic indication (con 0) status= 14 
I (8844) NimBLE: GATT procedure initiated: indicate; 
I (8844) NimBLE: att_handle=18

I chip[DL]: Confirm received for CHIPoBLE TX characteristic indication (con 0) status= 14 
I (8905) CHIP[DL]: Write request received for CHIPoBLE RX characteristic con 0 16
I chip[EM]: >>> [E:26478r S:7407 M:191622419] (S) Msg RX from 0:FFFFFFFB00000000 [0000] to 0000000000000000 --- Type 0001:08 (IM:InvokeCommandRequest) (B:94)
I (8909) esp_matter_command: Received command 0x00000000 for endpoint 0x0000's cluster 0x0000003E
I chip[ZCL]: OpCreds: Received an AttestationRequest command
I chip[ZCL]: OpCreds: AttestationRequest successful.
I chip[EM]: <<< [E:26478r S:7407 M:146952720] (S) Msg TX from 0000000000000000 to 0:FFFFFFFB00000000 [0000] [BLE] --- Type 0001:09 (IM:InvokeCommandResponse) (B:714)
I (8940) NimBLE: GATT procedure initiated: indicate; 
I (8940) NimBLE: att_handle=18

I chip[DL]: Confirm received for CHIPoBLE TX characteristic indication (con 0) status= 14 
I (8994) NimBLE: GATT procedure initiated: indicate; 
I (8994) NimBLE: att_handle=18

I chip[DL]: Confirm received for CHIPoBLE TX characteristic indication (con 0) status= 14 
I (9054) NimBLE: GATT procedure initiated: indicate; 
I (9054) NimBLE: att_handle=18

I chip[DL]: Confirm received for CHIPoBLE TX characteristic indication (con 0) status= 14 
I (9115) CHIP[DL]: Write request received for CHIPoBLE RX characteristic con 0 16
I chip[EM]: >>> [E:26479r S:7407 M:191622420] (S) Msg RX from 0:FFFFFFFB00000000 [0000] to 0000000000000000 --- Type 0001:08 (IM:InvokeCommandRequest) (B:65)
I chip[FS]: GeneralCommissioning: Received ArmFailSafe (60s)
I (9119) esp_matter_attribute: ********** R : Endpoint 0x0000's Cluster 0x00000030's Attribute 0x00000000 is 4 **********
I (9120) esp_matter_attribute: ********** W : Endpoint 0x0000's Cluster 0x00000030's Attribute 0x00000000 is 13 **********
I chip[EM]: <<< [E:26479r S:7407 M:146952721] (S) Msg TX from 0000000000000000 to 0:FFFFFFFB00000000 [0000] [BLE] --- Type 0001:09 (IM:InvokeCommandResponse) (B:66)
I (9123) NimBLE: GATT procedure initiated: indicate; 
I (9123) NimBLE: att_handle=18

I chip[DL]: Confirm received for CHIPoBLE TX characteristic indication (con 0) status= 14 
I (10404) CHIP[DL]: Write request received for CHIPoBLE RX characteristic con 0 16
I chip[EM]: >>> [E:26480r S:7407 M:191622421] (S) Msg RX from 0:FFFFFFFB00000000 [0000] to 0000000000000000 --- Type 0001:08 (IM:InvokeCommandRequest) (B:94)
I (10408) esp_matter_command: Received command 0x00000004 for endpoint 0x0000's cluster 0x0000003E
I chip[ZCL]: OpCreds: Received a CSRRequest command
I chip[ZCL]: OpCreds: AllocatePendingOperationalKey succeeded
I chip[ZCL]: OpCreds: CSRRequest successful.
I chip[EM]: <<< [E:26480r S:7407 M:146952722] (S) Msg TX from 0000000000000000 to 0:FFFFFFFB00000000 [0000] [BLE] --- Type 0001:09 (IM:InvokeCommandResponse) (B:374)
I (10473) NimBLE: GATT procedure initiated: indicate; 
I (10473) NimBLE: att_handle=18

I chip[DL]: Confirm received for CHIPoBLE TX characteristic indication (con 0) status= 14 
I (10525) NimBLE: GATT procedure initiated: indicate; 
I (10525) NimBLE: att_handle=18

I (10560) esp_clock: RTC 21:17 (PM) | Display 09:17 | Temp 68.2 F | RH 52.4%
I chip[DL]: Confirm received for CHIPoBLE TX characteristic indication (con 0) status= 14 
I (10615) CHIP[DL]: Write request received for CHIPoBLE RX characteristic con 0 16
I (10704) CHIP[DL]: Write request received for CHIPoBLE RX characteristic con 0 16
I chip[EM]: >>> [E:26481r S:7407 M:191622422] (S) Msg RX from 0:FFFFFFFB00000000 [0000] to 0000000000000000 --- Type 0001:08 (IM:InvokeCommandRequest) (B:308)
I (10709) esp_matter_command: Received command 0x0000000B for endpoint 0x0000's cluster 0x0000003E
I chip[ZCL]: OpCreds: Received an AddTrustedRootCertificate command
I chip[ZCL]: OpCreds: AddTrustedRootCertificate successful.
I chip[EM]: <<< [E:26481r S:7407 M:146952723] (S) Msg TX from 0000000000000000 to 0:FFFFFFFB00000000 [0000] [BLE] --- Type 0001:09 (IM:InvokeCommandResponse) (B:63)
I (10761) NimBLE: GATT procedure initiated: indicate; 
I (10761) NimBLE: att_handle=18

I chip[DL]: Confirm received for CHIPoBLE TX characteristic indication (con 0) status= 14 
I (10795) CHIP[DL]: Write request received for CHIPoBLE RX characteristic con 0 16
I (10854) CHIP[DL]: Write request received for CHIPoBLE RX characteristic con 0 16
I chip[EM]: >>> [E:26482r S:7407 M:191622423] (S) Msg RX from 0:FFFFFFFB00000000 [0000] to 0000000000000000 --- Type 0001:08 (IM:InvokeCommandRequest) (B:347)
I (10860) esp_matter_command: Received command 0x00000006 for endpoint 0x0000's cluster 0x0000003E
I chip[ZCL]: OpCreds: Received an AddNOC command
I chip[FP]: Validating NOC chain
I chip[FP]: NOC chain validation successful
I chip[FP]: Added new fabric at index: 0x1
I chip[FP]: Assigned compressed fabric ID: 0x11166AD2C3262286, node ID: 0x00000000D976503B
I chip[TS]: Last Known Good Time: 2026-01-25T05:03:03
I chip[TS]: New proposed Last Known Good Time: 2026-01-25T05:17:54
I chip[TS]: Updating pending Last Known Good Time to 2026-01-25T05:17:54
I chip[ZCL]: OpCreds: ACL entry created for Fabric index 0x1 CASE Admin Subject 0x00000000DB4609DC
I chip[DIS]: Advertise operational node 11166AD2C3262286-00000000D976503B
E chip[SVR]: Operational advertising failed: 3
I chip[ZCL]: OpCreds: successfully created fabric index 0x1 via AddNOC
I chip[EM]: <<< [E:26482r S:7407 M:146952724] (S) Msg TX from 0000000000000000 to 1:FFFFFFFB00000000 [2286] [BLE] --- Type 0001:09 (IM:InvokeCommandResponse) (B:66)
I (10924) NimBLE: GATT procedure initiated: indicate; 
I (10924) NimBLE: att_handle=18

I chip[DL]: Confirm received for CHIPoBLE TX characteristic indication (con 0) status= 14 
I (10975) CHIP[DL]: Write request received for CHIPoBLE RX characteristic con 0 16
I chip[EM]: >>> [E:26483r S:7407 M:191622424] (S) Msg RX from 1:FFFFFFFB00000000 [2286] to 0000000000000000 --- Type 0001:08 (IM:InvokeCommandRequest) (B:172)
I (10982) esp_matter_attribute: ********** R : Endpoint 0x0000's Cluster 0x00000030's Attribute 0x00000000 is 13 **********
I (10983) esp_matter_attribute: ********** W : Endpoint 0x0000's Cluster 0x00000030's Attribute 0x00000000 is 24 **********
I chip[EM]: <<< [E:26483r S:7407 M:146952725] (S) Msg TX from 0000000000000000 to 1:FFFFFFFB00000000 [2286] [BLE] --- Type 0001:09 (IM:InvokeCommandResponse) (B:66)
I (10985) NimBLE: GATT procedure initiated: indicate; 
I (10985) NimBLE: att_handle=18

I chip[DL]: Confirm received for CHIPoBLE TX characteristic indication (con 0) status= 14 
I (11035) CHIP[DL]: Write request received for CHIPoBLE RX characteristic con 0 16
I chip[EM]: >>> [E:26484r S:7407 M:191622425] (S) Msg RX from 1:FFFFFFFB00000000 [2286] to 0000000000000000 --- Type 0001:08 (IM:InvokeCommandRequest) (B:65)
I chip[FS]: GeneralCommissioning: Received ArmFailSafe (77s)
I (11040) esp_matter_attribute: ********** R : Endpoint 0x0000's Cluster 0x00000030's Attribute 0x00000000 is 24 **********
I (11040) esp_matter_attribute: ********** W : Endpoint 0x0000's Cluster 0x00000030's Attribute 0x00000000 is 26 **********
I chip[EM]: <<< [E:26484r S:7407 M:146952726] (S) Msg TX from 0000000000000000 to 1:FFFFFFFB00000000 [2286] [BLE] --- Type 0001:09 (IM:InvokeCommandResponse) (B:66)
I (11043) NimBLE: GATT procedure initiated: indicate; 
I (11043) NimBLE: att_handle=18

I chip[DL]: Confirm received for CHIPoBLE TX characteristic indication (con 0) status= 14 
I (11095) CHIP[DL]: Write request received for CHIPoBLE RX characteristic con 0 16
I chip[EM]: >>> [E:26485r S:7407 M:191622426] (S) Msg RX from 1:FFFFFFFB00000000 [2286] to 0000000000000000 --- Type 0001:08 (IM:InvokeCommandRequest) (B:73)
I(11104) OPENTHREAD:[N] Mle-----------: Role disabled -> detached
I chip[DL]: Posting ESPSystemEvent: IP Event with eventId : 3
I chip[DL]: Posting ESPSystemEvent: IP Event with eventId : 3
I chip[DL]: Posting ESPSystemEvent: IP Event with eventId : 3
I chip[DL]: Posting ESPSystemEvent: IP Event with eventId : 3
I (11110) OT_STATE: netif up
I chip[DL]: Updating advertising data
I(11222) OPENTHREAD:[N] Mle-----------: Attach attempt 1, AnyPartition reattaching with Active Dataset
I(12037) OPENTHREAD:[N] Mle-----------: RLOC16 fffe -> bc6e
I(12038) OPENTHREAD:[N] Mle-----------: Role detached -> child
I chip[DL]: SRP Client was started, detected server: fd7f:4975:d3c5:0000:0000:00ff:fe00:fc11
I chip[DL]: Posting ESPSystemEvent: IP Event with eventId : 3
I chip[DL]: Posting ESPSystemEvent: IP Event with eventId : 3
I (12056) esp_matter_attribute: ********** R : Endpoint 0x0000's Cluster 0x00000030's Attribute 0x00000000 is 26 **********
I (12056) esp_matter_attribute: ********** W : Endpoint 0x0000's Cluster 0x00000030's Attribute 0x00000000 is 28 **********
I chip[EM]: <<< [E:26485r S:7407 M:146952727] (S) Msg TX from 0000000000000000 to 1:FFFFFFFB00000000 [2286] [BLE] --- Type 0001:09 (IM:InvokeCommandResponse) (B:65)
I (12059) NimBLE: GATT procedure initiated: indicate; 
I (12059) NimBLE: att_handle=18

I chip[DIS]: Advertise operational node 11166AD2C3262286-00000000D976503B
E chip[SVR]: Operational advertising failed: 3
I chip[DL]: Confirm received for CHIPoBLE TX characteristic indication (con 0) status= 14 
I chip[SVR]: Server initialization complete
I chip[DIS]: Updating services using commissioning mode 0
I chip[DIS]: Advertise operational node 11166AD2C3262286-00000000D976503B
I chip[DL]: advertising srp service: 11166AD2C3262286-00000000D976503B._matter._tcp
I chip[DIS]: Advertise commission parameter vendorID=65521 productID=32768 discriminator=3840/15 cm=0 cp=0
I chip[DL]: advertising srp service: 8EF51CB6F6B0C187._matterc._udp
I chip[IM]: No subscriptions to resume
I chip[EM]: >>> [E:26486r S:0 M:180363946] (U) Msg RX from 0:0ADE94F1F8630573 [0000] to 0000000000000000 --- Type 0000:30 (SecureChannel:CASE_Sigma1) (B:196)
I chip[IN]: CASE Server received Sigma1 message . Starting handshake. EC 0x408248c8
I chip[EM]: <<< [E:26486r S:0 M:214078159 (Ack:180363946)] (U) Msg TX from 0000000000000000 to 0:0ADE94F1F8630573 [0000] [UDP:[FD7F:4975:D3C5:4F0A:412:E6FF:A34D:FF0F]:55804] --- Type 0000:10 (SecureChannel:StandaloneAck) (B:26)
I chip[SC]: Received Sigma1 msg
I chip[SC]: CASE matched destination ID: fabricIndex 1, NodeID 0x00000000D976503B
I chip[EM]: <<< [E:26486r S:0 M:214078160 (Ack:180363946)] (U) Msg TX from 0000000000000000 to 0:0ADE94F1F8630573 [0000] [UDP:[FD7F:4975:D3C5:4F0A:412:E6FF:A34D:FF0F]:55804] --- Type 0000:31 (SecureChannel:CASE_Sigma2) (B:529)
I chip[EM]: ??1 [E:26486r S:0 M:214078160] (U) Msg Retransmission to 0:0000000000000000 scheduled for 861ms from now [State:Active II:500 AI:300 AT:4000]
I chip[SC]: Sent Sigma2 msg
I chip[EM]: <<1 [E:26486r S:0 M:214078160] (U) Msg Retransmission to 0:0000000000000000
I chip[EM]: ??2 [E:26486r S:0 M:214078160] (U) Msg Retransmission to 0:0000000000000000 scheduled for 866ms from now [State:Active II:500 AI:300 AT:4000]
I chip[EM]: >>> [E:26486r S:0 M:180363946] (U) Msg RX from 0:0ADE94F1F8630573 [0000] to 0000000000000000 --- Type 0000:30 (SecureChannel:CASE_Sigma1) (B:196)
I chip[EM]: <<< [E:26486r S:0 M:214078161 (Ack:180363946)] (U) Msg TX from 0000000000000000 to 0:0ADE94F1F8630573 [0000] [UDP:[FD7F:4975:D3C5:4F0A:412:E6FF:A34D:FF0F]:55804] --- Type 0000:10 (SecureChannel:StandaloneAck) (B:26)
I (14634) CHIP[DL]: Write request received for CHIPoBLE RX characteristic con 0 16
I chip[EM]: <<2 [E:26486r S:0 M:214078160] (U) Msg Retransmission to 0:0000000000000000
I chip[EM]: ??3 [E:26486r S:0 M:214078160] (U) Msg Retransmission to 0:0000000000000000 scheduled for 1055ms from now [State:Active II:500 AI:300 AT:4000]
I (15571) esp_matter_attribute: ********** R : Endpoint 0x0001's Cluster 0x00000402's Attribute 0x00000000 is null **********
I (15571) esp_matter_attribute: ********** W : Endpoint 0x0001's Cluster 0x00000402's Attribute 0x00000000 is 2025 **********
I (15572) esp_matter_attribute: ********** R : Endpoint 0x0002's Cluster 0x00000405's Attribute 0x00000000 is null **********
I (15572) esp_matter_attribute: ********** W : Endpoint 0x0002's Cluster 0x00000405's Attribute 0x00000000 is 5147 **********
I (15573) esp_matter_attribute: ********** R : Endpoint 0x0003's Cluster 0x0000040D's Attribute 0x00000000 is null **********
I (15573) esp_matter_attribute: ********** W : Endpoint 0x0003's Cluster 0x0000040D's Attribute 0x00000000 is 500.000000 **********
I (15575) esp_clock: RTC 21:17 (PM) | Display 09:17 | Temp 68.4 F | RH 51.5%
I chip[EM]: >>> [E:26486r S:0 M:180363946] (U) Msg RX from 0:0ADE94F1F8630573 [0000] to 0000000000000000 --- Type 0000:30 (SecureChannel:CASE_Sigma1) (B:196)
I chip[EM]: <<< [E:26486r S:0 M:214078162 (Ack:180363946)] (U) Msg TX from 0000000000000000 to 0:0ADE94F1F8630573 [0000] [UDP:[FD7F:4975:D3C5:4F0A:412:E6FF:A34D:FF0F]:55804] --- Type 0000:10 (SecureChannel:StandaloneAck) (B:26)
I chip[EM]: <<3 [E:26486r S:0 M:214078160] (U) Msg Retransmission to 0:0000000000000000
I chip[EM]: ??4 [E:26486r S:0 M:214078160] (U) Msg Retransmission to 0:0000000000000000 scheduled for 1436ms from now [State:Active II:500 AI:300 AT:4000]
I (17136) NimBLE: GATT procedure initiated: indicate; 
I (17136) NimBLE: att_handle=18

I chip[DL]: Confirm received for CHIPoBLE TX characteristic indication (con 0) status= 14 
I chip[EM]: >>> [E:26486r S:0 M:180363946] (U) Msg RX from 0:0ADE94F1F8630573 [0000] to 0000000000000000 --- Type 0000:30 (SecureChannel:CASE_Sigma1) (B:196)
I chip[EM]: <<< [E:26486r S:0 M:214078163 (Ack:180363946)] (U) Msg TX from 0000000000000000 to 0:0ADE94F1F8630573 [0000] [UDP:[FD7F:4975:D3C5:4F0A:412:E6FF:A34D:FF0F]:55804] --- Type 0000:10 (SecureChannel:StandaloneAck) (B:26)
I chip[EM]: <<4 [E:26486r S:0 M:214078160] (U) Msg Retransmission to 0:0000000000000000
I chip[EM]: ??5 [E:26486r S:0 M:214078160] (U) Msg Retransmission to 0:0000000000000000 scheduled for 2183ms from now [State:Active II:500 AI:300 AT:4000]
I (19673) CHIP[DL]: Write request received for CHIPoBLE RX characteristic con 0 16
I chip[EM]: >>> [E:26486r S:0 M:180363946] (U) Msg RX from 0:0ADE94F1F8630573 [0000] to 0000000000000000 --- Type 0000:30 (SecureChannel:CASE_Sigma1) (B:196)
I chip[EM]: <<< [E:26486r S:0 M:214078164 (Ack:180363946)] (U) Msg TX from 0000000000000000 to 0:0ADE94F1F8630573 [0000] [UDP:[FD7F:4975:D3C5:4F0A:412:E6FF:A34D:FF0F]:55804] --- Type 0000:10 (SecureChannel:StandaloneAck) (B:26)
E chip[EM]: <<5 [E:26486r S:0 M:214078160] (U) Msg Retransmission to 0:0000000000000000 failure (max retries:4)
I (20587) esp_clock: RTC 21:17 (PM) | Display 09:17 | Temp 68.6 F | RH 50.8%
I (22175) NimBLE: GATT procedure initiated: indicate; 
I (22175) NimBLE: att_handle=18

I chip[DL]: Confirm received for CHIPoBLE TX characteristic indication (con 0) status= 14 
W(24683) OPENTHREAD:[W] Mle-----------: Failed to process UDP: Duplicated
W(24688) OPENTHREAD:[W] Mle-----------: Failed to process UDP: Duplicated
I (24714) CHIP[DL]: Write request received for CHIPoBLE RX characteristic con 0 16
I (25601) esp_clock: RTC 21:17 (PM) | Display 09:17 | Temp 68.7 F | RH 50.5%
W(25813) OPENTHREAD:[W] Mle-----------: Failed to process UDP: Duplicated
W(25818) OPENTHREAD:[W] Mle-----------: Failed to process UDP: Duplicated
I (27216) NimBLE: GATT procedure initiated: indicate; 
I (27216) NimBLE: att_handle=18

I chip[DL]: Confirm received for CHIPoBLE TX characteristic indication (con 0) status= 14 
I (29753) CHIP[DL]: Write request received for CHIPoBLE RX characteristic con 0 16
I (30610) esp_matter_attribute: ********** R : Endpoint 0x0001's Cluster 0x00000402's Attribute 0x00000000 is 2025 **********
I (30610) esp_matter_attribute: ********** W : Endpoint 0x0001's Cluster 0x00000402's Attribute 0x00000000 is 2015 **********
I (30611) esp_matter_attribute: ********** R : Endpoint 0x0002's Cluster 0x00000405's Attribute 0x00000000 is 5147 **********
I (30611) esp_matter_attribute: ********** W : Endpoint 0x0002's Cluster 0x00000405's Attribute 0x00000000 is 5144 **********
I (30612) esp_matter_attribute: ********** R : Endpoint 0x0003's Cluster 0x0000040D's Attribute 0x00000000 is 500.000000 **********
I (30613) esp_clock: RTC 21:18 (PM) | Display 09:18 | Temp 68.3 F | RH 51.4%
I (30984) CHIP[DL]: Write request received for CHIPoBLE RX characteristic con 0 16
I chip[EM]: >>> [E:26487r S:7407 M:191622427] (S) Msg RX from 1:FFFFFFFB00000000 [2286] to 0000000000000000 --- Type 0001:08 (IM:InvokeCommandRequest) (B:65)
I chip[FS]: GeneralCommissioning: Received ArmFailSafe (75s)
I (30988) esp_matter_attribute: ********** R : Endpoint 0x0000's Cluster 0x00000030's Attribute 0x00000000 is 28 **********
I (30989) esp_matter_attribute: ********** W : Endpoint 0x0000's Cluster 0x00000030's Attribute 0x00000000 is 30 **********
I chip[EM]: <<< [E:26487r S:7407 M:146952728] (S) Msg TX from 0000000000000000 to 1:FFFFFFFB00000000 [2286] [BLE] --- Type 0001:09 (IM:InvokeCommandResponse) (B:66)
I (30992) NimBLE: GATT procedure initiated: indicate; 
I (30992) NimBLE: att_handle=18

I chip[DL]: Confirm received for CHIPoBLE TX characteristic indication (con 0) status= 14 
I chip[EM]: >>> [E:26488r S:0 M:180363947] (U) Msg RX from 0:82E8DB553353AB92 [0000] to 0000000000000000 --- Type 0000:30 (SecureChannel:CASE_Sigma1) (B:196)
I chip[IN]: Already in the middle of CASE handshake, sending busy status report
I chip[IN]: Sending status report, exchange 26488r
I chip[EM]: <<< [E:26488r S:0 M:214078165 (Ack:180363947)] (U) Msg TX from 0000000000000000 to 0:82E8DB553353AB92 [0000] [UDP:[FD7F:4975:D3C5:4F0A:412:E6FF:A34D:FF0F]:55804] --- Type 0000:40 (SecureChannel:StatusReport) (B:36)
I chip[EM]: ??1 [E:26488r S:0 M:214078165] (U) Msg Retransmission to 0:0000000000000000 scheduled for 842ms from now [State:Active II:500 AI:300 AT:4000]
I chip[EM]: <<1 [E:26488r S:0 M:214078165] (U) Msg Retransmission to 0:0000000000000000
I chip[EM]: ??2 [E:26488r S:0 M:214078165] (U) Msg Retransmission to 0:0000000000000000 scheduled for 908ms from now [State:Active II:500 AI:300 AT:4000]
I chip[EM]: >>> [E:26488r S:0 M:180363947] (U) Msg RX from 0:82E8DB553353AB92 [0000] to 0000000000000000 --- Type 0000:30 (SecureChannel:CASE_Sigma1) (B:196)
I chip[EM]: <<< [E:26488r S:0 M:214078166 (Ack:180363947)] (U) Msg TX from 0000000000000000 to 0:82E8DB553353AB92 [0000] [UDP:[FD7F:4975:D3C5:4F0A:412:E6FF:A34D:FF0F]:55804] --- Type 0000:10 (SecureChannel:StandaloneAck) (B:26)
I (33533) CHIP[DL]: Write request received for CHIPoBLE RX characteristic con 0 16
W(33578) OPENTHREAD:[W] Mle-----------: Failed to process UDP: Duplicated
I chip[EM]: <<2 [E:26488r S:0 M:214078165] (U) Msg Retransmission to 0:0000000000000000
I chip[EM]: ??3 [E:26488r S:0 M:214078165] (U) Msg Retransmission to 0:0000000000000000 scheduled for 1118ms from now [State:Active II:500 AI:300 AT:4000]
I chip[EM]: >>> [E:26488r S:0 M:180363947] (U) Msg RX from 0:82E8DB553353AB92 [0000] to 0000000000000000 --- Type 0000:30 (SecureChannel:CASE_Sigma1) (B:196)
I chip[EM]: <<< [E:26488r S:0 M:214078167 (Ack:180363947)] (U) Msg TX from 0000000000000000 to 0:82E8DB553353AB92 [0000] [UDP:[FD7F:4975:D3C5:4F0A:412:E6FF:A34D:FF0F]:55804] --- Type 0000:10 (SecureChannel:StandaloneAck) (B:26)
I chip[EM]: <<3 [E:26488r S:0 M:214078165] (U) Msg Retransmission to 0:0000000000000000
I chip[EM]: ??4 [E:26488r S:0 M:214078165] (U) Msg Retransmission to 0:0000000000000000 scheduled for 1522ms from now [State:Active II:500 AI:300 AT:4000]
I (35626) esp_clock: RTC 21:18 (PM) | Display 09:18 | Temp 68.0 F | RH 52.5%
I chip[EM]: >>> [E:26488r S:0 M:180363947] (U) Msg RX from 0:82E8DB553353AB92 [0000] to 0000000000000000 --- Type 0000:30 (SecureChannel:CASE_Sigma1) (B:196)
I chip[EM]: <<< [E:26488r S:0 M:214078168 (Ack:180363947)] (U) Msg TX from 0000000000000000 to 0:82E8DB553353AB92 [0000] [UDP:[FD7F:4975:D3C5:4F0A:412:E6FF:A34D:FF0F]:55804] --- Type 0000:10 (SecureChannel:StandaloneAck) (B:26)
I (36035) NimBLE: GATT procedure initiated: indicate; 
I (36035) NimBLE: att_handle=18

I chip[DL]: Confirm received for CHIPoBLE TX characteristic indication (con 0) status= 14 
I chip[EM]: <<4 [E:26488r S:0 M:214078165] (U) Msg Retransmission to 0:0000000000000000
I chip[EM]: ??5 [E:26488r S:0 M:214078165] (U) Msg Retransmission to 0:0000000000000000 scheduled for 2047ms from now [State:Active II:500 AI:300 AT:4000]
W(37353) OPENTHREAD:[W] Mle-----------: Failed to process UDP: Duplicated
W(37358) OPENTHREAD:[W] Mle-----------: Failed to process UDP: Duplicated
I (38573) CHIP[DL]: Write request received for CHIPoBLE RX characteristic con 0 16
E chip[EM]: <<5 [E:26488r S:0 M:214078165] (U) Msg Retransmission to 0:0000000000000000 failure (max retries:4)
I chip[EM]: >>> [E:26488r S:0 M:180363947] (U) Msg RX from 0:82E8DB553353AB92 [0000] to 0000000000000000 --- Type 0000:30 (SecureChannel:CASE_Sigma1) (B:196)
I chip[EM]: <<< [E:26488r S:0 M:214078169 (Ack:180363947)] (U) Msg TX from 0000000000000000 to 0:82E8DB553353AB92 [0000] [UDP:[FD7F:4975:D3C5:4F0A:412:E6FF:A34D:FF0F]:55804] --- Type 0000:10 (SecureChannel:StandaloneAck) (B:26)
I (40641) esp_clock: RTC 21:18 (PM) | Display 09:18 | Temp 67.9 F | RH 53.0%
I (41075) NimBLE: GATT procedure initiated: indicate; 
I (41075) NimBLE: att_handle=18

I chip[DL]: Confirm received for CHIPoBLE TX characteristic indication (con 0) status= 14 
I (43613) CHIP[DL]: Write request received for CHIPoBLE RX characteristic con 0 16
I (45650) esp_matter_attribute: ********** R : Endpoint 0x0001's Cluster 0x00000402's Attribute 0x00000000 is 2015 **********
I (45650) esp_matter_attribute: ********** W : Endpoint 0x0001's Cluster 0x00000402's Attribute 0x00000000 is 1990 **********
I (45651) esp_matter_attribute: ********** R : Endpoint 0x0002's Cluster 0x00000405's Attribute 0x00000000 is 5144 **********
I (45651) esp_matter_attribute: ********** W : Endpoint 0x0002's Cluster 0x00000405's Attribute 0x00000000 is 5322 **********
I (45652) esp_matter_attribute: ********** R : Endpoint 0x0003's Cluster 0x0000040D's Attribute 0x00000000 is 500.000000 **********
I (45653) esp_clock: RTC 21:18 (PM) | Display 09:18 | Temp 67.8 F | RH 53.2%
I (46115) NimBLE: GATT procedure initiated: indicate; 
I (46115) NimBLE: att_handle=18

I chip[DL]: Confirm received for CHIPoBLE TX characteristic indication (con 0) status= 14 
W(46840) OPENTHREAD:[W] Mle-----------: Failed to process UDP: Duplicated
W(46845) OPENTHREAD:[W] Mle-----------: Failed to process UDP: Duplicated
W(47999) OPENTHREAD:[W] Mle-----------: Failed to process UDP: Duplicated
W(48005) OPENTHREAD:[W] Mle-----------: Failed to process UDP: Duplicated
I (48653) CHIP[DL]: Write request received for CHIPoBLE RX characteristic con 0 16
I (49674) CHIP[DL]: Write request received for CHIPoBLE RX characteristic con 0 16
I chip[EM]: >>> [E:26489r S:7407 M:191622428] (S) Msg RX from 1:FFFFFFFB00000000 [2286] to 0000000000000000 --- Type 0001:08 (IM:InvokeCommandRequest) (B:65)
I chip[FS]: GeneralCommissioning: Received ArmFailSafe (114s)
I (49679) esp_matter_attribute: ********** R : Endpoint 0x0000's Cluster 0x00000030's Attribute 0x00000000 is 30 **********
I chip[EM]: <<< [E:26489r S:7407 M:146952729] (S) Msg TX from 0000000000000000 to 1:FFFFFFFB00000000 [2286] [BLE] --- Type 0001:09 (IM:InvokeCommandResponse) (B:66)
I (49682) NimBLE: GATT procedure initiated: indicate; 
I (49682) NimBLE: att_handle=18

I chip[DL]: Confirm received for CHIPoBLE TX characteristic indication (con 0) status= 14 
I (50670) esp_clock: RTC 21:18 (PM) | Display 09:18 | Temp 67.8 F | RH 53.4%
I (52223) CHIP[DL]: Write request received for CHIPoBLE RX characteristic con 0 16
I (54725) NimBLE: GATT procedure initiated: indicate; 
I (54725) NimBLE: att_handle=18

I chip[DL]: Confirm received for CHIPoBLE TX characteristic indication (con 0) status= 14 
I (55684) esp_clock: RTC 21:18 (PM) | Display 09:18 | Temp 67.8 F | RH 53.4%
W(56229) OPENTHREAD:[W] Mle-----------: Failed to process UDP: Duplicated
W(56235) OPENTHREAD:[W] Mle-----------: Failed to process UDP: Duplicated
I (57264) CHIP[DL]: Write request received for CHIPoBLE RX characteristic con 0 16
W(59291) OPENTHREAD:[W] Mle-----------: Failed to process UDP: Duplicated
W(59298) OPENTHREAD:[W] Mle-----------: Failed to process UDP: Duplicated
I (59766) NimBLE: GATT procedure initiated: indicate; 
I (59766) NimBLE: att_handle=18

I chip[DL]: Confirm received for CHIPoBLE TX characteristic indication (con 0) status= 14 
I (60693) esp_matter_attribute: ********** R : Endpoint 0x0001's Cluster 0x00000402's Attribute 0x00000000 is 1990 **********
I (60693) esp_matter_attribute: ********** W : Endpoint 0x0001's Cluster 0x00000402's Attribute 0x00000000 is 1986 **********
I (60694) esp_matter_attribute: ********** R : Endpoint 0x0002's Cluster 0x00000405's Attribute 0x00000000 is 5322 **********
I (60694) esp_matter_attribute: ********** W : Endpoint 0x0002's Cluster 0x00000405's Attribute 0x00000000 is 5345 **********
I (60695) esp_matter_attribute: ********** R : Endpoint 0x0003's Cluster 0x0000040D's Attribute 0x00000000 is 500.000000 **********
I (60696) esp_clock: RTC 21:18 (PM) | Display 09:18 | Temp 67.8 F | RH 53.5%
I (62304) CHIP[DL]: Write request received for CHIPoBLE RX characteristic con 0 16
E chip[SC]: CASESession timed out while waiting for a response from peer <0000000000000000, 1>. Current state was 2
E chip[IN]: CASE Session establishment failed: 32
I (64806) NimBLE: GATT procedure initiated: indicate; 
I (64806) NimBLE: att_handle=18

I chip[DL]: Confirm received for CHIPoBLE TX characteristic indication (con 0) status= 14 
I (65710) esp_clock: RTC 21:18 (PM) | Display 09:18 | Temp 67.7 F | RH 53.5%
I (67345) CHIP[DL]: Write request received for CHIPoBLE RX characteristic con 0 16
W(68213) OPENTHREAD:[W] Mle-----------: Failed to process UDP: Duplicated
W(68218) OPENTHREAD:[W] Mle-----------: Failed to process UDP: Duplicated
I (69846) NimBLE: GATT procedure initiated: indicate; 
I (69846) NimBLE: att_handle=18

I chip[DL]: Confirm received for CHIPoBLE TX characteristic indication (con 0) status= 14 
I (70724) esp_clock: RTC 21:18 (PM) | Display 09:18 | Temp 67.7 F | RH 53.5%
W(71520) OPENTHREAD:[W] Mle-----------: Failed to process UDP: Duplicated
W(71527) OPENTHREAD:[W] Mle-----------: Failed to process UDP: Duplicated
I (72384) CHIP[DL]: Write request received for CHIPoBLE RX characteristic con 0 16
I (74886) NimBLE: GATT procedure initiated: indicate; 
I (74886) NimBLE: att_handle=18

I chip[DL]: Confirm received for CHIPoBLE TX characteristic indication (con 0) status= 14 
I (75734) esp_matter_attribute: ********** R : Endpoint 0x0001's Cluster 0x00000402's Attribute 0x00000000 is 1986 **********
I (75735) esp_matter_attribute: ********** W : Endpoint 0x0001's Cluster 0x00000402's Attribute 0x00000000 is 1985 **********
I (75735) esp_matter_attribute: ********** R : Endpoint 0x0002's Cluster 0x00000405's Attribute 0x00000000 is 5345 **********
I (75735) esp_matter_attribute: ********** W : Endpoint 0x0002's Cluster 0x00000405's Attribute 0x00000000 is 5351 **********
I (75736) esp_matter_attribute: ********** R : Endpoint 0x0003's Cluster 0x0000040D's Attribute 0x00000000 is 500.000000 **********
I (75738) esp_clock: RTC 21:18 (PM) | Display 09:18 | Temp 67.7 F | RH 53.5%
I (77424) CHIP[DL]: Write request received for CHIPoBLE RX characteristic con 0 16
I (79926) NimBLE: GATT procedure initiated: indicate; 
I (79926) NimBLE: att_handle=18

I chip[DL]: Confirm received for CHIPoBLE TX characteristic indication (con 0) status= 14 
I (80752) esp_clock: RTC 21:18 (PM) | Display 09:18 | Temp 67.7 F | RH 53.5%
W(81479) OPENTHREAD:[W] Mle-----------: Failed to process UDP: Duplicated
W(81484) OPENTHREAD:[W] Mle-----------: Failed to process UDP: Duplicated
I (82464) CHIP[DL]: Write request received for CHIPoBLE RX characteristic con 0 16
W(84431) OPENTHREAD:[W] Mle-----------: Failed to process UDP: Duplicated
W(84438) OPENTHREAD:[W] Mle-----------: Failed to process UDP: Duplicated
I (84966) NimBLE: GATT procedure initiated: indicate; 
I (84966) NimBLE: att_handle=18

I chip[DL]: Confirm received for CHIPoBLE TX characteristic indication (con 0) status= 14 
I (85766) esp_clock: RTC 21:18 (PM) | Display 09:18 | Temp 67.7 F | RH 53.5%
I (87504) CHIP[DL]: Write request received for CHIPoBLE RX characteristic con 0 16
I (90006) NimBLE: GATT procedure initiated: indicate; 
I (90006) NimBLE: att_handle=18

I chip[DL]: Confirm received for CHIPoBLE TX characteristic indication (con 0) status= 14 
I chip[EM]: >>> [E:26490r S:0 M:180363948] (U) Msg RX from 0:D6E1473F1E4F2758 [0000] to 0000000000000000 --- Type 0000:30 (SecureChannel:CASE_Sigma1) (B:196)
I chip[IN]: CASE Server received Sigma1 message . Starting handshake. EC 0x408248c8
I chip[EM]: <<< [E:26490r S:0 M:214078170 (Ack:180363948)] (U) Msg TX from 0000000000000000 to 0:D6E1473F1E4F2758 [0000] [UDP:[FD7F:4975:D3C5:4F0A:412:E6FF:A34D:FF0F]:55804] --- Type 0000:10 (SecureChannel:StandaloneAck) (B:26)
I chip[SC]: Received Sigma1 msg
I chip[SC]: CASE matched destination ID: fabricIndex 1, NodeID 0x00000000D976503B
I chip[EM]: <<< [E:26490r S:0 M:214078171 (Ack:180363948)] (U) Msg TX from 0000000000000000 to 0:D6E1473F1E4F2758 [0000] [UDP:[FD7F:4975:D3C5:4F0A:412:E6FF:A34D:FF0F]:55804] --- Type 0000:31 (SecureChannel:CASE_Sigma2) (B:529)
I chip[EM]: ??1 [E:26490r S:0 M:214078171] (U) Msg Retransmission to 0:0000000000000000 scheduled for 854ms from now [State:Active II:500 AI:300 AT:4000]
I chip[SC]: Sent Sigma2 msg
I (90777) esp_matter_attribute: ********** R : Endpoint 0x0001's Cluster 0x00000402's Attribute 0x00000000 is 1985 **********
I (90777) esp_matter_attribute: ********** R : Endpoint 0x0002's Cluster 0x00000405's Attribute 0x00000000 is 5351 **********
I (90778) esp_matter_attribute: ********** W : Endpoint 0x0002's Cluster 0x00000405's Attribute 0x00000000 is 5353 **********
I (90778) esp_matter_attribute: ********** R : Endpoint 0x0003's Cluster 0x0000040D's Attribute 0x00000000 is 500.000000 **********
I (90780) esp_clock: RTC 21:19 (PM) | Display 09:19 | Temp 67.7 F | RH 53.5%
I chip[EM]: <<1 [E:26490r S:0 M:214078171] (U) Msg Retransmission to 0:0000000000000000
I chip[EM]: ??2 [E:26490r S:0 M:214078171] (U) Msg Retransmission to 0:0000000000000000 scheduled for 871ms from now [State:Active II:500 AI:300 AT:4000]
I chip[EM]: >>> [E:26490r S:0 M:180363948] (U) Msg RX from 0:D6E1473F1E4F2758 [0000] to 0000000000000000 --- Type 0000:30 (SecureChannel:CASE_Sigma1) (B:196)
I chip[EM]: <<< [E:26490r S:0 M:214078172 (Ack:180363948)] (U) Msg TX from 0000000000000000 to 0:D6E1473F1E4F2758 [0000] [UDP:[FD7F:4975:D3C5:4F0A:412:E6FF:A34D:FF0F]:55804] --- Type 0000:10 (SecureChannel:StandaloneAck) (B:26)
I chip[EM]: <<2 [E:26490r S:0 M:214078171] (U) Msg Retransmission to 0:0000000000000000
I chip[EM]: ??3 [E:26490r S:0 M:214078171] (U) Msg Retransmission to 0:0000000000000000 scheduled for 1032ms from now [State:Active II:500 AI:300 AT:4000]
I chip[EM]: >>> [E:26490r S:0 M:180363948] (U) Msg RX from 0:D6E1473F1E4F2758 [0000] to 0000000000000000 --- Type 0000:30 (SecureChannel:CASE_Sigma1) (B:196)
I chip[EM]: <<< [E:26490r S:0 M:214078173 (Ack:180363948)] (U) Msg TX from 0000000000000000 to 0:D6E1473F1E4F2758 [0000] [UDP:[FD7F:4975:D3C5:4F0A:412:E6FF:A34D:FF0F]:55804] --- Type 0000:10 (SecureChannel:StandaloneAck) (B:26)
I (92544) CHIP[DL]: Write request received for CHIPoBLE RX characteristic con 0 16
W(93035) OPENTHREAD:[W] Mle-----------: Failed to process UDP: Duplicated
W(93042) OPENTHREAD:[W] Mle-----------: Failed to process UDP: Duplicated
I chip[EM]: <<3 [E:26490r S:0 M:214078171] (U) Msg Retransmission to 0:0000000000000000
I chip[EM]: ??4 [E:26490r S:0 M:214078171] (U) Msg Retransmission to 0:0000000000000000 scheduled for 1450ms from now [State:Active II:500 AI:300 AT:4000]
I chip[EM]: >>> [E:26490r S:0 M:180363948] (U) Msg RX from 0:D6E1473F1E4F2758 [0000] to 0000000000000000 --- Type 0000:30 (SecureChannel:CASE_Sigma1) (B:196)
I chip[EM]: <<< [E:26490r S:0 M:214078174 (Ack:180363948)] (U) Msg TX from 0000000000000000 to 0:D6E1473F1E4F2758 [0000] [UDP:[FD7F:4975:D3C5:4F0A:412:E6FF:A34D:FF0F]:55804] --- Type 0000:10 (SecureChannel:StandaloneAck) (B:26)
I chip[EM]: <<4 [E:26490r S:0 M:214078171] (U) Msg Retransmission to 0:0000000000000000
I chip[EM]: ??5 [E:26490r S:0 M:214078171] (U) Msg Retransmission to 0:0000000000000000 scheduled for 2060ms from now [State:Active II:500 AI:300 AT:4000]
I (95045) NimBLE: GATT procedure initiated: indicate; 
I (95045) NimBLE: att_handle=18

W(95050) OPENTHREAD:[W] Mle-----------: Failed to process UDP: Duplicated
W(95055) OPENTHREAD:[W] Mle-----------: Failed to process UDP: Duplicated
I chip[DL]: Confirm received for CHIPoBLE TX characteristic indication (con 0) status= 14 
I (95793) esp_clock: RTC 21:19 (PM) | Display 09:19 | Temp 67.7 F | RH 53.5%
I chip[EM]: >>> [E:26490r S:0 M:180363948] (U) Msg RX from 0:D6E1473F1E4F2758 [0000] to 0000000000000000 --- Type 0000:30 (SecureChannel:CASE_Sigma1) (B:196)
I chip[EM]: <<< [E:26490r S:0 M:214078175 (Ack:180363948)] (U) Msg TX from 0000000000000000 to 0:D6E1473F1E4F2758 [0000] [UDP:[FD7F:4975:D3C5:4F0A:412:E6FF:A34D:FF0F]:55804] --- Type 0000:10 (SecureChannel:StandaloneAck) (B:26)
E chip[EM]: <<5 [E:26490r S:0 M:214078171] (U) Msg Retransmission to 0:0000000000000000 failure (max retries:4)
I (97584) CHIP[DL]: Write request received for CHIPoBLE RX characteristic con 0 16
I (100086) NimBLE: GATT procedure initiated: indicate; 
I (100086) NimBLE: att_handle=18

I chip[DL]: Confirm received for CHIPoBLE TX characteristic indication (con 0) status= 14 
I (100808) esp_clock: RTC 21:19 (PM) | Display 09:19 | Temp 67.7 F | RH 53.5%
I (102654) CHIP[DL]: Write request received for CHIPoBLE RX characteristic con 0 16
W(105152) OPENTHREAD:[W] Mle-----------: Failed to process UDP: Duplicated
I (105156) NimBLE: GATT procedure initiated: indicate; 
I (105156) NimBLE: att_handle=18

I chip[DL]: Confirm received for CHIPoBLE TX characteristic indication (con 0) status= 14 
I (105817) esp_matter_attribute: ********** R : Endpoint 0x0001's Cluster 0x00000402's Attribute 0x00000000 is 1985 **********
I (105817) esp_matter_attribute: ********** W : Endpoint 0x0001's Cluster 0x00000402's Attribute 0x00000000 is 1984 **********
I (105818) esp_matter_attribute: ********** R : Endpoint 0x0002's Cluster 0x00000405's Attribute 0x00000000 is 5353 **********
I (105818) esp_matter_attribute: ********** W : Endpoint 0x0002's Cluster 0x00000405's Attribute 0x00000000 is 5352 **********
I (105819) esp_matter_attribute: ********** R : Endpoint 0x0003's Cluster 0x0000040D's Attribute 0x00000000 is 500.000000 **********
I (105820) esp_clock: RTC 21:19 (PM) | Display 09:19 | Temp 67.7 F | RH 53.5%
I (107694) CHIP[DL]: Write request received for CHIPoBLE RX characteristic con 0 16
I (110196) NimBLE: GATT procedure initiated: indicate; 
I (110196) NimBLE: att_handle=18

I chip[DL]: Confirm received for CHIPoBLE TX characteristic indication (con 0) status= 14 
W(110775) OPENTHREAD:[W] Mle-----------: Failed to process UDP: Duplicated
W(110780) OPENTHREAD:[W] Mle-----------: Failed to process UDP: Duplicated
I (110835) esp_clock: RTC 21:19 (PM) | Display 09:19 | Temp 67.7 F | RH 53.5%
I (112734) CHIP[DL]: Write request received for CHIPoBLE RX characteristic con 0 16
I (115236) NimBLE: GATT procedure initiated: indicate; 
I (115236) NimBLE: att_handle=18

I chip[DL]: Confirm received for CHIPoBLE TX characteristic indication (con 0) status= 14 
I (115849) esp_clock: RTC 21:19 (PM) | Display 09:19 | Temp 67.7 F | RH 53.5%
I(116242) OPENTHREAD:[N] Mle-----------: RLOC16 bc6e -> 8400
I(116243) OPENTHREAD:[N] Mle-----------: Role child -> router
I(116243) OPENTHREAD:[N] Mle-----------: Partition ID 0x305dc21f
W(117224) OPENTHREAD:[W] Mle-----------: Failed to process UDP: Duplicated
W(117230) OPENTHREAD:[W] Mle-----------: Failed to process UDP: Duplicated
I (117774) CHIP[DL]: Write request received for CHIPoBLE RX characteristic con 0 16
W(119153) OPENTHREAD:[W] Mle-----------: Failed to process UDP: Duplicated
W(119158) OPENTHREAD:[W] Mle-----------: Failed to process UDP: Duplicated
W(119302) OPENTHREAD:[W] Mle-----------: Failed to process UDP: Duplicated
I (120276) NimBLE: GATT procedure initiated: indicate; 
I (120276) NimBLE: att_handle=18

I chip[DL]: Confirm received for CHIPoBLE TX characteristic indication (con 0) status= 14 
I (120858) esp_matter_attribute: ********** R : Endpoint 0x0001's Cluster 0x00000402's Attribute 0x00000000 is 1984 **********
I (120858) esp_matter_attribute: ********** W : Endpoint 0x0001's Cluster 0x00000402's Attribute 0x00000000 is 1985 **********
I (120859) esp_matter_attribute: ********** R : Endpoint 0x0002's Cluster 0x00000405's Attribute 0x00000000 is 5352 **********
I (120859) esp_matter_attribute: ********** W : Endpoint 0x0002's Cluster 0x00000405's Attribute 0x00000000 is 5349 **********
I (120860) esp_matter_attribute: ********** R : Endpoint 0x0003's Cluster 0x0000040D's Attribute 0x00000000 is 500.000000 **********
I (120861) esp_clock: RTC 21:19 (PM) | Display 09:19 | Temp 67.7 F | RH 53.5%
W (121083) esp_clock: Matter time sync unavailable; falling back to SNTP
W(121414) OPENTHREAD:[W] Mle-----------: Failed to process UDP: Duplicated
I (122814) CHIP[DL]: Write request received for CHIPoBLE RX characteristic con 0 16
W(124210) OPENTHREAD:[W] Mle-----------: Failed to process UDP: Duplicated
W(124217) OPENTHREAD:[W] Mle-----------: Failed to process UDP: Duplicated
I (125316) NimBLE: GATT procedure initiated: indicate; 
I (125316) NimBLE: att_handle=18

I chip[DL]: Confirm received for CHIPoBLE TX characteristic indication (con 0) status= 14 
I (125875) esp_clock: RTC 21:19 (PM) | Display 09:19 | Temp 67.7 F | RH 53.5%
I (127854) CHIP[DL]: Write request received for CHIPoBLE RX characteristic con 0 16
W(130270) OPENTHREAD:[W] Mle-----------: Failed to process UDP: Duplicated
I (130356) NimBLE: GATT procedure initiated: indicate; 
I (130356) NimBLE: att_handle=18

I chip[DL]: Confirm received for CHIPoBLE TX characteristic indication (con 0) status= 14 
I (130891) esp_clock: RTC 21:19 (PM) | Display 09:19 | Temp 67.7 F | RH 53.4%
W(131275) OPENTHREAD:[W] Mle-----------: Failed to process UDP: Duplicated
W(131279) OPENTHREAD:[W] Mle-----------: Failed to process UDP: Duplicated
I (132895) CHIP[DL]: Write request received for CHIPoBLE RX characteristic con 0 16
I (135396) NimBLE: GATT procedure initiated: indicate; 
I (135396) NimBLE: att_handle=18

I chip[DL]: Confirm received for CHIPoBLE TX characteristic indication (con 0) status= 14 
I (135900) esp_matter_attribute: ********** R : Endpoint 0x0001's Cluster 0x00000402's Attribute 0x00000000 is 1985 **********
I (135900) esp_matter_attribute: ********** R : Endpoint 0x0002's Cluster 0x00000405's Attribute 0x00000000 is 5349 **********
I (135900) esp_matter_attribute: ********** W : Endpoint 0x0002's Cluster 0x00000405's Attribute 0x00000000 is 5343 **********
I (135901) esp_matter_attribute: ********** R : Endpoint 0x0003's Cluster 0x0000040D's Attribute 0x00000000 is 500.000000 **********
I (135903) esp_clock: RTC 21:19 (PM) | Display 09:19 | Temp 67.7 F | RH 53.4%
I (137935) CHIP[DL]: Write request received for CHIPoBLE RX characteristic con 0 16
W(139750) OPENTHREAD:[W] Mle-----------: Failed to process UDP: Duplicated
I (140436) NimBLE: GATT procedure initiated: indicate; 
I (140436) NimBLE: att_handle=18

I chip[DL]: Confirm received for CHIPoBLE TX characteristic indication (con 0) status= 14 
I (140917) esp_clock: RTC 21:19 (PM) | Display 09:19 | Temp 67.7 F | RH 53.4%
E chip[SC]: CASESession timed out while waiting for a response from peer <0000000000000000, 1>. Current state was 2
E chip[IN]: CASE Session establishment failed: 32
I (142975) CHIP[DL]: Write request received for CHIPoBLE RX characteristic con 0 16
W(143620) OPENTHREAD:[W] Mle-----------: Failed to process UDP: Duplicated
W(143627) OPENTHREAD:[W] Mle-----------: Failed to process UDP: Duplicated
I (145476) NimBLE: GATT procedure initiated: indicate; 
I (145476) NimBLE: att_handle=18

I chip[DL]: Confirm received for CHIPoBLE TX characteristic indication (con 0) status= 14 
I (145931) esp_clock: RTC 21:19 (PM) | Display 09:19 | Temp 67.7 F | RH 53.4%
I (148015) CHIP[DL]: Write request received for CHIPoBLE RX characteristic con 0 16
I (150516) NimBLE: GATT procedure initiated: indicate; 
I (150516) NimBLE: att_handle=18

I chip[DL]: Confirm received for CHIPoBLE TX characteristic indication (con 0) status= 14 
I (150940) esp_matter_attribute: ********** R : Endpoint 0x0001's Cluster 0x00000402's Attribute 0x00000000 is 1985 **********
I (150940) esp_matter_attribute: ********** W : Endpoint 0x0001's Cluster 0x00000402's Attribute 0x00000000 is 1986 **********
I (150941) esp_matter_attribute: ********** R : Endpoint 0x0002's Cluster 0x00000405's Attribute 0x00000000 is 5343 **********
I (150941) esp_matter_attribute: ********** W : Endpoint 0x0002's Cluster 0x00000405's Attribute 0x00000000 is 5341 **********
I (150942) esp_matter_attribute: ********** R : Endpoint 0x0003's Cluster 0x0000040D's Attribute 0x00000000 is 500.000000 **********
I (150943) esp_clock: RTC 21:20 (PM) | Display 09:20 | Temp 67.7 F | RH 53.4%
I (153055) CHIP[DL]: Write request received for CHIPoBLE RX characteristic con 0 16
I (155556) NimBLE: GATT procedure initiated: indicate; 
I (155556) NimBLE: att_handle=18

I chip[DL]: Confirm received for CHIPoBLE TX characteristic indication (con 0) status= 14 
I (155957) esp_clock: RTC 21:20 (PM) | Display 09:20 | Temp 67.8 F | RH 53.4%
I (158095) CHIP[DL]: Write request received for CHIPoBLE RX characteristic con 0 16
I (160596) NimBLE: GATT procedure initiated: indicate; 
I (160596) NimBLE: att_handle=18

I chip[DL]: Confirm received for CHIPoBLE TX characteristic indication (con 0) status= 14 
I (160972) esp_clock: RTC 21:20 (PM) | Display 09:20 | Temp 67.7 F | RH 53.4%
W(161680) OPENTHREAD:[W] Mle-----------: Failed to process UDP: Duplicated
W(161685) OPENTHREAD:[W] Mle-----------: Failed to process UDP: Duplicated
I (163135) CHIP[DL]: Write request received for CHIPoBLE RX characteristic con 0 16
I chip[FS]: Fail-safe timer expired
E chip[SVR]: Failsafe timer expired
I chip[SC]: SecureSession[0x40822e98, LSID:7407]: State change 'kActive' --> 'kPendingEviction'
E chip[SVR]: Commissioning failed (attempt 1): 32
I chip[BLE]: Releasing end point's BLE connection back to application.
I chip[DL]: Closing BLE GATT connection (con 0)
I (163680) NimBLE: GAP procedure initiated: terminate connection; conn_handle=0 hci_reason=19

I chip[DIS]: Updating services using commissioning mode 1
I chip[DIS]: Advertise operational node 11166AD2C3262286-00000000D976503B
I chip[DIS]: Advertise commission parameter vendorID=65521 productID=32768 discriminator=3840/15 cm=1 cp=0
I chip[DL]: advertising srp service: 8EF51CB6F6B0C187._matterc._udp
I chip[DL]: Write request/command received for CHIPoBLE TX CCCD characteristic (con 0 ) indicate = 0
I chip[DL]: CHIPoBLE unsubscribe received
I chip[DL]: BLE GAP connection terminated (con 0 reason 0x216)
W(164232) OPENTHREAD:[W] Mle-----------: Failed to process UDP: Duplicated
W(164233) OPENTHREAD:[W] Mle-----------: Failed to process UDP: Duplicated
I chip[NP]: Reverting Thread operational dataset
I(164304) OPENTHREAD:[N] Mle-----------: Role router -> detached
I(164305) OPENTHREAD:[N] Mle-----------: Role detached -> disabled
E chip[ZCL]: OpCreds: Got FailSafeTimerExpired
E chip[ZCL]: OpCreds: Proceeding to FailSafeCleanup on fail-safe expiry!
E chip[FP]: Reverting pending fabric data for fabric 0x1
E chip[FP]: Warning: metadata not found during delete of fabric 0x1
I chip[FP]: Fabric (0x1) deleted.
I chip[ZCL]: OpCreds: Fabric index 0x1 was removed
I chip[DIS]: Updating services using commissioning mode 1
I chip[DIS]: Advertise commission parameter vendorID=65521 productID=32768 discriminator=3840/15 cm=1 cp=0
I chip[TS]: Pending Last Known Good Time: 2026-01-25T05:17:54
I chip[TS]: Previous Last Known Good Time: 2026-01-25T05:03:03
I chip[TS]: Reverted Last Known Good Time to previous value
E chip[FP]: Warning: metadata not found during delete of fabric 0x1
I chip[ZCL]: OpCreds: Fabric index 0x1 was removed
I chip[DIS]: Updating services using commissioning mode 1
I chip[DIS]: Advertise commission parameter vendorID=65521 productID=32768 discriminator=3840/15 cm=1 cp=0
E chip[SVR]: Warning, failed to delete GroupDataProvider state for fabric index 0x1: d8
E chip[ZCL]: OpCreds: failed to delete fabric at index 1: d8
I (164340) esp_matter_attribute: ********** R : Endpoint 0x0000's Cluster 0x00000030's Attribute 0x00000000 is 30 **********
I (164340) esp_matter_attribute: ********** W : Endpoint 0x0000's Cluster 0x00000030's Attribute 0x00000000 is 0 **********
I (164342) OT_STATE: netif down
I chip[FS]: Fail-safe cleanly disarmed
I chip[DL]: Configuring CHIPoBLE advertising (interval 25 ms, connectable)
I (164347) NimBLE: GAP procedure initiated: advertise; 
I (164348) NimBLE: disc_mode=2
I (164348) NimBLE:  adv_channel_map=0 own_addr_type=1 adv_filter_policy=0 adv_itvl_min=40 adv_itvl_max=40
I (164348) NimBLE: 

I chip[DL]: CHIPoBLE advertising started
I (164350) esp_matter_core: BLE Disconnected
I chip[DIS]: Updating services using commissioning mode 1
I chip[DIS]: Advertise commission parameter vendorID=65521 productID=32768 discriminator=3840/15 cm=1 cp=0
I chip[DL]: Updating advertising data
I chip[DL]: Configuring CHIPoBLE advertising (interval 25 ms, connectable)
I chip[DL]: Device already advertising, stop active advertisement and restart
I (164355) NimBLE: GAP procedure initiated: stop advertising.

I (164356) NimBLE: GAP procedure initiated: advertise; 
I (164356) NimBLE: disc_mode=2
I (164356) NimBLE:  adv_channel_map=0 own_addr_type=1 adv_filter_policy=0 adv_itvl_min=40 adv_itvl_max=40
I (164356) NimBLE: 

I (165980) esp_matter_attribute: ********** R : Endpoint 0x0001's Cluster 0x00000402's Attribute 0x00000000 is 1986 **********
I (165980) esp_matter_attribute: ********** R : Endpoint 0x0002's Cluster 0x00000405's Attribute 0x00000000 is 5341 **********
I (165981) esp_matter_attribute: ********** W : Endpoint 0x0002's Cluster 0x00000405's Attribute 0x00000000 is 5344 **********
I (165981) esp_matter_attribute: ********** R : Endpoint 0x0003's Cluster 0x0000040D's Attribute 0x00000000 is 500.000000 **********
I (165983) esp_clock: RTC 21:20 (PM) | Display 09:20 | Temp 67.7 F | RH 53.4%
I (170997) esp_clock: RTC 21:20 (PM) | Display 09:20 | Temp 67.7 F | RH 53.4%
I (176010) esp_clock: RTC 21:20 (PM) | Display 09:20 | Temp 67.7 F | RH 53.4%
I (181016) esp_matter_attribute: ********** R : Endpoint 0x0001's Cluster 0x00000402's Attribute 0x00000000 is 1986 **********
I (181016) esp_matter_attribute: ********** R : Endpoint 0x0002's Cluster 0x00000405's Attribute 0x00000000 is 5344 **********
I (181017) esp_matter_attribute: ********** W : Endpoint 0x0002's Cluster 0x00000405's Attribute 0x00000000 is 5340 **********
I (181017) esp_matter_attribute: ********** R : Endpoint 0x0003's Cluster 0x0000040D's Attribute 0x00000000 is 500.000000 **********
I (181019) esp_clock: RTC 21:20 (PM) | Display 09:20 | Temp 67.7 F | RH 53.4%
I (186033) esp_clock: RTC 21:20 (PM) | Display 09:20 | Temp 67.8 F | RH 53.4%
I (191049) esp_clock: RTC 21:20 (PM) | Display 09:20 | Temp 67.7 F | RH 53.4%
I chip[DL]: bleAdv Timeout : Start slow advertisement
I chip[DL]: Configuring CHIPoBLE advertising (interval 500 ms, connectable)
I chip[DL]: Device already advertising, stop active advertisement and restart
I (193683) NimBLE: GAP procedure initiated: stop advertising.
