I (23) boot: ESP-IDF v5.5.2-227-g913c2b4f10 2nd stage bootloader
I (23) boot: compile time Jan 24 2026 20:01:12
I (24) boot: chip revision: v0.1
I (24) boot: efuse block revision: v0.3
I (24) qio_mode: Enabling default flash chip QIO
I (24) boot.esp32c6: SPI Speed      : 80MHz
I (25) boot.esp32c6: SPI Mode       : QIO
I (25) boot.esp32c6: SPI Flash Size : 4MB
I (25) boot: Enabling RNG early entropy source...
I (26) boot: Partition Table:
I (26) boot: ## Label            Usage          Type ST Offset   Length
I (26) boot:  0 esp_secure_cert  unknown          3f 06 0000d000 00002000
I (27) boot:  1 nvs              WiFi data        01 02 00010000 0000c000
I (27) boot:  2 nvs_keys         NVS keys         01 04 0001c000 00001000
I (28) boot:  3 phy_init         RF data          01 01 0001d000 00001000
I (28) boot:  4 factory          factory app      00 00 00020000 003d0000
I (29) boot:  5 ot               WiFi data        01 02 003f0000 00006000
I (29) boot: End of partition table
I (30) esp_image: segment 0: paddr=00020020 vaddr=42190020 size=3ba9ch (244380) map
I (74) esp_image: segment 1: paddr=0005bac4 vaddr=40800000 size=04554h ( 17748) load
I (79) esp_image: segment 2: paddr=00060020 vaddr=42000020 size=182dd4h (1584596) map
I (363) esp_image: segment 3: paddr=001e2dfc vaddr=40804554 size=19e80h (106112) load
I (391) boot: Loaded app from partition at offset 0x20000
I (391) boot: Disabling RNG early entropy source...
I (393) cpu_start: Unicore app
I (401) cpu_start: Pro cpu start user code
I (401) cpu_start: cpu freq: 160000000 Hz
I (401) app_init: Application information:
I (401) app_init: Project name:     esp_clock
I (402) app_init: App version:      890f927-dirty
I (402) app_init: Compile time:     Jan 24 2026 19:58:21
I (402) app_init: ELF file SHA256:  ee8ae3d22...
I (402) app_init: ESP-IDF:          v5.5.2-227-g913c2b4f10
I (403) efuse_init: Min chip rev:     v0.0
I (403) efuse_init: Max chip rev:     v0.99 
I (403) efuse_init: Chip rev:         v0.1
I (403) heap_init: Initializing. RAM available for dynamic allocation:
I (404) heap_init: At 40836F00 len 00045710 (277 KiB): RAM
I (404) heap_init: At 4087C610 len 00002F54 (11 KiB): RAM
I (404) heap_init: At 50000000 len 00003FE8 (15 KiB): RTCRAM
I (405) spi_flash: detected chip: generic
I (405) spi_flash: flash io: qio
I (407) sleep_gpio: Configure to isolate all GPIO pins in sleep state
I (407) sleep_gpio: Enable automatic switching of GPIO sleep configuration
I (408) main_task: Started on CPU0
I (408) main_task: Calling app_main()
esp_clock: printf path OK
I (423) esp_clock: esp_clock log path OK
I (428) esp_clock: OT NVS partition ready
I (429) esp_clock: OpenThread platform config set
E (429) OPENTHREAD: otPlatSettingsGet(158): OT NVS handle is invalid.
W (429) esp_clock: Thread dataset not commissioned; erased persistent info (0)
E (429) OPENTHREAD: otPlatSettingsGet(158): OT NVS handle is invalid.
I (429) esp_clock: Thread state (boot): role=disabled commissioned=no rloc16=0x0000
I (430) esp_clock: Thread addr (boot): link-local=0:0:0:0:0:0:0:0
I (430) esp_clock: Thread addr (boot): mesh-local=0:0:0:0:0:0:0:0
I (430) esp_clock: Thread addr (boot): rloc=0:0:0:0:0:0:0:0
I (445) esp_clock: RTC status OK (OSF=0)
I chip[DL]: NVS set: chip-counters/reboot-count = 2 (0x2)
I chip[DL]: Real time clock set to 946684800 (1999-12-31 16:00:00 UTC)
I (461) OPENTHREAD: Host connection mode none
I (461) phy_init: phy_version 343,b513b46,Nov 14 2025,16:34:12
I (462) BLE_INIT: Using main XTAL as clock source, chip ver: 1
I (462) BLE_INIT: ble controller commit:[b6027ae]
I (472) BLE_INIT: Bluetooth MAC: e4:b3:23:ad:89:d6
I (542) phy: libbtbb version: c493933, Nov 14 2025, 16:34:25
I (547) NimBLE: GAP procedure initiated: stop advertising.

I (548) CHIP[DL]: BLE host-controller synced
I (555) OPENTHREAD: OpenThread attached to netif
I chip[DL]: OpenThread started: OK
I chip[DL]: Setting OpenThread device type to ROUTER
I chip[SVR]: Initializing subscription resumption storage...
I chip[SVR]: Server initializing...
I chip[TS]: Last Known Good Time: 2026-01-25T03:57:52
I chip[DMG]: AccessControl: initializing
I chip[DMG]: Examples::AccessControlDelegate::Init
I chip[DMG]: AccessControl: setting
I chip[DMG]: DefaultAclStorage: initializing
I chip[DMG]: DefaultAclStorage: 0 entries loaded
I chip[SVR]: WARNING: mTestEventTriggerDelegate is null
I chip[ZCL]: Using ZAP configuration...
I (1061) esp_matter_cluster: Cluster plugin init common callback
I chip[DMG]: AccessControlCluster: initializing
I chip[ZCL]: WRITE ERR: ep 0 clus 0x0000_0030 attr 0x0000_0000 not supported
I chip[DIS]: Updating services using commissioning mode 1
E chip[DIS]: Failed to remove advertised services: 3
I chip[DIS]: Advertise commission parameter vendorID=65521 productID=32768 discriminator=3840/15 cm=1 cp=0
E chip[DIS]: Failed to advertise commissionable node: 3
E chip[DIS]: Failed to finalize service update: 3
I chip[IN]: CASE Server enabling CASE session setups
I chip[SVR]: Joining Multicast groups
I chip[SVR]: Server Listening...
I (1066) esp_matter_attribute: ********** R : Endpoint 0x0000's Cluster 0x0000003C's Attribute 0x0000FFFC is 0 **********
I (1067) data_model: Dynamic endpoint 0 added
I (1067) esp_matter_attribute: ********** R : Endpoint 0x0001's Cluster 0x00000003's Attribute 0x00000001 is 2 **********
I (1067) data_model: Dynamic endpoint 1 added
I (1068) esp_matter_attribute: ********** R : Endpoint 0x0002's Cluster 0x00000003's Attribute 0x00000001 is 2 **********
I (1068) data_model: Dynamic endpoint 2 added
I (1068) esp_matter_attribute: ********** R : Endpoint 0x0003's Cluster 0x00000003's Attribute 0x00000001 is 2 **********
I (1069) data_model: Dynamic endpoint 3 added
I chip[DL]: Configuring CHIPoBLE advertising (interval 25 ms, connectable)
I (1071) NimBLE: GAP procedure initiated: advertise; 
I (1071) NimBLE: disc_mode=2
I (1071) NimBLE:  adv_channel_map=0 own_addr_type=1 adv_filter_policy=0 adv_itvl_min=40 adv_itvl_max=40
I (1071) NimBLE: 

I (1072) esp_clock: Matter started (temp=1 hum=2 air=3)
I chip[DL]: CHIPoBLE advertising started
I (1074) esp_clock: display host=SPI2 MOSI=18 SCK=19 LATCH=20 CA1=0 CA2=1 CA3=2 CA4=21
I (1074) esp_clock: display page period = 2500 us (frame 100.0 Hz)
I (1076) main_task: Returned from app_main()
I (5538) esp_clock: RTC 20:08 (PM) | Display 08:08 | Temp 67.1 F | RH 56.4%
I (10552) esp_clock: RTC 20:08 (PM) | Display 08:08 | Temp 68.1 F | RH 53.8%
I (15558) esp_matter_attribute: ********** R : Endpoint 0x0001's Cluster 0x00000402's Attribute 0x00000000 is null **********
I (15558) esp_matter_attribute: ********** W : Endpoint 0x0001's Cluster 0x00000402's Attribute 0x00000000 is 2021 **********
I (15559) esp_matter_attribute: ********** R : Endpoint 0x0002's Cluster 0x00000405's Attribute 0x00000000 is null **********
I (15559) esp_matter_attribute: ********** W : Endpoint 0x0002's Cluster 0x00000405's Attribute 0x00000000 is 5293 **********
I (15560) esp_matter_attribute: ********** R : Endpoint 0x0003's Cluster 0x0000040D's Attribute 0x00000000 is null **********
I (15560) esp_matter_attribute: ********** W : Endpoint 0x0003's Cluster 0x0000040D's Attribute 0x00000000 is 500.000000 **********
I (15562) esp_clock: RTC 20:09 (PM) | Display 08:09 | Temp 68.4 F | RH 52.9%
I (20573) esp_clock: RTC 20:09 (PM) | Display 08:09 | Temp 68.4 F | RH 52.4%
I (25586) esp_clock: RTC 20:09 (PM) | Display 08:09 | Temp 68.6 F | RH 52.1%
I (30593) esp_matter_attribute: ********** R : Endpoint 0x0001's Cluster 0x00000402's Attribute 0x00000000 is 2021 **********
I (30593) esp_matter_attribute: ********** W : Endpoint 0x0001's Cluster 0x00000402's Attribute 0x00000000 is 2007 **********
I (30594) esp_matter_attribute: ********** R : Endpoint 0x0002's Cluster 0x00000405's Attribute 0x00000000 is 5293 **********
I (30594) esp_matter_attribute: ********** W : Endpoint 0x0002's Cluster 0x00000405's Attribute 0x00000000 is 5311 **********
I (30595) esp_matter_attribute: ********** R : Endpoint 0x0003's Cluster 0x0000040D's Attribute 0x00000000 is 500.000000 **********
I (30596) esp_clock: RTC 20:09 (PM) | Display 08:09 | Temp 68.1 F | RH 53.1%
I chip[DL]: bleAdv Timeout : Start slow advertisement
I chip[DL]: Configuring CHIPoBLE advertising (interval 500 ms, connectable)
I chip[DL]: Device already advertising, stop active advertisement and restart
I (31065) NimBLE: GAP procedure initiated: stop advertising.

I (31066) NimBLE: GAP procedure initiated: advertise; 
I (31066) NimBLE: disc_mode=2
I (31066) NimBLE:  adv_channel_map=0 own_addr_type=1 adv_filter_policy=0 adv_itvl_min=800 adv_itvl_max=800
I (31067) NimBLE: 

I (35608) esp_clock: RTC 20:09 (PM) | Display 08:09 | Temp 67.9 F | RH 54.2%
I (40621) esp_clock: RTC 20:09 (PM) | Display 08:09 | Temp 67.7 F | RH 54.9%
I (45628) esp_matter_attribute: ********** R : Endpoint 0x0001's Cluster 0x00000402's Attribute 0x00000000 is 2007 **********
I (45628) esp_matter_attribute: ********** W : Endpoint 0x0001's Cluster 0x00000402's Attribute 0x00000000 is 1982 **********
I (45629) esp_matter_attribute: ********** R : Endpoint 0x0002's Cluster 0x00000405's Attribute 0x00000000 is 5311 **********
I (45629) esp_matter_attribute: ********** W : Endpoint 0x0002's Cluster 0x00000405's Attribute 0x00000000 is 5507 **********
I (45630) esp_matter_attribute: ********** R : Endpoint 0x0003's Cluster 0x0000040D's Attribute 0x00000000 is 500.000000 **********
I (45631) esp_clock: RTC 20:09 (PM) | Display 08:09 | Temp 67.7 F | RH 55.1%
I (50643) esp_clock: RTC 20:09 (PM) | Display 08:09 | Temp 67.6 F | RH 55.3%
I (55656) esp_clock: RTC 20:09 (PM) | Display 08:09 | Temp 67.6 F | RH 55.5%
I chip[DL]: BLE GAP connection established (con 0)
I chip[DL]: CHIPoBLE advertising stopped
I (60664) esp_matter_attribute: ********** R : Endpoint 0x0001's Cluster 0x00000402's Attribute 0x00000000 is 1982 **********
I (60665) esp_matter_attribute: ********** W : Endpoint 0x0001's Cluster 0x00000402's Attribute 0x00000000 is 1976 **********
I (60665) esp_matter_attribute: ********** R : Endpoint 0x0002's Cluster 0x00000405's Attribute 0x00000000 is 5507 **********
I (60665) esp_matter_attribute: ********** W : Endpoint 0x0002's Cluster 0x00000405's Attribute 0x00000000 is 5549 **********
I (60666) esp_matter_attribute: ********** R : Endpoint 0x0003's Cluster 0x0000040D's Attribute 0x00000000 is 500.000000 **********
I (60668) esp_clock: RTC 20:09 (PM) | Display 08:09 | Temp 67.6 F | RH 55.5%
I (60736) CHIP[DL]: Write request received for CHIPoBLE RX characteristic con 0 16
I chip[BLE]: local and remote recv window sizes = 5
I chip[BLE]: selected BTP version 4
I chip[BLE]: using BTP fragment sizes rx 244 / tx 244.
I chip[DL]: Write request/command received for CHIPoBLE TX CCCD characteristic (con 0 ) indicate = 1
I chip[DL]: CHIPoBLE subscribe received
I (60977) NimBLE: GATT procedure initiated: indicate; 
I (60977) NimBLE: att_handle=18

I chip[DL]: Confirm received for CHIPoBLE TX characteristic indication (con 0) status= 14 
I (61037) CHIP[DL]: Write request received for CHIPoBLE RX characteristic con 0 16
I chip[EM]: >>> [E:26389r S:0 M:180363922] (U) Msg RX from 0:EFE391A0C5F6463C [0000] to 0000000000000000 --- Type 0000:20 (SecureChannel:PBKDFParamRequest) (B:98)
I chip[EM]: <<< [E:26389r S:0 M:25035046] (U) Msg TX from 0000000000000000 to 0:EFE391A0C5F6463C [0000] [BLE] --- Type 0000:21 (SecureChannel:PBKDFParamResponse) (B:154)
I (61042) NimBLE: GATT procedure initiated: indicate; 
I (61042) NimBLE: att_handle=18

I chip[SVR]: Commissioning session establishment step started
I chip[DL]: Confirm received for CHIPoBLE TX characteristic indication (con 0) status= 14 
I (61098) CHIP[DL]: Write request received for CHIPoBLE RX characteristic con 0 16
I chip[EM]: >>> [E:26389r S:0 M:180363923] (U) Msg RX from 0:EFE391A0C5F6463C [0000] to 0000000000000000 --- Type 0000:22 (SecureChannel:PASE_Pake1) (B:92)
I chip[EM]: <<< [E:26389r S:0 M:25035047] (U) Msg TX from 0000000000000000 to 0:EFE391A0C5F6463C [0000] [BLE] --- Type 0000:23 (SecureChannel:PASE_Pake2) (B:127)
I (61177) NimBLE: GATT procedure initiated: indicate; 
I (61177) NimBLE: att_handle=18

I chip[DL]: Confirm received for CHIPoBLE TX characteristic indication (con 0) status= 14 
I (61217) CHIP[DL]: Write request received for CHIPoBLE RX characteristic con 0 16
I chip[EM]: >>> [E:26389r S:0 M:180363924] (U) Msg RX from 0:EFE391A0C5F6463C [0000] to 0000000000000000 --- Type 0000:24 (SecureChannel:PASE_Pake3) (B:59)
I chip[EM]: <<< [E:26389r S:0 M:25035048] (U) Msg TX from 0000000000000000 to 0:EFE391A0C5F6463C [0000] [BLE] --- Type 0000:40 (SecureChannel:StatusReport) (B:30)
I (61221) NimBLE: GATT procedure initiated: indicate; 
I (61221) NimBLE: att_handle=18

I chip[SC]: SecureSession[0x40822e98, LSID:29147]: State change 'kEstablishing' --> 'kActive'
I chip[SVR]: Commissioning completed session establishment step
I chip[DIS]: Updating services using commissioning mode 0
E chip[DIS]: Failed to remove advertised services: 3
I chip[DIS]: Advertise commission parameter vendorID=65521 productID=32768 discriminator=3840/15 cm=0 cp=0
E chip[DIS]: Failed to advertise extended commissionable node: 3
E chip[DIS]: Failed to finalize service update: 3
I chip[SVR]: Device completed Rendezvous process
I (61226) esp_clock: Matter commissioning session started
I (61226) esp_clock: Thread state (commissioning-start): role=disabled commissioned=no rloc16=0xfffe
I (61226) esp_clock: Thread addr (commissioning-start): link-local=fe80:0:0:0:48ac:ccfe:a7db:2587
I (61227) esp_clock: Thread addr (commissioning-start): mesh-local=fdde:ad00:beef:0:458a:66f5:b3b2:5696
I (61228) esp_clock: Thread addr (commissioning-start): rloc=fdde:ad00:beef:0:0:ff:fe00:0
I chip[DL]: Confirm received for CHIPoBLE TX characteristic indication (con 0) status= 14 
I (61278) CHIP[DL]: Write request received for CHIPoBLE RX characteristic con 0 16
I chip[EM]: >>> [E:26390r S:29147 M:159405242] (S) Msg RX from 0:FFFFFFFB00000000 [0000] to 0000000000000000 --- Type 0001:02 (IM:ReadRequest) (B:136)
E chip[DMG]: Fail to retrieve data, roll back and encode status on clusterId: 0x0000_0030, attributeId: 0x0000_000Cerr = 586
I chip[DL]: NVS set: chip-config/reg-location = 0 (0x0)
I (61293) esp_matter_attribute: ********** R : Endpoint 0x0000's Cluster 0x00000030's Attribute 0x00000000 is 0 **********
I chip[EM]: <<< [E:26390r S:29147 M:192057778] (S) Msg TX from 0000000000000000 to 0:FFFFFFFB00000000 [0000] [BLE] --- Type 0001:05 (IM:ReportData) (B:253)
I (61297) NimBLE: GATT procedure initiated: indicate; 
I (61298) NimBLE: att_handle=18

I chip[DL]: Confirm received for CHIPoBLE TX characteristic indication (con 0) status= 14 
I (61336) NimBLE: GATT procedure initiated: indicate; 
I (61337) NimBLE: att_handle=18

I chip[DL]: Confirm received for CHIPoBLE TX characteristic indication (con 0) status= 14 
I (61397) CHIP[DL]: Write request received for CHIPoBLE RX characteristic con 0 16
I chip[EM]: >>> [E:26391r S:29147 M:159405243] (S) Msg RX from 0:FFFFFFFB00000000 [0000] to 0000000000000000 --- Type 0001:02 (IM:ReadRequest) (B:128)
E chip[DMG]: Read request on unknown cluster - no data version available
E chip[DMG]: Fail to retrieve data, roll back and encode status on clusterId: 0x0000_0046, attributeId: 0x0000_0002err = 5c3
E chip[DMG]: Read request on unknown cluster - no data version available
E chip[DMG]: Fail to retrieve data, roll back and encode status on clusterId: 0x0000_0046, attributeId: 0x0000_0001err = 5c3
E chip[DMG]: Read request on unknown cluster - no data version available
E chip[DMG]: Fail to retrieve data, roll back and encode status on clusterId: 0x0000_0046, attributeId: 0x0000_0000err = 5c3
E chip[DMG]: Read request on unknown cluster - no data version available
E chip[DMG]: Fail to retrieve data, roll back and encode status on clusterId: 0x0000_0046, attributeId: 0x0000_0007err = 5c3
E chip[DMG]: Read request on unknown cluster - no data version available
E chip[DMG]: Fail to retrieve data, roll back and encode status on clusterId: 0x0000_0046, attributeId: 0x0000_0006err = 5c3
I chip[EM]: <<< [E:26391r S:29147 M:192057779] (S) Msg TX from 0000000000000000 to 0:FFFFFFFB00000000 [0000] [BLE] --- Type 0001:05 (IM:ReportData) (B:456)
I (61418) NimBLE: GATT procedure initiated: indicate; 
I (61418) NimBLE: att_handle=18

I chip[DL]: Confirm received for CHIPoBLE TX characteristic indication (con 0) status= 14 
I (61456) NimBLE: GATT procedure initiated: indicate; 
I (61457) NimBLE: att_handle=18

I chip[DL]: Confirm received for CHIPoBLE TX characteristic indication (con 0) status= 14 
I (61517) CHIP[DL]: Write request received for CHIPoBLE RX characteristic con 0 16
I chip[EM]: >>> [E:26392r S:29147 M:159405244] (S) Msg RX from 0:FFFFFFFB00000000 [0000] to 0000000000000000 --- Type 0001:02 (IM:ReadRequest) (B:73)
E chip[DMG]: Read request on unknown cluster - no data version available
E chip[DMG]: Fail to retrieve data, roll back and encode status on clusterId: 0x1349_FC00, attributeId: 0x0000_0001err = 5c3
I chip[EM]: <<< [E:26392r S:29147 M:192057780] (S) Msg TX from 0000000000000000 to 0:FFFFFFFB00000000 [0000] [BLE] --- Type 0001:05 (IM:ReportData) (B:161)
I (61528) NimBLE: GATT procedure initiated: indicate; 
I (61528) NimBLE: att_handle=18

I chip[DL]: Confirm received for CHIPoBLE TX characteristic indication (con 0) status= 14 
I (61577) CHIP[DL]: Write request received for CHIPoBLE RX characteristic con 0 16
I chip[EM]: >>> [E:26393r S:29147 M:159405245] (S) Msg RX from 0:FFFFFFFB00000000 [0000] to 0000000000000000 --- Type 0001:08 (IM:InvokeCommandRequest) (B:65)
I chip[FS]: GeneralCommissioning: Received ArmFailSafe (60s)
I (61582) esp_matter_attribute: ********** R : Endpoint 0x0000's Cluster 0x00000030's Attribute 0x00000000 is 0 **********
I (61583) esp_matter_attribute: ********** W : Endpoint 0x0000's Cluster 0x00000030's Attribute 0x00000000 is 3 **********
I chip[EM]: <<< [E:26393r S:29147 M:192057781] (S) Msg TX from 0000000000000000 to 0:FFFFFFFB00000000 [0000] [BLE] --- Type 0001:09 (IM:InvokeCommandResponse) (B:66)
I (61586) NimBLE: GATT procedure initiated: indicate; 
I (61586) NimBLE: att_handle=18

I chip[DL]: Confirm received for CHIPoBLE TX characteristic indication (con 0) status= 14 
I (61638) CHIP[DL]: Write request received for CHIPoBLE RX characteristic con 0 16
I chip[EM]: >>> [E:26394r S:29147 M:159405246] (S) Msg RX from 0:FFFFFFFB00000000 [0000] to 0000000000000000 --- Type 0001:08 (IM:InvokeCommandRequest) (B:70)
I chip[DL]: NVS set: chip-config/reg-location = 0 (0x0)
I chip[DL]: NVS set: chip-config/country-code = "US"
I (61645) esp_matter_attribute: ********** R : Endpoint 0x0000's Cluster 0x00000030's Attribute 0x00000000 is 3 **********
I (61645) esp_matter_attribute: ********** W : Endpoint 0x0000's Cluster 0x00000030's Attribute 0x00000000 is 4 **********
I chip[EM]: <<< [E:26394r S:29147 M:192057782] (S) Msg TX from 0000000000000000 to 0:FFFFFFFB00000000 [0000] [BLE] --- Type 0001:09 (IM:InvokeCommandResponse) (B:66)
I (61648) NimBLE: GATT procedure initiated: indicate; 
I (61648) NimBLE: att_handle=18

I chip[DL]: Confirm received for CHIPoBLE TX characteristic indication (con 0) status= 14 
I (61697) CHIP[DL]: Write request received for CHIPoBLE RX characteristic con 0 16
I chip[EM]: >>> [E:26395r S:29147 M:159405247] (S) Msg RX from 0:FFFFFFFB00000000 [0000] to 0000000000000000 --- Type 0001:08 (IM:InvokeCommandRequest) (B:62)
I (61701) esp_matter_command: Received command 0x00000002 for endpoint 0x0000's cluster 0x0000003E
I chip[ZCL]: OpCreds: Certificate Chain request received for PAI
I chip[EM]: <<< [E:26395r S:29147 M:192057783] (S) Msg TX from 0000000000000000 to 0:FFFFFFFB00000000 [0000] [BLE] --- Type 0001:09 (IM:InvokeCommandResponse) (B:527)
I (61707) NimBLE: GATT procedure initiated: indicate; 
I (61707) NimBLE: att_handle=18

I chip[DL]: Confirm received for CHIPoBLE TX characteristic indication (con 0) status= 14 
I (61756) NimBLE: GATT procedure initiated: indicate; 
I (61757) NimBLE: att_handle=18

I chip[DL]: Confirm received for CHIPoBLE TX characteristic indication (con 0) status= 14 
I (61816) NimBLE: GATT procedure initiated: indicate; 
I (61816) NimBLE: att_handle=18

I chip[DL]: Confirm received for CHIPoBLE TX characteristic indication (con 0) status= 14 
I (61877) CHIP[DL]: Write request received for CHIPoBLE RX characteristic con 0 16
I chip[EM]: >>> [E:26396r S:29147 M:159405248] (S) Msg RX from 0:FFFFFFFB00000000 [0000] to 0000000000000000 --- Type 0001:08 (IM:InvokeCommandRequest) (B:62)
I (61881) esp_matter_command: Received command 0x00000002 for endpoint 0x0000's cluster 0x0000003E
I chip[ZCL]: OpCreds: Certificate Chain request received for DAC
I chip[EM]: <<< [E:26396r S:29147 M:192057784] (S) Msg TX from 0000000000000000 to 0:FFFFFFFB00000000 [0000] [BLE] --- Type 0001:09 (IM:InvokeCommandResponse) (B:557)
I (61887) NimBLE: GATT procedure initiated: indicate; 
I (61887) NimBLE: att_handle=18

I chip[DL]: Confirm received for CHIPoBLE TX characteristic indication (con 0) status= 14 
I (61936) NimBLE: GATT procedure initiated: indicate; 
I (61937) NimBLE: att_handle=18

I chip[DL]: Confirm received for CHIPoBLE TX characteristic indication (con 0) status= 14 
I (61996) NimBLE: GATT procedure initiated: indicate; 
I (61996) NimBLE: att_handle=18

I chip[DL]: Confirm received for CHIPoBLE TX characteristic indication (con 0) status= 14 
I (62057) CHIP[DL]: Write request received for CHIPoBLE RX characteristic con 0 16
I chip[EM]: >>> [E:26397r S:29147 M:159405249] (S) Msg RX from 0:FFFFFFFB00000000 [0000] to 0000000000000000 --- Type 0001:08 (IM:InvokeCommandRequest) (B:94)
I (62061) esp_matter_command: Received command 0x00000000 for endpoint 0x0000's cluster 0x0000003E
I chip[ZCL]: OpCreds: Received an AttestationRequest command
I chip[ZCL]: OpCreds: AttestationRequest successful.
I chip[EM]: <<< [E:26397r S:29147 M:192057785] (S) Msg TX from 0000000000000000 to 0:FFFFFFFB00000000 [0000] [BLE] --- Type 0001:09 (IM:InvokeCommandResponse) (B:714)
I (62094) NimBLE: GATT procedure initiated: indicate; 
I (62094) NimBLE: att_handle=18

I chip[DL]: Confirm received for CHIPoBLE TX characteristic indication (con 0) status= 14 
I (62146) NimBLE: GATT procedure initiated: indicate; 
I (62147) NimBLE: att_handle=18

I chip[DL]: Confirm received for CHIPoBLE TX characteristic indication (con 0) status= 14 
I (62206) NimBLE: GATT procedure initiated: indicate; 
I (62206) NimBLE: att_handle=18

I chip[DL]: Confirm received for CHIPoBLE TX characteristic indication (con 0) status= 14 
I (62267) CHIP[DL]: Write request received for CHIPoBLE RX characteristic con 0 16
I chip[EM]: >>> [E:26398r S:29147 M:159405250] (S) Msg RX from 0:FFFFFFFB00000000 [0000] to 0000000000000000 --- Type 0001:08 (IM:InvokeCommandRequest) (B:65)
I chip[FS]: GeneralCommissioning: Received ArmFailSafe (60s)
I (62272) esp_matter_attribute: ********** R : Endpoint 0x0000's Cluster 0x00000030's Attribute 0x00000000 is 4 **********
I (62272) esp_matter_attribute: ********** W : Endpoint 0x0000's Cluster 0x00000030's Attribute 0x00000000 is 13 **********
I chip[EM]: <<< [E:26398r S:29147 M:192057786] (S) Msg TX from 0000000000000000 to 0:FFFFFFFB00000000 [0000] [BLE] --- Type 0001:09 (IM:InvokeCommandResponse) (B:66)
I (62276) NimBLE: GATT procedure initiated: indicate; 
I (62276) NimBLE: att_handle=18

I chip[DL]: Confirm received for CHIPoBLE TX characteristic indication (con 0) status= 14 
I (63436) CHIP[DL]: Write request received for CHIPoBLE RX characteristic con 0 16
I chip[EM]: >>> [E:26399r S:29147 M:159405251] (S) Msg RX from 0:FFFFFFFB00000000 [0000] to 0000000000000000 --- Type 0001:08 (IM:InvokeCommandRequest) (B:94)
I (63441) esp_matter_command: Received command 0x00000004 for endpoint 0x0000's cluster 0x0000003E
I chip[ZCL]: OpCreds: Received a CSRRequest command
I chip[ZCL]: OpCreds: AllocatePendingOperationalKey succeeded
I chip[ZCL]: OpCreds: CSRRequest successful.
I chip[EM]: <<< [E:26399r S:29147 M:192057787] (S) Msg TX from 0000000000000000 to 0:FFFFFFFB00000000 [0000] [BLE] --- Type 0001:09 (IM:InvokeCommandResponse) (B:372)
I (63506) NimBLE: GATT procedure initiated: indicate; 
I (63506) NimBLE: att_handle=18

I chip[DL]: Confirm received for CHIPoBLE TX characteristic indication (con 0) status= 14 
I (63556) NimBLE: GATT procedure initiated: indicate; 
I (63557) NimBLE: att_handle=18

I chip[DL]: Confirm received for CHIPoBLE TX characteristic indication (con 0) status= 14 
I (63648) CHIP[DL]: Write request received for CHIPoBLE RX characteristic con 0 16
I (63706) CHIP[DL]: Write request received for CHIPoBLE RX characteristic con 0 16
I chip[EM]: >>> [E:26400r S:29147 M:159405252] (S) Msg RX from 0:FFFFFFFB00000000 [0000] to 0000000000000000 --- Type 0001:08 (IM:InvokeCommandRequest) (B:308)
I (63711) esp_matter_command: Received command 0x0000000B for endpoint 0x0000's cluster 0x0000003E
I chip[ZCL]: OpCreds: Received an AddTrustedRootCertificate command
I chip[ZCL]: OpCreds: AddTrustedRootCertificate successful.
I chip[EM]: <<< [E:26400r S:29147 M:192057788] (S) Msg TX from 0000000000000000 to 0:FFFFFFFB00000000 [0000] [BLE] --- Type 0001:09 (IM:InvokeCommandResponse) (B:63)
I (63763) NimBLE: GATT procedure initiated: indicate; 
I (63763) NimBLE: att_handle=18

I chip[DL]: Confirm received for CHIPoBLE TX characteristic indication (con 0) status= 14 
I (63798) CHIP[DL]: Write request received for CHIPoBLE RX characteristic con 0 16
I (63856) CHIP[DL]: Write request received for CHIPoBLE RX characteristic con 0 16
I chip[EM]: >>> [E:26401r S:29147 M:159405253] (S) Msg RX from 0:FFFFFFFB00000000 [0000] to 0000000000000000 --- Type 0001:08 (IM:InvokeCommandRequest) (B:347)
I (63862) esp_matter_command: Received command 0x00000006 for endpoint 0x0000's cluster 0x0000003E
I chip[ZCL]: OpCreds: Received an AddNOC command
I chip[FP]: Validating NOC chain
I chip[FP]: NOC chain validation successful
I chip[FP]: Added new fabric at index: 0x1
I chip[FP]: Assigned compressed fabric ID: 0x11166AD2C3262286, node ID: 0x0000000019F2BB3D
I chip[TS]: Last Known Good Time: 2026-01-25T03:57:52
I chip[TS]: New proposed Last Known Good Time: 2026-01-25T04:10:01
I chip[TS]: Updating pending Last Known Good Time to 2026-01-25T04:10:01
I chip[ZCL]: OpCreds: ACL entry created for Fabric index 0x1 CASE Admin Subject 0x00000000DB4609DC
I chip[DIS]: Advertise operational node 11166AD2C3262286-0000000019F2BB3D
E chip[SVR]: Operational advertising failed: 3
I chip[ZCL]: OpCreds: successfully created fabric index 0x1 via AddNOC
I chip[EM]: <<< [E:26401r S:29147 M:192057789] (S) Msg TX from 0000000000000000 to 1:FFFFFFFB00000000 [2286] [BLE] --- Type 0001:09 (IM:InvokeCommandResponse) (B:66)
I (63927) NimBLE: GATT procedure initiated: indicate; 
I (63927) NimBLE: att_handle=18

I chip[DL]: Confirm received for CHIPoBLE TX characteristic indication (con 0) status= 14 
I (63978) CHIP[DL]: Write request received for CHIPoBLE RX characteristic con 0 16
I chip[EM]: >>> [E:26402r S:29147 M:159405254] (S) Msg RX from 1:FFFFFFFB00000000 [2286] to 0000000000000000 --- Type 0001:08 (IM:InvokeCommandRequest) (B:172)
I (63985) esp_matter_attribute: ********** R : Endpoint 0x0000's Cluster 0x00000030's Attribute 0x00000000 is 13 **********
I (63985) esp_matter_attribute: ********** W : Endpoint 0x0000's Cluster 0x00000030's Attribute 0x00000000 is 24 **********
I chip[EM]: <<< [E:26402r S:29147 M:192057790] (S) Msg TX from 0000000000000000 to 1:FFFFFFFB00000000 [2286] [BLE] --- Type 0001:09 (IM:InvokeCommandResponse) (B:66)
I (63988) NimBLE: GATT procedure initiated: indicate; 
I (63988) NimBLE: att_handle=18

I chip[DL]: Confirm received for CHIPoBLE TX characteristic indication (con 0) status= 14 
I (64037) CHIP[DL]: Write request received for CHIPoBLE RX characteristic con 0 16
I chip[EM]: >>> [E:26403r S:29147 M:159405255] (S) Msg RX from 1:FFFFFFFB00000000 [2286] to 0000000000000000 --- Type 0001:08 (IM:InvokeCommandRequest) (B:65)
I chip[FS]: GeneralCommissioning: Received ArmFailSafe (77s)
I (64042) esp_matter_attribute: ********** R : Endpoint 0x0000's Cluster 0x00000030's Attribute 0x00000000 is 24 **********
I (64043) esp_matter_attribute: ********** W : Endpoint 0x0000's Cluster 0x00000030's Attribute 0x00000000 is 26 **********
I chip[EM]: <<< [E:26403r S:29147 M:192057791] (S) Msg TX from 0000000000000000 to 1:FFFFFFFB00000000 [2286] [BLE] --- Type 0001:09 (IM:InvokeCommandResponse) (B:66)
I (64046) NimBLE: GATT procedure initiated: indicate; 
I (64046) NimBLE: att_handle=18

I chip[DL]: Confirm received for CHIPoBLE TX characteristic indication (con 0) status= 14 
I (64098) CHIP[DL]: Write request received for CHIPoBLE RX characteristic con 0 16
I chip[EM]: >>> [E:26404r S:29147 M:159405256] (S) Msg RX from 1:FFFFFFFB00000000 [2286] to 0000000000000000 --- Type 0001:08 (IM:InvokeCommandRequest) (B:73)
I(64107) OPENTHREAD:[N] Mle-----------: Role disabled -> detached
I chip[DL]: Posting ESPSystemEvent: IP Event with eventId : 3
I chip[DL]: Posting ESPSystemEvent: IP Event with eventId : 3
I chip[DL]: Posting ESPSystemEvent: IP Event with eventId : 3
I chip[DL]: Posting ESPSystemEvent: IP Event with eventId : 3
I (64113) OT_STATE: netif up
I chip[DL]: Updating advertising data
I(64258) OPENTHREAD:[N] Mle-----------: Attach attempt 1, AnyPartition reattaching with Active Dataset
I(65063) OPENTHREAD:[N] Mle-----------: RLOC16 fffe -> bc6c
I(65063) OPENTHREAD:[N] Mle-----------: Role detached -> child
I chip[DL]: SRP Client was started, detected server: fd7f:4975:d3c5:0000:0000:00ff:fe00:fc11
I chip[DL]: Posting ESPSystemEvent: IP Event with eventId : 3
I chip[DL]: Posting ESPSystemEvent: IP Event with eventId : 3
I (65081) esp_matter_attribute: ********** R : Endpoint 0x0000's Cluster 0x00000030's Attribute 0x00000000 is 26 **********
I (65082) esp_matter_attribute: ********** W : Endpoint 0x0000's Cluster 0x00000030's Attribute 0x00000000 is 28 **********
I chip[EM]: <<< [E:26404r S:29147 M:192057792] (S) Msg TX from 0000000000000000 to 1:FFFFFFFB00000000 [2286] [BLE] --- Type 0001:09 (IM:InvokeCommandResponse) (B:65)
I (65085) NimBLE: GATT procedure initiated: indicate; 
I (65086) NimBLE: att_handle=18

I chip[DIS]: Advertise operational node 11166AD2C3262286-0000000019F2BB3D
E chip[SVR]: Operational advertising failed: 3
I chip[DL]: Confirm received for CHIPoBLE TX characteristic indication (con 0) status= 14 
I chip[SVR]: Server initialization complete
I chip[DIS]: Updating services using commissioning mode 0
I chip[DIS]: Advertise operational node 11166AD2C3262286-0000000019F2BB3D
I chip[DL]: advertising srp service: 11166AD2C3262286-0000000019F2BB3D._matter._tcp
I chip[DIS]: Advertise commission parameter vendorID=65521 productID=32768 discriminator=3840/15 cm=0 cp=0
I chip[DL]: advertising srp service: 56F1266CD612460E._matterc._udp
I chip[IM]: No subscriptions to resume
I (65686) esp_clock: RTC 20:09 (PM) | Display 08:09 | Temp 67.5 F | RH 55.6%
I chip[EM]: >>> [E:26405r S:0 M:180363925] (U) Msg RX from 0:517D59994DD3EB7B [0000] to 0000000000000000 --- Type 0000:30 (SecureChannel:CASE_Sigma1) (B:196)
I chip[IN]: CASE Server received Sigma1 message . Starting handshake. EC 0x408248c8
I chip[EM]: <<< [E:26405r S:0 M:25035049 (Ack:180363925)] (U) Msg TX from 0000000000000000 to 0:517D59994DD3EB7B [0000] [UDP:[FD7F:4975:D3C5:4F0A:412:E6FF:A34D:FF0F]:55804] --- Type 0000:10 (SecureChannel:StandaloneAck) (B:26)
I chip[SC]: Received Sigma1 msg
I chip[SC]: CASE matched destination ID: fabricIndex 1, NodeID 0x0000000019F2BB3D
I chip[EM]: <<< [E:26405r S:0 M:25035050 (Ack:180363925)] (U) Msg TX from 0000000000000000 to 0:517D59994DD3EB7B [0000] [UDP:[FD7F:4975:D3C5:4F0A:412:E6FF:A34D:FF0F]:55804] --- Type 0000:31 (SecureChannel:CASE_Sigma2) (B:529)
I chip[EM]: ??1 [E:26405r S:0 M:25035050] (U) Msg Retransmission to 0:0000000000000000 scheduled for 912ms from now [State:Active II:500 AI:300 AT:4000]
I chip[SC]: Sent Sigma2 msg
I chip[EM]: >>> [E:26405r S:0 M:180363925] (U) Msg RX from 0:517D59994DD3EB7B [0000] to 0000000000000000 --- Type 0000:30 (SecureChannel:CASE_Sigma1) (B:196)
I chip[EM]: <<< [E:26405r S:0 M:25035051 (Ack:180363925)] (U) Msg TX from 0000000000000000 to 0:517D59994DD3EB7B [0000] [UDP:[FD7F:4975:D3C5:4F0A:412:E6FF:A34D:FF0F]:55804] --- Type 0000:10 (SecureChannel:StandaloneAck) (B:26)
I chip[EM]: <<1 [E:26405r S:0 M:25035050] (U) Msg Retransmission to 0:0000000000000000
I chip[EM]: ??2 [E:26405r S:0 M:25035050] (U) Msg Retransmission to 0:0000000000000000 scheduled for 834ms from now [State:Active II:500 AI:300 AT:4000]
I (67666) CHIP[DL]: Write request received for CHIPoBLE RX characteristic con 0 16
I chip[EM]: <<2 [E:26405r S:0 M:25035050] (U) Msg Retransmission to 0:0000000000000000
I chip[EM]: ??3 [E:26405r S:0 M:25035050] (U) Msg Retransmission to 0:0000000000000000 scheduled for 1098ms from now [State:Active II:500 AI:300 AT:4000]
I chip[EM]: >>> [E:26405r S:0 M:180363925] (U) Msg RX from 0:517D59994DD3EB7B [0000] to 0000000000000000 --- Type 0000:30 (SecureChannel:CASE_Sigma1) (B:196)
I chip[EM]: <<< [E:26405r S:0 M:25035052 (Ack:180363925)] (U) Msg TX from 0000000000000000 to 0:517D59994DD3EB7B [0000] [UDP:[FD7F:4975:D3C5:4F0A:412:E6FF:A34D:FF0F]:55804] --- Type 0000:10 (SecureChannel:StandaloneAck) (B:26)
I chip[EM]: <<3 [E:26405r S:0 M:25035050] (U) Msg Retransmission to 0:0000000000000000
I chip[EM]: ??4 [E:26405r S:0 M:25035050] (U) Msg Retransmission to 0:0000000000000000 scheduled for 1423ms from now [State:Active II:500 AI:300 AT:4000]
I chip[EM]: >>> [E:26405r S:0 M:180363925] (U) Msg RX from 0:517D59994DD3EB7B [0000] to 0000000000000000 --- Type 0000:30 (SecureChannel:CASE_Sigma1) (B:196)
I chip[EM]: <<< [E:26405r S:0 M:25035053 (Ack:180363925)] (U) Msg TX from 0000000000000000 to 0:517D59994DD3EB7B [0000] [UDP:[FD7F:4975:D3C5:4F0A:412:E6FF:A34D:FF0F]:55804] --- Type 0000:10 (SecureChannel:StandaloneAck) (B:26)
I (70168) NimBLE: GATT procedure initiated: indicate; 
I (70168) NimBLE: att_handle=18

I chip[DL]: Confirm received for CHIPoBLE TX characteristic indication (con 0) status= 14 
I chip[EM]: <<4 [E:26405r S:0 M:25035050] (U) Msg Retransmission to 0:0000000000000000
I chip[EM]: ??5 [E:26405r S:0 M:25035050] (U) Msg Retransmission to 0:0000000000000000 scheduled for 2149ms from now [State:Active II:500 AI:300 AT:4000]
I (70701) esp_clock: RTC 20:09 (PM) | Display 08:09 | Temp 67.5 F | RH 55.6%
I chip[EM]: >>> [E:26405r S:0 M:180363925] (U) Msg RX from 0:517D59994DD3EB7B [0000] to 0000000000000000 --- Type 0000:30 (SecureChannel:CASE_Sigma1) (B:196)
I chip[EM]: <<< [E:26405r S:0 M:25035054 (Ack:180363925)] (U) Msg TX from 0000000000000000 to 0:517D59994DD3EB7B [0000] [UDP:[FD7F:4975:D3C5:4F0A:412:E6FF:A34D:FF0F]:55804] --- Type 0000:10 (SecureChannel:StandaloneAck) (B:26)
I (72706) CHIP[DL]: Write request received for CHIPoBLE RX characteristic con 0 16
E chip[EM]: <<5 [E:26405r S:0 M:25035050] (U) Msg Retransmission to 0:0000000000000000 failure (max retries:4)
I (75207) NimBLE: GATT procedure initiated: indicate; 
I (75207) NimBLE: att_handle=18

I chip[DL]: Confirm received for CHIPoBLE TX characteristic indication (con 0) status= 14 
I (75710) esp_matter_attribute: ********** R : Endpoint 0x0001's Cluster 0x00000402's Attribute 0x00000000 is 1976 **********
I (75710) esp_matter_attribute: ********** W : Endpoint 0x0001's Cluster 0x00000402's Attribute 0x00000000 is 1974 **********
I (75711) esp_matter_attribute: ********** R : Endpoint 0x0002's Cluster 0x00000405's Attribute 0x00000000 is 5549 **********
I (75711) esp_matter_attribute: ********** W : Endpoint 0x0002's Cluster 0x00000405's Attribute 0x00000000 is 5566 **********
I (75711) esp_matter_attribute: ********** R : Endpoint 0x0003's Cluster 0x0000040D's Attribute 0x00000000 is 500.000000 **********
I (75713) esp_clock: RTC 20:10 (PM) | Display 08:10 | Temp 67.5 F | RH 55.7%
W(75955) OPENTHREAD:[W] Mle-----------: Failed to process UDP: Duplicated
W(75961) OPENTHREAD:[W] Mle-----------: Failed to process UDP: Duplicated
I (77746) CHIP[DL]: Write request received for CHIPoBLE RX characteristic con 0 16
W(78510) OPENTHREAD:[W] Mle-----------: Failed to process UDP: Duplicated
I (80247) NimBLE: GATT procedure initiated: indicate; 
I (80247) NimBLE: att_handle=18

I chip[DL]: Confirm received for CHIPoBLE TX characteristic indication (con 0) status= 14 
I (80723) esp_clock: RTC 20:10 (PM) | Display 08:10 | Temp 67.5 F | RH 55.6%
I (82786) CHIP[DL]: Write request received for CHIPoBLE RX characteristic con 0 16
I (83776) CHIP[DL]: Write request received for CHIPoBLE RX characteristic con 0 16
I chip[EM]: >>> [E:26406r S:29147 M:159405257] (S) Msg RX from 1:FFFFFFFB00000000 [2286] to 0000000000000000 --- Type 0001:08 (IM:InvokeCommandRequest) (B:65)
I chip[FS]: GeneralCommissioning: Received ArmFailSafe (75s)
I (83781) esp_matter_attribute: ********** R : Endpoint 0x0000's Cluster 0x00000030's Attribute 0x00000000 is 28 **********
I (83781) esp_matter_attribute: ********** W : Endpoint 0x0000's Cluster 0x00000030's Attribute 0x00000000 is 30 **********
I chip[EM]: <<< [E:26406r S:29147 M:192057793] (S) Msg TX from 0000000000000000 to 1:FFFFFFFB00000000 [2286] [BLE] --- Type 0001:09 (IM:InvokeCommandResponse) (B:66)
I (83785) NimBLE: GATT procedure initiated: indicate; 
I (83785) NimBLE: att_handle=18

I chip[DL]: Confirm received for CHIPoBLE TX characteristic indication (con 0) status= 14 
I chip[EM]: >>> [E:26407r S:0 M:180363926] (U) Msg RX from 0:AA02F49F7CE2036D [0000] to 0000000000000000 --- Type 0000:30 (SecureChannel:CASE_Sigma1) (B:196)
I chip[IN]: Already in the middle of CASE handshake, sending busy status report
I chip[IN]: Sending status report, exchange 26407r
I chip[EM]: <<< [E:26407r S:0 M:25035055 (Ack:180363926)] (U) Msg TX from 0000000000000000 to 0:AA02F49F7CE2036D [0000] [UDP:[FD7F:4975:D3C5:4F0A:412:E6FF:A34D:FF0F]:55804] --- Type 0000:40 (SecureChannel:StatusReport) (B:36)
I chip[EM]: ??1 [E:26407r S:0 M:25035055] (U) Msg Retransmission to 0:0000000000000000 scheduled for 833ms from now [State:Active II:500 AI:300 AT:4000]
I (85739) esp_clock: RTC 20:10 (PM) | Display 08:10 | Temp 67.5 F | RH 55.7%
I chip[EM]: <<1 [E:26407r S:0 M:25035055] (U) Msg Retransmission to 0:0000000000000000
I chip[EM]: ??2 [E:26407r S:0 M:25035055] (U) Msg Retransmission to 0:0000000000000000 scheduled for 876ms from now [State:Active II:500 AI:300 AT:4000]
I chip[EM]: >>> [E:26407r S:0 M:180363926] (U) Msg RX from 0:AA02F49F7CE2036D [0000] to 0000000000000000 --- Type 0000:30 (SecureChannel:CASE_Sigma1) (B:196)
I chip[EM]: <<< [E:26407r S:0 M:25035056 (Ack:180363926)] (U) Msg TX from 0000000000000000 to 0:AA02F49F7CE2036D [0000] [UDP:[FD7F:4975:D3C5:4F0A:412:E6FF:A34D:FF0F]:55804] --- Type 0000:10 (SecureChannel:StandaloneAck) (B:26)
I (86326) CHIP[DL]: Write request received for CHIPoBLE RX characteristic con 0 16
I chip[EM]: <<2 [E:26407r S:0 M:25035055] (U) Msg Retransmission to 0:0000000000000000
I chip[EM]: ??3 [E:26407r S:0 M:25035055] (U) Msg Retransmission to 0:0000000000000000 scheduled for 1117ms from now [State:Active II:500 AI:300 AT:4000]
I chip[EM]: >>> [E:26407r S:0 M:180363926] (U) Msg RX from 0:AA02F49F7CE2036D [0000] to 0000000000000000 --- Type 0000:30 (SecureChannel:CASE_Sigma1) (B:196)
I chip[EM]: <<< [E:26407r S:0 M:25035057 (Ack:180363926)] (U) Msg TX from 0000000000000000 to 0:AA02F49F7CE2036D [0000] [UDP:[FD7F:4975:D3C5:4F0A:412:E6FF:A34D:FF0F]:55804] --- Type 0000:10 (SecureChannel:StandaloneAck) (B:26)
W(87482) OPENTHREAD:[W] Mle-----------: Failed to process UDP: Duplicated
W(87488) OPENTHREAD:[W] Mle-----------: Failed to process UDP: Duplicated
I chip[EM]: <<3 [E:26407r S:0 M:25035055] (U) Msg Retransmission to 0:0000000000000000
I chip[EM]: ??4 [E:26407r S:0 M:25035055] (U) Msg Retransmission to 0:0000000000000000 scheduled for 1490ms from now [State:Active II:500 AI:300 AT:4000]
I chip[EM]: >>> [E:26407r S:0 M:180363926] (U) Msg RX from 0:AA02F49F7CE2036D [0000] to 0000000000000000 --- Type 0000:30 (SecureChannel:CASE_Sigma1) (B:196)
I chip[EM]: <<< [E:26407r S:0 M:25035058 (Ack:180363926)] (U) Msg TX from 0000000000000000 to 0:AA02F49F7CE2036D [0000] [UDP:[FD7F:4975:D3C5:4F0A:412:E6FF:A34D:FF0F]:55804] --- Type 0000:10 (SecureChannel:StandaloneAck) (B:26)
I (88828) NimBLE: GATT procedure initiated: indicate; 
I (88828) NimBLE: att_handle=18

I chip[DL]: Confirm received for CHIPoBLE TX characteristic indication (con 0) status= 14 
I chip[EM]: <<4 [E:26407r S:0 M:25035055] (U) Msg Retransmission to 0:0000000000000000
I chip[EM]: ??5 [E:26407r S:0 M:25035055] (U) Msg Retransmission to 0:0000000000000000 scheduled for 2081ms from now [State:Active II:500 AI:300 AT:4000]
I (90747) esp_matter_attribute: ********** R : Endpoint 0x0001's Cluster 0x00000402's Attribute 0x00000000 is 1974 **********
I (90747) esp_matter_attribute: ********** W : Endpoint 0x0001's Cluster 0x00000402's Attribute 0x00000000 is 1972 **********
I (90748) esp_matter_attribute: ********** R : Endpoint 0x0002's Cluster 0x00000405's Attribute 0x00000000 is 5566 **********
I (90748) esp_matter_attribute: ********** W : Endpoint 0x0002's Cluster 0x00000405's Attribute 0x00000000 is 5573 **********
I (90749) esp_matter_attribute: ********** R : Endpoint 0x0003's Cluster 0x0000040D's Attribute 0x00000000 is 500.000000 **********
I (90750) esp_clock: RTC 20:10 (PM) | Display 08:10 | Temp 67.5 F | RH 55.7%
I chip[EM]: >>> [E:26407r S:0 M:180363926] (U) Msg RX from 0:AA02F49F7CE2036D [0000] to 0000000000000000 --- Type 0000:30 (SecureChannel:CASE_Sigma1) (B:196)
I chip[EM]: <<< [E:26407r S:0 M:25035059 (Ack:180363926)] (U) Msg TX from 0000000000000000 to 0:AA02F49F7CE2036D [0000] [UDP:[FD7F:4975:D3C5:4F0A:412:E6FF:A34D:FF0F]:55804] --- Type 0000:10 (SecureChannel:StandaloneAck) (B:26)
I (91366) CHIP[DL]: Write request received for CHIPoBLE RX characteristic con 0 16
E chip[EM]: <<5 [E:26407r S:0 M:25035055] (U) Msg Retransmission to 0:0000000000000000 failure (max retries:4)
W(93130) OPENTHREAD:[W] Mle-----------: Failed to process UDP: Duplicated
W(93135) OPENTHREAD:[W] Mle-----------: Failed to process UDP: Duplicated
I (93867) NimBLE: GATT procedure initiated: indicate; 
I (93867) NimBLE: att_handle=18

I chip[DL]: Confirm received for CHIPoBLE TX characteristic indication (con 0) status= 14 
I (95763) esp_clock: RTC 20:10 (PM) | Display 08:10 | Temp 67.5 F | RH 55.7%
I (96406) CHIP[DL]: Write request received for CHIPoBLE RX characteristic con 0 16
I (98907) NimBLE: GATT procedure initiated: indicate; 
I (98907) NimBLE: att_handle=18

I chip[DL]: Confirm received for CHIPoBLE TX characteristic indication (con 0) status= 14 
I (100776) esp_clock: RTC 20:10 (PM) | Display 08:10 | Temp 67.5 F | RH 55.8%
I (101446) CHIP[DL]: Write request received for CHIPoBLE RX characteristic con 0 16
I (102467) CHIP[DL]: Write request received for CHIPoBLE RX characteristic con 0 16
I chip[EM]: >>> [E:26408r S:29147 M:159405258] (S) Msg RX from 1:FFFFFFFB00000000 [2286] to 0000000000000000 --- Type 0001:08 (IM:InvokeCommandRequest) (B:65)
I chip[FS]: GeneralCommissioning: Received ArmFailSafe (114s)
I (102471) esp_matter_attribute: ********** R : Endpoint 0x0000's Cluster 0x00000030's Attribute 0x00000000 is 30 **********
I chip[EM]: <<< [E:26408r S:29147 M:192057794] (S) Msg TX from 0000000000000000 to 1:FFFFFFFB00000000 [2286] [BLE] --- Type 0001:09 (IM:InvokeCommandResponse) (B:66)
I (102475) NimBLE: GATT procedure initiated: indicate; 
I (102475) NimBLE: att_handle=18

I chip[DL]: Confirm received for CHIPoBLE TX characteristic indication (con 0) status= 14 
W(102607) OPENTHREAD:[W] Mle-----------: Failed to process UDP: Duplicated
W(102612) OPENTHREAD:[W] Mle-----------: Failed to process UDP: Duplicated
I (105016) CHIP[DL]: Write request received for CHIPoBLE RX characteristic con 0 16
W(105675) OPENTHREAD:[W] Mle-----------: Failed to process UDP: Duplicated
W(105683) OPENTHREAD:[W] Mle-----------: Failed to process UDP: Duplicated
I (105785) esp_matter_attribute: ********** R : Endpoint 0x0001's Cluster 0x00000402's Attribute 0x00000000 is 1972 **********
I (105785) esp_matter_attribute: ********** R : Endpoint 0x0002's Cluster 0x00000405's Attribute 0x00000000 is 5573 **********
I (105786) esp_matter_attribute: ********** W : Endpoint 0x0002's Cluster 0x00000405's Attribute 0x00000000 is 5580 **********
I (105786) esp_matter_attribute: ********** R : Endpoint 0x0003's Cluster 0x0000040D's Attribute 0x00000000 is 500.000000 **********
I (105788) esp_clock: RTC 20:10 (PM) | Display 08:10 | Temp 67.5 F | RH 55.8%
I (107518) NimBLE: GATT procedure initiated: indicate; 
I (107518) NimBLE: att_handle=18

I chip[DL]: Confirm received for CHIPoBLE TX characteristic indication (con 0) status= 14 
I (110056) CHIP[DL]: Write request received for CHIPoBLE RX characteristic con 0 16
I (110803) esp_clock: RTC 20:10 (PM) | Display 08:10 | Temp 67.5 F | RH 55.8%
I (112558) NimBLE: GATT procedure initiated: indicate; 
I (112558) NimBLE: att_handle=18

I chip[DL]: Confirm received for CHIPoBLE TX characteristic indication (con 0) status= 14 
I (115096) CHIP[DL]: Write request received for CHIPoBLE RX characteristic con 0 16
I (115813) esp_clock: RTC 20:10 (PM) | Display 08:10 | Temp 67.5 F | RH 55.8%
W(115900) OPENTHREAD:[W] Mle-----------: Failed to process UDP: Duplicated
W(115905) OPENTHREAD:[W] Mle-----------: Failed to process UDP: Duplicated
E chip[SC]: CASESession timed out while waiting for a response from peer <0000000000000000, 1>. Current state was 2
E chip[IN]: CASE Session establishment failed: 32
W(117354) OPENTHREAD:[W] Mle-----------: Failed to process UDP: Duplicated
I (117597) NimBLE: GATT procedure initiated: indicate; 
I (117597) NimBLE: att_handle=18

I chip[DL]: Confirm received for CHIPoBLE TX characteristic indication (con 0) status= 14 
I (120136) CHIP[DL]: Write request received for CHIPoBLE RX characteristic con 0 16
I (120823) esp_matter_attribute: ********** R : Endpoint 0x0001's Cluster 0x00000402's Attribute 0x00000000 is 1972 **********
I (120823) esp_matter_attribute: ********** W : Endpoint 0x0001's Cluster 0x00000402's Attribute 0x00000000 is 1969 **********
I (120824) esp_matter_attribute: ********** R : Endpoint 0x0002's Cluster 0x00000405's Attribute 0x00000000 is 5580 **********
I (120824) esp_matter_attribute: ********** W : Endpoint 0x0002's Cluster 0x00000405's Attribute 0x00000000 is 5587 **********
I (120825) esp_matter_attribute: ********** R : Endpoint 0x0003's Cluster 0x0000040D's Attribute 0x00000000 is 500.000000 **********
I (120827) esp_clock: RTC 20:10 (PM) | Display 08:10 | Temp 67.4 F | RH 55.9%
W (121078) esp_clock: Matter time sync unavailable; falling back to SNTP
I (122638) NimBLE: GATT procedure initiated: indicate; 
I (122638) NimBLE: att_handle=18

I chip[DL]: Confirm received for CHIPoBLE TX characteristic indication (con 0) status= 14 
W(123628) OPENTHREAD:[W] Mle-----------: Failed to process UDP: Duplicated
W(123635) OPENTHREAD:[W] Mle-----------: Failed to process UDP: Duplicated
I (125177) CHIP[DL]: Write request received for CHIPoBLE RX characteristic con 0 16
I (125838) esp_clock: RTC 20:10 (PM) | Display 08:10 | Temp 67.4 F | RH 55.9%
W(126073) OPENTHREAD:[W] Mle-----------: Failed to process UDP: Duplicated
I (127679) NimBLE: GATT procedure initiated: indicate; 
I (127679) NimBLE: att_handle=18

I chip[DL]: Confirm received for CHIPoBLE TX characteristic indication (con 0) status= 14 
I (130247) CHIP[DL]: Write request received for CHIPoBLE RX characteristic con 0 16
I (130855) esp_clock: RTC 20:10 (PM) | Display 08:10 | Temp 67.4 F | RH 55.8%
I (132749) NimBLE: GATT procedure initiated: indicate; 
I (132749) NimBLE: att_handle=18

I chip[DL]: Confirm received for CHIPoBLE TX characteristic indication (con 0) status= 14 
I (135317) CHIP[DL]: Write request received for CHIPoBLE RX characteristic con 0 16
I (135862) esp_matter_attribute: ********** R : Endpoint 0x0001's Cluster 0x00000402's Attribute 0x00000000 is 1969 **********
I (135862) esp_matter_attribute: ********** W : Endpoint 0x0001's Cluster 0x00000402's Attribute 0x00000000 is 1968 **********
I (135863) esp_matter_attribute: ********** R : Endpoint 0x0002's Cluster 0x00000405's Attribute 0x00000000 is 5587 **********
I (135863) esp_matter_attribute: ********** W : Endpoint 0x0002's Cluster 0x00000405's Attribute 0x00000000 is 5585 **********
I (135864) esp_matter_attribute: ********** R : Endpoint 0x0003's Cluster 0x0000040D's Attribute 0x00000000 is 500.000000 **********
I (135865) esp_clock: RTC 20:11 (PM) | Display 08:11 | Temp 67.4 F | RH 55.9%
W(137025) OPENTHREAD:[W] Mle-----------: Failed to process UDP: Duplicated
W(137030) OPENTHREAD:[W] Mle-----------: Failed to process UDP: Duplicated
I (137819) NimBLE: GATT procedure initiated: indicate; 
I (137819) NimBLE: att_handle=18

I chip[DL]: Confirm received for CHIPoBLE TX characteristic indication (con 0) status= 14 
W(138693) OPENTHREAD:[W] Mle-----------: Failed to process UDP: Duplicated
W(138697) OPENTHREAD:[W] Mle-----------: Failed to process UDP: Duplicated
I (140357) CHIP[DL]: Write request received for CHIPoBLE RX characteristic con 0 16
I (140878) esp_clock: RTC 20:11 (PM) | Display 08:11 | Temp 67.4 F | RH 55.8%
I (142859) NimBLE: GATT procedure initiated: indicate; 
I (142859) NimBLE: att_handle=18

I chip[DL]: Confirm received for CHIPoBLE TX characteristic indication (con 0) status= 14 
I chip[EM]: >>> [E:26409r S:0 M:180363927] (U) Msg RX from 0:9E5E9A1699BD3C37 [0000] to 0000000000000000 --- Type 0000:30 (SecureChannel:CASE_Sigma1) (B:196)
I chip[IN]: CASE Server received Sigma1 message . Starting handshake. EC 0x408248c8
I chip[EM]: <<< [E:26409r S:0 M:25035060 (Ack:180363927)] (U) Msg TX from 0000000000000000 to 0:9E5E9A1699BD3C37 [0000] [UDP:[FD7F:4975:D3C5:4F0A:412:E6FF:A34D:FF0F]:55804] --- Type 0000:10 (SecureChannel:StandaloneAck) (B:26)
I chip[SC]: Received Sigma1 msg
I chip[SC]: CASE matched destination ID: fabricIndex 1, NodeID 0x0000000019F2BB3D
I chip[EM]: <<< [E:26409r S:0 M:25035061 (Ack:180363927)] (U) Msg TX from 0000000000000000 to 0:9E5E9A1699BD3C37 [0000] [UDP:[FD7F:4975:D3C5:4F0A:412:E6FF:A34D:FF0F]:55804] --- Type 0000:31 (SecureChannel:CASE_Sigma2) (B:529)
I chip[EM]: ??1 [E:26409r S:0 M:25035061] (U) Msg Retransmission to 0:0000000000000000 scheduled for 876ms from now [State:Active II:500 AI:300 AT:4000]
I chip[SC]: Sent Sigma2 msg
I chip[EM]: >>> [E:26409r S:0 M:180363927] (U) Msg RX from 0:9E5E9A1699BD3C37 [0000] to 0000000000000000 --- Type 0000:30 (SecureChannel:CASE_Sigma1) (B:196)
I chip[EM]: <<< [E:26409r S:0 M:25035062 (Ack:180363927)] (U) Msg TX from 0000000000000000 to 0:9E5E9A1699BD3C37 [0000] [UDP:[FD7F:4975:D3C5:4F0A:412:E6FF:A34D:FF0F]:55804] --- Type 0000:10 (SecureChannel:StandaloneAck) (B:26)
I chip[EM]: <<1 [E:26409r S:0 M:25035061] (U) Msg Retransmission to 0:0000000000000000
I chip[EM]: ??2 [E:26409r S:0 M:25035061] (U) Msg Retransmission to 0:0000000000000000 scheduled for 881ms from now [State:Active II:500 AI:300 AT:4000]
I chip[EM]: <<2 [E:26409r S:0 M:25035061] (U) Msg Retransmission to 0:0000000000000000
I chip[EM]: ??3 [E:26409r S:0 M:25035061] (U) Msg Retransmission to 0:0000000000000000 scheduled for 1086ms from now [State:Active II:500 AI:300 AT:4000]
I chip[EM]: >>> [E:26409r S:0 M:180363927] (U) Msg RX from 0:9E5E9A1699BD3C37 [0000] to 0000000000000000 --- Type 0000:30 (SecureChannel:CASE_Sigma1) (B:196)
I chip[EM]: <<< [E:26409r S:0 M:25035063 (Ack:180363927)] (U) Msg TX from 0000000000000000 to 0:9E5E9A1699BD3C37 [0000] [UDP:[FD7F:4975:D3C5:4F0A:412:E6FF:A34D:FF0F]:55804] --- Type 0000:10 (SecureChannel:StandaloneAck) (B:26)
I (145397) CHIP[DL]: Write request received for CHIPoBLE RX characteristic con 0 16
I (145895) esp_clock: RTC 20:11 (PM) | Display 08:11 | Temp 67.4 F | RH 55.9%
I chip[EM]: <<3 [E:26409r S:0 M:25035061] (U) Msg Retransmission to 0:0000000000000000
I chip[EM]: ??4 [E:26409r S:0 M:25035061] (U) Msg Retransmission to 0:0000000000000000 scheduled for 1489ms from now [State:Active II:500 AI:300 AT:4000]
I chip[EM]: >>> [E:26409r S:0 M:180363927] (U) Msg RX from 0:9E5E9A1699BD3C37 [0000] to 0000000000000000 --- Type 0000:30 (SecureChannel:CASE_Sigma1) (B:196)
I chip[EM]: <<< [E:26409r S:0 M:25035064 (Ack:180363927)] (U) Msg TX from 0000000000000000 to 0:9E5E9A1699BD3C37 [0000] [UDP:[FD7F:4975:D3C5:4F0A:412:E6FF:A34D:FF0F]:55804] --- Type 0000:10 (SecureChannel:StandaloneAck) (B:26)
W(147197) OPENTHREAD:[W] Mle-----------: Failed to process UDP: Duplicated
W(147202) OPENTHREAD:[W] Mle-----------: Failed to process UDP: Duplicated
I chip[EM]: <<4 [E:26409r S:0 M:25035061] (U) Msg Retransmission to 0:0000000000000000
I chip[EM]: ??5 [E:26409r S:0 M:25035061] (U) Msg Retransmission to 0:0000000000000000 scheduled for 1851ms from now [State:Active II:500 AI:300 AT:4000]
I (147900) NimBLE: GATT procedure initiated: indicate; 
I (147900) NimBLE: att_handle=18

I chip[DL]: Confirm received for CHIPoBLE TX characteristic indication (con 0) status= 14 
I chip[EM]: >>> [E:26409r S:0 M:180363927] (U) Msg RX from 0:9E5E9A1699BD3C37 [0000] to 0000000000000000 --- Type 0000:30 (SecureChannel:CASE_Sigma1) (B:196)
I chip[EM]: <<< [E:26409r S:0 M:25035065 (Ack:180363927)] (U) Msg TX from 0000000000000000 to 0:9E5E9A1699BD3C37 [0000] [UDP:[FD7F:4975:D3C5:4F0A:412:E6FF:A34D:FF0F]:55804] --- Type 0000:10 (SecureChannel:StandaloneAck) (B:26)
E chip[EM]: <<5 [E:26409r S:0 M:25035061] (U) Msg Retransmission to 0:0000000000000000 failure (max retries:4)
I (150437) CHIP[DL]: Write request received for CHIPoBLE RX characteristic con 0 16
I (150908) esp_matter_attribute: ********** R : Endpoint 0x0001's Cluster 0x00000402's Attribute 0x00000000 is 1968 **********
I (150908) esp_matter_attribute: ********** W : Endpoint 0x0001's Cluster 0x00000402's Attribute 0x00000000 is 1967 **********
I (150909) esp_matter_attribute: ********** R : Endpoint 0x0002's Cluster 0x00000405's Attribute 0x00000000 is 5585 **********
I (150909) esp_matter_attribute: ********** W : Endpoint 0x0002's Cluster 0x00000405's Attribute 0x00000000 is 5588 **********
I (150910) esp_matter_attribute: ********** R : Endpoint 0x0003's Cluster 0x0000040D's Attribute 0x00000000 is 500.000000 **********
I (150911) esp_clock: RTC 20:11 (PM) | Display 08:11 | Temp 67.4 F | RH 55.9%
I (152939) NimBLE: GATT procedure initiated: indicate; 
I (152939) NimBLE: att_handle=18

I chip[DL]: Confirm received for CHIPoBLE TX characteristic indication (con 0) status= 14 
W(153698) OPENTHREAD:[W] Mle-----------: Failed to process UDP: Duplicated
W(153703) OPENTHREAD:[W] Mle-----------: Failed to process UDP: Duplicated
I(154804) OPENTHREAD:[N] Mle-----------: RLOC16 bc6c -> 7400
I(154805) OPENTHREAD:[N] Mle-----------: Role child -> router
I(154805) OPENTHREAD:[N] Mle-----------: Partition ID 0x305dc21f
I (155477) CHIP[DL]: Write request received for CHIPoBLE RX characteristic con 0 16
W(155613) OPENTHREAD:[W] Mle-----------: Failed to process UDP: Duplicated
W(155620) OPENTHREAD:[W] Mle-----------: Failed to process UDP: Duplicated
I (155928) esp_clock: RTC 20:11 (PM) | Display 08:11 | Temp 67.4 F | RH 55.9%
W(156321) OPENTHREAD:[W] Mle-----------: Failed to process UDP: Duplicated
W(156326) OPENTHREAD:[W] Mle-----------: Failed to process UDP: Duplicated
W(157612) OPENTHREAD:[W] Mle-----------: Failed to process UDP: Duplicated
W(157618) OPENTHREAD:[W] Mle-----------: Failed to process UDP: Duplicated
W(157808) OPENTHREAD:[W] Mle-----------: Failed to process UDP: Duplicated
W(157813) OPENTHREAD:[W] Mle-----------: Failed to process UDP: Duplicated
I (157979) NimBLE: GATT procedure initiated: indicate; 
I (157979) NimBLE: att_handle=18

I chip[DL]: Confirm received for CHIPoBLE TX characteristic indication (con 0) status= 14 
I (160517) CHIP[DL]: Write request received for CHIPoBLE RX characteristic con 0 16
I (160945) esp_clock: RTC 20:11 (PM) | Display 08:11 | Temp 67.4 F | RH 55.9%
W(161383) OPENTHREAD:[W] Mle-----------: Failed to process UDP: Duplicated
W(161613) OPENTHREAD:[W] Mle-----------: Failed to process UDP: Duplicated
I (163019) NimBLE: GATT procedure initiated: indicate; 
I (163019) NimBLE: att_handle=18

I chip[DL]: Confirm received for CHIPoBLE TX characteristic indication (con 0) status= 14 
I (165557) CHIP[DL]: Write request received for CHIPoBLE RX characteristic con 0 16
I (165952) esp_matter_attribute: ********** R : Endpoint 0x0001's Cluster 0x00000402's Attribute 0x00000000 is 1967 **********
I (165952) esp_matter_attribute: ********** W : Endpoint 0x0001's Cluster 0x00000402's Attribute 0x00000000 is 1966 **********
I (165953) esp_matter_attribute: ********** R : Endpoint 0x0002's Cluster 0x00000405's Attribute 0x00000000 is 5588 **********
I (165953) esp_matter_attribute: ********** W : Endpoint 0x0002's Cluster 0x00000405's Attribute 0x00000000 is 5594 **********
I (165954) esp_matter_attribute: ********** R : Endpoint 0x0003's Cluster 0x0000040D's Attribute 0x00000000 is 500.000000 **********
I (165955) esp_clock: RTC 20:11 (PM) | Display 08:11 | Temp 67.4 F | RH 55.9%
I (168059) NimBLE: GATT procedure initiated: indicate; 
I (168059) NimBLE: att_handle=18

I chip[DL]: Confirm received for CHIPoBLE TX characteristic indication (con 0) status= 14 
W(168346) OPENTHREAD:[W] Mle-----------: Failed to process UDP: Duplicated
W(168352) OPENTHREAD:[W] Mle-----------: Failed to process UDP: Duplicated
W(168375) OPENTHREAD:[W] Mle-----------: Failed to process UDP: Duplicated
W(168381) OPENTHREAD:[W] Mle-----------: Failed to process UDP: Duplicated
I (170597) CHIP[DL]: Write request received for CHIPoBLE RX characteristic con 0 16
I (170968) esp_clock: RTC 20:11 (PM) | Display 08:11 | Temp 67.4 F | RH 56.0%
I (173099) NimBLE: GATT procedure initiated: indicate; 
I (173099) NimBLE: att_handle=18

I chip[DL]: Confirm received for CHIPoBLE TX characteristic indication (con 0) status= 14 
I (175638) CHIP[DL]: Write request received for CHIPoBLE RX characteristic con 0 16
I (175983) esp_clock: RTC 20:11 (PM) | Display 08:11 | Temp 67.4 F | RH 56.0%
I (178139) NimBLE: GATT procedure initiated: indicate; 
I (178139) NimBLE: att_handle=18

I chip[DL]: Confirm received for CHIPoBLE TX characteristic indication (con 0) status= 14 
I (180677) CHIP[DL]: Write request received for CHIPoBLE RX characteristic con 0 16
I (180990) esp_matter_attribute: ********** R : Endpoint 0x0001's Cluster 0x00000402's Attribute 0x00000000 is 1966 **********
I (180990) esp_matter_attribute: ********** W : Endpoint 0x0001's Cluster 0x00000402's Attribute 0x00000000 is 1964 **********
I (180991) esp_matter_attribute: ********** R : Endpoint 0x0002's Cluster 0x00000405's Attribute 0x00000000 is 5594 **********
I (180991) esp_matter_attribute: ********** W : Endpoint 0x0002's Cluster 0x00000405's Attribute 0x00000000 is 5598 **********
I (180991) esp_matter_attribute: ********** R : Endpoint 0x0003's Cluster 0x0000040D's Attribute 0x00000000 is 500.000000 **********
I (180994) esp_clock: RTC 20:11 (PM) | Display 08:11 | Temp 67.3 F | RH 56.0%
W(181711) OPENTHREAD:[W] Mle-----------: Failed to process UDP: Duplicated
W(181718) OPENTHREAD:[W] Mle-----------: Failed to process UDP: Duplicated
I (183179) NimBLE: GATT procedure initiated: indicate; 
I (183179) NimBLE: att_handle=18

I chip[DL]: Confirm received for CHIPoBLE TX characteristic indication (con 0) status= 14 
W(184989) OPENTHREAD:[W] Mle-----------: Failed to process UDP: Duplicated
W(184995) OPENTHREAD:[W] Mle-----------: Failed to process UDP: Duplicated
I (185717) CHIP[DL]: Write request received for CHIPoBLE RX characteristic con 0 16
I (186009) esp_clock: RTC 20:11 (PM) | Display 08:11 | Temp 67.3 F | RH 56.0%
I (188219) NimBLE: GATT procedure initiated: indicate; 
I (188219) NimBLE: att_handle=18

I chip[DL]: Confirm received for CHIPoBLE TX characteristic indication (con 0) status= 14 
I (190757) CHIP[DL]: Write request received for CHIPoBLE RX characteristic con 0 16
I (191022) esp_clock: RTC 20:11 (PM) | Display 08:11 | Temp 67.3 F | RH 56.0%
I (193259) NimBLE: GATT procedure initiated: indicate; 
I (193259) NimBLE: att_handle=18

I chip[DL]: Confirm received for CHIPoBLE TX characteristic indication (con 0) status= 14 
E chip[SC]: CASESession timed out while waiting for a response from peer <0000000000000000, 1>. Current state was 2
E chip[IN]: CASE Session establishment failed: 32
I (195797) CHIP[DL]: Write request received for CHIPoBLE RX characteristic con 0 16
I (196028) esp_matter_attribute: ********** R : Endpoint 0x0001's Cluster 0x00000402's Attribute 0x00000000 is 1964 **********
I (196028) esp_matter_attribute: ********** W : Endpoint 0x0001's Cluster 0x00000402's Attribute 0x00000000 is 1961 **********
I (196029) esp_matter_attribute: ********** R : Endpoint 0x0002's Cluster 0x00000405's Attribute 0x00000000 is 5598 **********
I (196029) esp_matter_attribute: ********** W : Endpoint 0x0002's Cluster 0x00000405's Attribute 0x00000000 is 5603 **********
I (196030) esp_matter_attribute: ********** R : Endpoint 0x0003's Cluster 0x0000040D's Attribute 0x00000000 is 500.000000 **********
I (196032) esp_clock: RTC 20:12 (PM) | Display 08:12 | Temp 67.3 F | RH 56.0%
I (198299) NimBLE: GATT procedure initiated: indicate; 
I (198299) NimBLE: att_handle=18

I chip[DL]: Confirm received for CHIPoBLE TX characteristic indication (con 0) status= 14 
I (200837) CHIP[DL]: Write request received for CHIPoBLE RX characteristic con 0 16
I (201044) esp_clock: RTC 20:12 (PM) | Display 08:12 | Temp 67.3 F | RH 56.0%
W(201808) OPENTHREAD:[W] Mle-----------: Failed to process UDP: Duplicated
W(201815) OPENTHREAD:[W] Mle-----------: Failed to process UDP: Duplicated
W(202148) OPENTHREAD:[W] Mle-----------: Failed to process UDP: Duplicated
W(202155) OPENTHREAD:[W] Mle-----------: Failed to process UDP: Duplicated
I (203339) NimBLE: GATT procedure initiated: indicate; 
I (203339) NimBLE: att_handle=18

I chip[DL]: Confirm received for CHIPoBLE TX characteristic indication (con 0) status= 14 
I (205878) CHIP[DL]: Write request received for CHIPoBLE RX characteristic con 0 16
I (206057) esp_clock: RTC 20:12 (PM) | Display 08:12 | Temp 67.3 F | RH 56.0%
I (208379) NimBLE: GATT procedure initiated: indicate; 
I (208379) NimBLE: att_handle=18

I chip[DL]: Confirm received for CHIPoBLE TX characteristic indication (con 0) status= 14 
I (210918) CHIP[DL]: Write request received for CHIPoBLE RX characteristic con 0 16
I (211063) esp_matter_attribute: ********** R : Endpoint 0x0001's Cluster 0x00000402's Attribute 0x00000000 is 1961 **********
I (211063) esp_matter_attribute: ********** W : Endpoint 0x0001's Cluster 0x00000402's Attribute 0x00000000 is 1960 **********
I (211064) esp_matter_attribute: ********** R : Endpoint 0x0002's Cluster 0x00000405's Attribute 0x00000000 is 5603 **********
I (211064) esp_matter_attribute: ********** R : Endpoint 0x0003's Cluster 0x0000040D's Attribute 0x00000000 is 500.000000 **********
I (211066) esp_clock: RTC 20:12 (PM) | Display 08:12 | Temp 67.3 F | RH 56.0%
W(211575) OPENTHREAD:[W] Mle-----------: Failed to process UDP: Duplicated
W(211581) OPENTHREAD:[W] Mle-----------: Failed to process UDP: Duplicated
W(211735) OPENTHREAD:[W] Mle-----------: Failed to process UDP: Duplicated
I (213419) NimBLE: GATT procedure initiated: indicate; 
I (213419) NimBLE: att_handle=18

I chip[DL]: Confirm received for CHIPoBLE TX characteristic indication (con 0) status= 14 
I (215958) CHIP[DL]: Write request received for CHIPoBLE RX characteristic con 0 16
I (216079) esp_clock: RTC 20:12 (PM) | Display 08:12 | Temp 67.3 F | RH 56.1%
I chip[FS]: Fail-safe timer expired
E chip[SVR]: Failsafe timer expired
I chip[SC]: SecureSession[0x40822e98, LSID:29147]: State change 'kActive' --> 'kPendingEviction'
E chip[SVR]: Commissioning failed (attempt 1): 32
I chip[BLE]: Releasing end point's BLE connection back to application.
I chip[DL]: Closing BLE GATT connection (con 0)
I (216473) NimBLE: GAP procedure initiated: terminate connection; conn_handle=0 hci_reason=19

I chip[DIS]: Updating services using commissioning mode 1
I chip[DIS]: Advertise operational node 11166AD2C3262286-0000000019F2BB3D
I chip[DIS]: Advertise commission parameter vendorID=65521 productID=32768 discriminator=3840/15 cm=1 cp=0
I chip[DL]: advertising srp service: 56F1266CD612460E._matterc._udp
I chip[DL]: Write request/command received for CHIPoBLE TX CCCD characteristic (con 0 ) indicate = 0
I chip[DL]: CHIPoBLE unsubscribe received
I chip[DL]: BLE GAP connection terminated (con 0 reason 0x216)
I chip[NP]: Reverting Thread operational dataset
I(216901) OPENTHREAD:[N] Mle-----------: Role router -> detached
I(216901) OPENTHREAD:[N] Mle-----------: Role detached -> disabled
E chip[ZCL]: OpCreds: Got FailSafeTimerExpired
E chip[ZCL]: OpCreds: Proceeding to FailSafeCleanup on fail-safe expiry!
E chip[FP]: Reverting pending fabric data for fabric 0x1
E chip[FP]: Warning: metadata not found during delete of fabric 0x1
I chip[FP]: Fabric (0x1) deleted.
I chip[ZCL]: OpCreds: Fabric index 0x1 was removed
I chip[DIS]: Updating services using commissioning mode 1
I chip[DIS]: Advertise commission parameter vendorID=65521 productID=32768 discriminator=3840/15 cm=1 cp=0
I chip[TS]: Pending Last Known Good Time: 2026-01-25T04:10:01
I chip[TS]: Previous Last Known Good Time: 2026-01-25T03:57:52
I chip[TS]: Reverted Last Known Good Time to previous value
E chip[FP]: Warning: metadata not found during delete of fabric 0x1
I chip[ZCL]: OpCreds: Fabric index 0x1 was removed
I chip[DIS]: Updating services using commissioning mode 1
I chip[DIS]: Advertise commission parameter vendorID=65521 productID=32768 discriminator=3840/15 cm=1 cp=0
E chip[SVR]: Warning, failed to delete GroupDataProvider state for fabric index 0x1: d8
E chip[ZCL]: OpCreds: failed to delete fabric at index 1: d8
I (216938) esp_matter_attribute: ********** R : Endpoint 0x0000's Cluster 0x00000030's Attribute 0x00000000 is 30 **********
I (216938) esp_matter_attribute: ********** W : Endpoint 0x0000's Cluster 0x00000030's Attribute 0x00000000 is 0 **********
I (216940) OT_STATE: netif down
I chip[FS]: Fail-safe cleanly disarmed
I chip[DL]: Configuring CHIPoBLE advertising (interval 25 ms, connectable)
I (216945) NimBLE: GAP procedure initiated: advertise; 
I (216946) NimBLE: disc_mode=2
I (216946) NimBLE:  adv_channel_map=0 own_addr_type=1 adv_filter_policy=0 adv_itvl_min=40 adv_itvl_max=40
I (216946) NimBLE: 

I chip[DL]: CHIPoBLE advertising started
I (216948) esp_matter_core: BLE Disconnected
I chip[DIS]: Updating services using commissioning mode 1
I chip[DIS]: Advertise commission parameter vendorID=65521 productID=32768 discriminator=3840/15 cm=1 cp=0
I chip[DL]: Updating advertising data
I chip[DL]: Configuring CHIPoBLE advertising (interval 25 ms, connectable)
I chip[DL]: Device already advertising, stop active advertisement and restart
I (216953) NimBLE: GAP procedure initiated: stop advertising.

I (216953) NimBLE: GAP procedure initiated: advertise; 
I (216954) NimBLE: disc_mode=2
I (216954) NimBLE:  adv_channel_map=0 own_addr_type=1 adv_filter_policy=0 adv_itvl_min=40 adv_itvl_max=40
I (216954) NimBLE: 

I (221093) esp_clock: RTC 20:12 (PM) | Display 08:12 | Temp 67.3 F | RH 56.0%
I (226098) esp_matter_attribute: ********** R : Endpoint 0x0001's Cluster 0x00000402's Attribute 0x00000000 is 1960 **********
I (226098) esp_matter_attribute: ********** W : Endpoint 0x0001's Cluster 0x00000402's Attribute 0x00000000 is 1959 **********
I (226099) esp_matter_attribute: ********** R : Endpoint 0x0002's Cluster 0x00000405's Attribute 0x00000000 is 5603 **********
I (226099) esp_matter_attribute: ********** W : Endpoint 0x0002's Cluster 0x00000405's Attribute 0x00000000 is 5601 **********
I (226100) esp_matter_attribute: ********** R : Endpoint 0x0003's Cluster 0x0000040D's Attribute 0x00000000 is 500.000000 **********
I (226102) esp_clock: RTC 20:12 (PM) | Display 08:12 | Temp 67.3 F | RH 56.0%
I (231115) esp_clock: RTC 20:12 (PM) | Display 08:12 | Temp 67.3 F | RH 56.0%
I (236127) esp_clock: RTC 20:12 (PM) | Display 08:12 | Temp 67.2 F | RH 56.0%
I (241133) esp_matter_attribute: ********** R : Endpoint 0x0001's Cluster 0x00000402's Attribute 0x00000000 is 1959 **********
I (241133) esp_matter_attribute: ********** W : Endpoint 0x0001's Cluster 0x00000402's Attribute 0x00000000 is 1958 **********
I (241134) esp_matter_attribute: ********** R : Endpoint 0x0002's Cluster 0x00000405's Attribute 0x00000000 is 5601 **********
I (241134) esp_matter_attribute: ********** W : Endpoint 0x0002's Cluster 0x00000405's Attribute 0x00000000 is 5602 **********
I (241135) esp_matter_attribute: ********** R : Endpoint 0x0003's Cluster 0x0000040D's Attribute 0x00000000 is 500.000000 **********
I (241137) esp_clock: RTC 20:12 (PM) | Display 08:12 | Temp 67.2 F | RH 56.0%
I (246148) esp_clock: RTC 20:12 (PM) | Display 08:12 | Temp 67.3 F | RH 56.0%
I chip[DL]: bleAdv Timeout : Start slow advertisement
I chip[DL]: Configuring CHIPoBLE advertising (interval 500 ms, connectable)
I chip[DL]: Device already advertising, stop active advertisement and restart
I (246477) NimBLE: GAP procedure initiated: stop advertising.

I (246478) NimBLE: GAP procedure initiated: advertise; 
I (246478) NimBLE: disc_mode=2
I (246478) NimBLE:  adv_channel_map=0 own_addr_type=1 adv_filter_policy=0 adv_itvl_min=800 adv_itvl_max=800
I (246479) NimBLE: 
